
 Start         Length     Name                   Class
 0001:00401000 00070190H .text                   CODE
 0002:00472000 000007B8H .itext                  ICODE
 0003:00473000 00001F0CH .data                   DATA
 0004:00475000 00003CECH .bss                    BSS
 0005:00000000 00000034H .tls                    TLS


Detailed map of segments

 0001:00000000 000055D1 C=CODE     S=.text    G=(none)   M=System   ACBP=A9
 0001:000055D4 00000105 C=CODE     S=.text    G=(none)   M=SysInit  ACBP=A9
 0001:000056DC 00000058 C=CODE     S=.text    G=(none)   M=Types    ACBP=A9
 0001:00005734 00000BF8 C=CODE     S=.text    G=(none)   M=Windows  ACBP=A9
 0001:0000632C 000002F8 C=CODE     S=.text    G=(none)   M=SysConst ACBP=A9
 0001:00006624 00006A88 C=CODE     S=.text    G=(none)   M=SysUtils ACBP=A9
 0001:0000D0AC 000007EE C=CODE     S=.text    G=(none)   M=VarUtils ACBP=A9
 0001:0000D89C 00002990 C=CODE     S=.text    G=(none)   M=Variants ACBP=A9
 0001:0001022C 00000110 C=CODE     S=.text    G=(none)   M=RTLConsts ACBP=A9
 0001:0001033C 00000887 C=CODE     S=.text    G=(none)   M=TypInfo  ACBP=A9
 0001:00010BC4 0000A3B1 C=CODE     S=.text    G=(none)   M=Classes  ACBP=A9
 0001:0001AF78 00000275 C=CODE     S=.text    G=(none)   M=Contnrs  ACBP=A9
 0001:0001B1F0 00001100 C=CODE     S=.text    G=(none)   M=HelpIntfs ACBP=A9
 0001:0001C2F0 00000772 C=CODE     S=.text    G=(none)   M=MultiMon ACBP=A9
 0001:0001CA64 000000B6 C=CODE     S=.text    G=(none)   M=CommCtrl ACBP=A9
 0001:0001CB1C 000002C8 C=CODE     S=.text    G=(none)   M=Consts   ACBP=A9
 0001:0001CDE4 000011D5 C=CODE     S=.text    G=(none)   M=IniFiles ACBP=A9
 0001:0001DFBC 000005AD C=CODE     S=.text    G=(none)   M=Registry ACBP=A9
 0001:0001E56C 0000773E C=CODE     S=.text    G=(none)   M=Graphics ACBP=A9
 0001:00025CAC 0000016A C=CODE     S=.text    G=(none)   M=SyncObjs ACBP=A9
 0001:00025E18 0000099D C=CODE     S=.text    G=(none)   M=UxTheme  ACBP=A9
 0001:000267B8 00000006 C=CODE     S=.text    G=(none)   M=ShellAPI ACBP=A9
 0001:000267C0 0000AAA9 C=CODE     S=.text    G=(none)   M=StdCtrls ACBP=A9
 0001:0003126C 0000003A C=CODE     S=.text    G=(none)   M=Printers ACBP=A9
 0001:000312A8 00000D59 C=CODE     S=.text    G=(none)   M=GraphUtil ACBP=A9
 0001:00032004 00003416 C=CODE     S=.text    G=(none)   M=ExtCtrls ACBP=A9
 0001:0003541C 00000674 C=CODE     S=.text    G=(none)   M=Dialogs  ACBP=A9
 0001:00035A90 0000003A C=CODE     S=.text    G=(none)   M=Clipbrd  ACBP=A9
 0001:00035ACC 0000012D C=CODE     S=.text    G=(none)   M=StdActns ACBP=A9
 0001:00035BFC 0000030E C=CODE     S=.text    G=(none)   M=FlatSB   ACBP=A9
 0001:00035F0C 00000BEE C=CODE     S=.text    G=(none)   M=Themes   ACBP=A9
 0001:00036AFC 00006B95 C=CODE     S=.text    G=(none)   M=Menus    ACBP=A9
 0001:0003D694 00013DD4 C=CODE     S=.text    G=(none)   M=Controls ACBP=A9
 0001:00051468 00001BD1 C=CODE     S=.text    G=(none)   M=ImgList  ACBP=A9
 0001:0005303C 00001332 C=CODE     S=.text    G=(none)   M=ActnList ACBP=A9
 0001:00054370 0000DFB0 C=CODE     S=.text    G=(none)   M=Forms    ACBP=A9
 0001:00062320 000001D1 C=CODE     S=.text    G=(none)   M=UAddProfile ACBP=A9
 0001:000624F4 00000145 C=CODE     S=.text    G=(none)   M=ModuleLoader ACBP=A9
 0001:0006263C 00000A1B C=CODE     S=.text    G=(none)   M=Hid      ACBP=A9
 0001:00063058 00004DE2 C=CODE     S=.text    G=(none)   M=SetupApi ACBP=A9
 0001:00067E3C 00001FDB C=CODE     S=.text    G=(none)   M=JvHidControllerClass ACBP=A9
 0001:00069E18 0000268D C=CODE     S=.text    G=(none)   M=Buttons  ACBP=A9
 0001:0006C4A8 00001B71 C=CODE     S=.text    G=(none)   M=UHIDMapping ACBP=A9
 0001:0006E01C 0000007C C=CODE     S=.text    G=(none)   M=ExtDlgs  ACBP=A9
 0001:0006E098 00000062 C=CODE     S=.text    G=(none)   M=Mapi     ACBP=A9
 0001:0006E0FC 0000004D C=CODE     S=.text    G=(none)   M=ExtActns ACBP=A9
 0001:0006E14C 00000140 C=CODE     S=.text    G=(none)   M=ComCtrls ACBP=A9
 0001:0006E28C 00001C94 C=CODE     S=.text    G=(none)   M=UHIDMapper ACBP=A9
 0001:0006FF20 00000270 C=CODE     S=.text    G=(none)   M=HIDMapper ACBP=A9
 0002:00000000 00000095 C=ICODE    S=.itext   G=(none)   M=System   ACBP=A9
 0002:00000098 00000011 C=ICODE    S=.itext   G=(none)   M=Windows  ACBP=A9
 0002:000000AC 00000088 C=ICODE    S=.itext   G=(none)   M=SysUtils ACBP=A9
 0002:00000134 0000000F C=ICODE    S=.itext   G=(none)   M=VarUtils ACBP=A9
 0002:00000144 000000AA C=ICODE    S=.itext   G=(none)   M=Variants ACBP=A9
 0002:000001F0 00000008 C=ICODE    S=.itext   G=(none)   M=TypInfo  ACBP=A9
 0002:000001F8 00000092 C=ICODE    S=.itext   G=(none)   M=Classes  ACBP=A9
 0002:0000028C 00000008 C=ICODE    S=.itext   G=(none)   M=HelpIntfs ACBP=A9
 0002:00000294 0000000F C=ICODE    S=.itext   G=(none)   M=MultiMon ACBP=A9
 0002:000002A4 00000008 C=ICODE    S=.itext   G=(none)   M=IniFiles ACBP=A9
 0002:000002AC 00000008 C=ICODE    S=.itext   G=(none)   M=Registry ACBP=A9
 0002:000002B4 000000FB C=ICODE    S=.itext   G=(none)   M=Graphics ACBP=A9
 0002:000003B0 0000001B C=ICODE    S=.itext   G=(none)   M=UxTheme  ACBP=A9
 0002:000003CC 00000008 C=ICODE    S=.itext   G=(none)   M=Printers ACBP=A9
 0002:000003D4 0000007F C=ICODE    S=.itext   G=(none)   M=GraphUtil ACBP=A9
 0002:00000454 00000044 C=ICODE    S=.itext   G=(none)   M=ExtCtrls ACBP=A9
 0002:00000498 0000003D C=ICODE    S=.itext   G=(none)   M=Dialogs  ACBP=A9
 0002:000004D8 00000058 C=ICODE    S=.itext   G=(none)   M=Clipbrd  ACBP=A9
 0002:00000530 0000000F C=ICODE    S=.itext   G=(none)   M=FlatSB   ACBP=A9
 0002:00000540 00000008 C=ICODE    S=.itext   G=(none)   M=Themes   ACBP=A9
 0002:00000548 00000085 C=ICODE    S=.itext   G=(none)   M=Menus    ACBP=A9
 0002:000005D0 0000008F C=ICODE    S=.itext   G=(none)   M=Controls ACBP=A9
 0002:00000660 0000002A C=ICODE    S=.itext   G=(none)   M=ActnList ACBP=A9
 0002:0000068C 0000004C C=ICODE    S=.itext   G=(none)   M=Forms    ACBP=A9
 0002:000006D8 00000025 C=ICODE    S=.itext   G=(none)   M=Buttons  ACBP=A9
 0002:00000700 00000008 C=ICODE    S=.itext   G=(none)   M=UHIDMapping ACBP=A9
 0002:00000708 00000014 C=ICODE    S=.itext   G=(none)   M=ExtDlgs  ACBP=A9
 0002:0000071C 00000008 C=ICODE    S=.itext   G=(none)   M=Mapi     ACBP=A9
 0002:00000724 00000008 C=ICODE    S=.itext   G=(none)   M=ExtActns ACBP=A9
 0002:0000072C 00000008 C=ICODE    S=.itext   G=(none)   M=ComCtrls ACBP=A9
 0002:00000734 00000084 C=ICODE    S=.itext   G=(none)   M=HIDMapper ACBP=A9
 0003:00000000 00000790 C=DATA     S=.data    G=DGROUP   M=System   ACBP=A9
 0003:00000790 00000020 C=DATA     S=.data    G=DGROUP   M=SysInit  ACBP=A9
 0003:000007B0 00000250 C=DATA     S=.data    G=DGROUP   M=SysUtils ACBP=A9
 0003:00000A00 00000008 C=DATA     S=.data    G=DGROUP   M=VarUtils ACBP=A9
 0003:00000A08 0000008E C=DATA     S=.data    G=DGROUP   M=Variants ACBP=A9
 0003:00000A98 0000000C C=DATA     S=.data    G=DGROUP   M=TypInfo  ACBP=A9
 0003:00000AA4 000000E4 C=DATA     S=.data    G=DGROUP   M=Classes  ACBP=A9
 0003:00000B88 00000008 C=DATA     S=.data    G=DGROUP   M=IniFiles ACBP=A9
 0003:00000B90 00000008 C=DATA     S=.data    G=DGROUP   M=Registry ACBP=A9
 0003:00000B98 0000030C C=DATA     S=.data    G=DGROUP   M=Graphics ACBP=A9
 0003:00000EA4 00000144 C=DATA     S=.data    G=DGROUP   M=StdCtrls ACBP=A9
 0003:00000FE8 00000004 C=DATA     S=.data    G=DGROUP   M=Printers ACBP=A9
 0003:00000FEC 00000450 C=DATA     S=.data    G=DGROUP   M=GraphUtil ACBP=A9
 0003:0000143C 00000020 C=DATA     S=.data    G=DGROUP   M=ExtCtrls ACBP=A9
 0003:0000145C 00000074 C=DATA     S=.data    G=DGROUP   M=Dialogs  ACBP=A9
 0003:000014D0 00000068 C=DATA     S=.data    G=DGROUP   M=Themes   ACBP=A9
 0003:00001538 000000F4 C=DATA     S=.data    G=DGROUP   M=Menus    ACBP=A9
 0003:0000162C 0000013C C=DATA     S=.data    G=DGROUP   M=Controls ACBP=A9
 0003:00001768 00000020 C=DATA     S=.data    G=DGROUP   M=ImgList  ACBP=A9
 0003:00001788 00000128 C=DATA     S=.data    G=DGROUP   M=Forms    ACBP=A9
 0003:000018B0 00000004 C=DATA     S=.data    G=DGROUP   M=Hid      ACBP=A9
 0003:000018B4 00000008 C=DATA     S=.data    G=DGROUP   M=SetupApi ACBP=A9
 0003:000018BC 00000010 C=DATA     S=.data    G=DGROUP   M=JvHidControllerClass ACBP=A9
 0003:000018CC 00000088 C=DATA     S=.data    G=DGROUP   M=Buttons  ACBP=A9
 0003:00001954 000000D0 C=DATA     S=.data    G=DGROUP   M=UHIDMapping ACBP=A9
 0003:00001A24 00000018 C=DATA     S=.data    G=DGROUP   M=ExtDlgs  ACBP=A9
 0003:00001A3C 00000008 C=DATA     S=.data    G=DGROUP   M=Mapi     ACBP=A9
 0003:00001A44 00000018 C=DATA     S=.data    G=DGROUP   M=ComCtrls ACBP=A9
 0004:00000000 000027F0 C=BSS      S=.bss     G=DGROUP   M=System   ACBP=A9
 0004:000027F0 0000000C C=BSS      S=.bss     G=DGROUP   M=SysInit  ACBP=A9
 0004:000027FC 00000008 C=BSS      S=.bss     G=DGROUP   M=Windows  ACBP=A9
 0004:00002804 00000A20 C=BSS      S=.bss     G=DGROUP   M=SysUtils ACBP=A9
 0004:00003224 0000005C C=BSS      S=.bss     G=DGROUP   M=VarUtils ACBP=A9
 0004:00003280 00000040 C=BSS      S=.bss     G=DGROUP   M=Variants ACBP=A9
 0004:000032C0 00000004 C=BSS      S=.bss     G=DGROUP   M=TypInfo  ACBP=A9
 0004:000032C4 00000044 C=BSS      S=.bss     G=DGROUP   M=Classes  ACBP=A9
 0004:00003308 00000008 C=BSS      S=.bss     G=DGROUP   M=HelpIntfs ACBP=A9
 0004:00003310 00000031 C=BSS      S=.bss     G=DGROUP   M=MultiMon ACBP=A9
 0004:00003344 00000004 C=BSS      S=.bss     G=DGROUP   M=IniFiles ACBP=A9
 0004:00003348 00000004 C=BSS      S=.bss     G=DGROUP   M=Registry ACBP=A9
 0004:0000334C 00000060 C=BSS      S=.bss     G=DGROUP   M=Graphics ACBP=A9
 0004:000033AC 000000CC C=BSS      S=.bss     G=DGROUP   M=UxTheme  ACBP=A9
 0004:00003478 00000004 C=BSS      S=.bss     G=DGROUP   M=Printers ACBP=A9
 0004:0000347C 00000004 C=BSS      S=.bss     G=DGROUP   M=GraphUtil ACBP=A9
 0004:00003480 00000008 C=BSS      S=.bss     G=DGROUP   M=ExtCtrls ACBP=A9
 0004:00003488 0000000C C=BSS      S=.bss     G=DGROUP   M=Dialogs  ACBP=A9
 0004:00003494 0000000C C=BSS      S=.bss     G=DGROUP   M=Clipbrd  ACBP=A9
 0004:000034A0 00000034 C=BSS      S=.bss     G=DGROUP   M=FlatSB   ACBP=A9
 0004:000034D4 00000008 C=BSS      S=.bss     G=DGROUP   M=Themes   ACBP=A9
 0004:000034DC 00000010 C=BSS      S=.bss     G=DGROUP   M=Menus    ACBP=A9
 0004:000034EC 00000088 C=BSS      S=.bss     G=DGROUP   M=Controls ACBP=A9
 0004:00003574 00000008 C=BSS      S=.bss     G=DGROUP   M=ImgList  ACBP=A9
 0004:0000357C 00000004 C=BSS      S=.bss     G=DGROUP   M=ActnList ACBP=A9
 0004:00003580 00000024 C=BSS      S=.bss     G=DGROUP   M=Forms    ACBP=A9
 0004:000035A4 00000004 C=BSS      S=.bss     G=DGROUP   M=UAddProfile ACBP=A9
 0004:000035A8 000000B8 C=BSS      S=.bss     G=DGROUP   M=Hid      ACBP=A9
 0004:00003660 00000630 C=BSS      S=.bss     G=DGROUP   M=SetupApi ACBP=A9
 0004:00003C90 00000030 C=BSS      S=.bss     G=DGROUP   M=Buttons  ACBP=A9
 0004:00003CC0 00000008 C=BSS      S=.bss     G=DGROUP   M=UHIDMapping ACBP=A9
 0004:00003CC8 00000004 C=BSS      S=.bss     G=DGROUP   M=ExtDlgs  ACBP=A9
 0004:00003CCC 00000004 C=BSS      S=.bss     G=DGROUP   M=Mapi     ACBP=A9
 0004:00003CD0 00000009 C=BSS      S=.bss     G=DGROUP   M=ExtActns ACBP=A9
 0004:00003CDC 0000000C C=BSS      S=.bss     G=DGROUP   M=ComCtrls ACBP=A9
 0004:00003CE8 00000004 C=BSS      S=.bss     G=DGROUP   M=UHIDMapper ACBP=A9
 0005:00000000 00000008 C=TLS      S=.tls     G=(none)   M=System   ACBP=A9
 0005:00000008 00000008 C=TLS      S=.tls     G=(none)   M=Classes  ACBP=A9
 0005:00000010 00000024 C=TLS      S=.tls     G=(none)   M=GraphUtil ACBP=A9


  Address             Publics by Name

 0004:0000357C       ActnList..9
 0001:00053464       ActnList..TActionLink
 0001:0005303C       ActnList..TContainedAction
 0001:0005335C       ActnList..TCustomAction
 0001:00053160       ActnList..TCustomActionList
 0001:00053240       ActnList..TShortCutList
 0002:00000660       ActnList.ActnList
 0001:00054340       ActnList.Finalization
 0001:00053B54       ActnList.TActionLink.IsCaptionLinked
 0001:00053B68       ActnList.TActionLink.IsCheckedLinked
 0001:00053B7C       ActnList.TActionLink.IsEnabledLinked
 0001:00053B90       ActnList.TActionLink.IsGroupIndexLinked
 0001:00053BA4       ActnList.TActionLink.IsHelpContextLinked
 0001:00053BB8       ActnList.TActionLink.IsHelpLinked
 0001:00053BCC       ActnList.TActionLink.IsHintLinked
 0001:00053BE0       ActnList.TActionLink.IsImageIndexLinked
 0001:00053BF4       ActnList.TActionLink.IsShortCutLinked
 0001:00053C08       ActnList.TActionLink.IsVisibleLinked
 0001:00053C1C       ActnList.TActionLink.SetAutoCheck
 0001:00053C20       ActnList.TActionLink.SetCaption
 0001:00053C24       ActnList.TActionLink.SetChecked
 0001:00053C28       ActnList.TActionLink.SetEnabled
 0001:00053C2C       ActnList.TActionLink.SetGroupIndex
 0001:00053C30       ActnList.TActionLink.SetHelpContext
 0001:00053C34       ActnList.TActionLink.SetHelpKeyword
 0001:00053C38       ActnList.TActionLink.SetHelpType
 0001:00053C3C       ActnList.TActionLink.SetHint
 0001:00053C40       ActnList.TActionLink.SetImageIndex
 0001:00053C44       ActnList.TActionLink.SetShortCut
 0001:00053C48       ActnList.TActionLink.SetVisible
 0001:00053534       ActnList.TContainedAction.Destroy
 0001:000536A0       ActnList.TContainedAction.Execute
 0001:00053568       ActnList.TContainedAction.GetIndex
 0001:00053584       ActnList.TContainedAction.GetParentComponent
 0001:00053594       ActnList.TContainedAction.HasParent
 0001:00053580       ActnList.TContainedAction.IsCategoryStored
 0001:000535A4       ActnList.TContainedAction.ReadState
 0001:0005364C       ActnList.TContainedAction.SetActionList
 0001:00053620       ActnList.TContainedAction.SetCategory
 0001:000535D8       ActnList.TContainedAction.SetIndex
 0001:00053674       ActnList.TContainedAction.SetParentComponent
 0001:000536F8       ActnList.TContainedAction.Update
 0001:00053CF0       ActnList.TCustomAction.AssignTo
 0001:00053C4C       ActnList.TCustomAction.Create
 0001:00053CA0       ActnList.TCustomAction.Destroy
 0001:00054210       ActnList.TCustomAction.DoHint
 0001:00054238       ActnList.TCustomAction.Execute
 0001:0005429C       ActnList.TCustomAction.GetSecondaryShortCuts
 0001:000542C4       ActnList.TCustomAction.HandleShortCut
 0001:00053DA0       ActnList.TCustomAction.SetCaption
 0001:00053E00       ActnList.TCustomAction.SetChecked
 0001:00053F08       ActnList.TCustomAction.SetEnabled
 0001:00053FEC       ActnList.TCustomAction.SetHelpContext
 0001:00053F84       ActnList.TCustomAction.SetHelpKeyword
 0001:00054044       ActnList.TCustomAction.SetHint
 0001:000540A4       ActnList.TCustomAction.SetImageIndex
 0001:000541C4       ActnList.TCustomAction.SetName
 0001:00054100       ActnList.TCustomAction.SetShortCut
 0001:00054164       ActnList.TCustomAction.SetVisible
 0001:00053928       ActnList.TCustomActionList.AddAction
 0001:00053964       ActnList.TCustomActionList.Change
 0001:00053750       ActnList.TCustomActionList.Create
 0001:000537BC       ActnList.TCustomActionList.Destroy
 0001:00053A70       ActnList.TCustomActionList.ExecuteAction
 0001:00053884       ActnList.TCustomActionList.GetAction
 0001:00053898       ActnList.TCustomActionList.GetActionCount
 0001:0005380C       ActnList.TCustomActionList.GetChildren
 0001:000538D4       ActnList.TCustomActionList.ImageListChange
 0001:000539CC       ActnList.TCustomActionList.IsShortCut
 0001:000538E0       ActnList.TCustomActionList.Notification
 0001:00053948       ActnList.TCustomActionList.RemoveAction
 0001:00053854       ActnList.TCustomActionList.SetChildOrder
 0001:000538A0       ActnList.TCustomActionList.SetImages
 0001:00053AB0       ActnList.TCustomActionList.SetState
 0001:00053A90       ActnList.TCustomActionList.UpdateAction
 0001:000542D0       ActnList.TShortCutList.Add
 0001:000542FC       ActnList.TShortCutList.IndexOfShortCut
 0004:00003C90       Buttons..5
 0001:0006A040       Buttons..TBitBtn
 0001:00069ED4       Buttons..TBitBtnActionLink
 0001:0006A738       Buttons..TButtonGlyph
 0001:0006A6E0       Buttons..TGlyphCache
 0001:0006A620       Buttons..TGlyphList
 0003:000018F8       Buttons.BitBtnCaptions
 0004:00003C94       Buttons.BitBtnGlyphs
 0003:00001924       Buttons.BitBtnModalResults
 0003:000018CC       Buttons.BitBtnResNames
 0002:000006D8       Buttons.Buttons
 0001:0006C25C       Buttons.DestroyLocals
 0001:0006C470       Buttons.Finalization
 0001:0006A594       Buttons.GetBitBtnGlyph
 0003:00001950       Buttons.GlyphCache
 0001:0006C1A0       Buttons.TBitBtn.ActionChange
 0001:0006B8DC       Buttons.TBitBtn.Click
 0001:0006BDB0       Buttons.TBitBtn.CMEnabledChanged
 0001:0006BD98       Buttons.TBitBtn.CMFontChanged
 0001:0006C278       Buttons.TBitBtn.CMMouseEnter
 0001:0006C2B4       Buttons.TBitBtn.CMMouseLeave
 0001:0006B95C       Buttons.TBitBtn.CNDrawItem
 0001:0006B94C       Buttons.TBitBtn.CNMeasureItem
 0001:0006C11C       Buttons.TBitBtn.CopyImage
 0001:0006B79C       Buttons.TBitBtn.Create
 0001:0006B88C       Buttons.TBitBtn.CreateHandle
 0001:0006B8B8       Buttons.TBitBtn.CreateParams
 0001:0006B850       Buttons.TBitBtn.Destroy
 0001:0006B968       Buttons.TBitBtn.DrawItem
 0001:0006C2E8       Buttons.TBitBtn.GetActionLinkClass
 0001:0006BE14       Buttons.TBitBtn.GetGlyph
 0001:0006C024       Buttons.TBitBtn.GetKind
 0001:0006C0AC       Buttons.TBitBtn.GetNumGlyphs
 0001:0006BDDC       Buttons.TBitBtn.GetPalette
 0001:0006BE20       Buttons.TBitBtn.GlyphChanged
 0001:0006BE2C       Buttons.TBitBtn.IsCustom
 0001:0006BF64       Buttons.TBitBtn.IsCustomCaption
 0001:0006B8C8       Buttons.TBitBtn.SetButtonStyle
 0001:0006BDF0       Buttons.TBitBtn.SetGlyph
 0001:0006BE58       Buttons.TBitBtn.SetKind
 0001:0006C094       Buttons.TBitBtn.SetLayout
 0001:0006C100       Buttons.TBitBtn.SetMargin
 0001:0006C0B8       Buttons.TBitBtn.SetNumGlyphs
 0001:0006C0E8       Buttons.TBitBtn.SetSpacing
 0001:0006BE40       Buttons.TBitBtn.SetStyle
 0001:0006BDC8       Buttons.TBitBtn.WMLButtonDblClk
 0001:0006C2F0       Buttons.TBitBtnActionLink.AssignClient
 0001:0006C314       Buttons.TBitBtnActionLink.Create
 0001:0006C350       Buttons.TBitBtnActionLink.IsImageIndexLinked
 0001:0006C380       Buttons.TBitBtnActionLink.SetImageIndex
 0001:0006B3E4       Buttons.TButtonGlyph.CalcButtonLayout
 0001:0006A9C4       Buttons.TButtonGlyph.Create
 0001:0006ABC4       Buttons.TButtonGlyph.CreateButtonGlyph
 0001:0006AA54       Buttons.TButtonGlyph.Destroy
 0001:0006B728       Buttons.TButtonGlyph.Draw
 0001:0006B198       Buttons.TButtonGlyph.DrawButtonGlyph
 0001:0006B2F4       Buttons.TButtonGlyph.DrawButtonText
 0001:0006AAF4       Buttons.TButtonGlyph.GlyphChanged
 0001:0006AAB0       Buttons.TButtonGlyph.Invalidate
 0001:0006AB24       Buttons.TButtonGlyph.SetGlyph
 0001:0006AB9C       Buttons.TButtonGlyph.SetNumGlyphs
 0001:0006A8C0       Buttons.TGlyphCache.Create
 0001:0006A904       Buttons.TGlyphCache.Destroy
 0001:0006A9B8       Buttons.TGlyphCache.Empty
 0001:0006A934       Buttons.TGlyphCache.GetList
 0001:0006A994       Buttons.TGlyphCache.ReturnList
 0001:0006A864       Buttons.TGlyphList.AddMasked
 0001:0006A818       Buttons.TGlyphList.AllocateIndex
 0001:0006A794       Buttons.TGlyphList.CreateSize
 0001:0006A890       Buttons.TGlyphList.Delete
 0001:0006A7E8       Buttons.TGlyphList.Destroy
 0004:000032D0       Classes..95
 0001:00011164       Classes..EBitsError
 0001:00011054       Classes..EClassNotFound
 0001:0001121C       Classes..EComponentError
 0001:00010E98       Classes..EFCreateError
 0001:00010F4C       Classes..EFilerError
 0001:00010E38       Classes..EFileStreamError
 0001:00010EF4       Classes..EFOpenError
 0001:000112D4       Classes..EInvalidOperation
 0001:0001110C       Classes..EListError
 0001:00011278       Classes..EOutOfResources
 0001:00010FA4       Classes..EReadError
 0001:000110B0       Classes..EResNotFound
 0001:00010DDC       Classes..EStreamError
 0001:000111BC       Classes..EStringListError
 0001:00011E40       Classes..EThread
 0001:00010FFC       Classes..EWriteError
 0001:000121C4       Classes..TBasicAction
 0001:00012144       Classes..TBasicActionLink
 0001:000113F0       Classes..TBits
 0001:00011CEC       Classes..TClassFinder
 0001:00011FE4       Classes..TComponent
 0001:000119E0       Classes..TCustomMemoryStream
 0001:00011D48       Classes..TFiler
 0001:00011958       Classes..TFileStream
 0001:000118E0       Classes..THandleStream
 0001:0001306C       Classes..TIntConst
 0001:00011534       Classes..TInterfacedPersistent
 0001:00011334       Classes..TList
 0001:00011A5C       Classes..TMemoryStream
 0001:00011444       Classes..TPersistent
 0001:00016094       Classes..TPropFixup
 0001:0001610C       Classes..TPropIntfFixup
 0001:00011DAC       Classes..TReader
 0001:00012348       Classes..TRegGroup
 0001:000123A0       Classes..TRegGroups
 0001:00011AD8       Classes..TResourceStream
 0001:00011870       Classes..TStream
 0001:00011C64       Classes..TStreamAdapter
 0001:00011758       Classes..TStringList
 0001:00011620       Classes..TStrings
 0001:00011E94       Classes..TThread
 0001:00011398       Classes..TThreadList
 0001:00013010       Classes.ActivateClassGroup
 0003:00000AA4       Classes.AddDataModule
 0001:0001636C       Classes.AddFinished
 0001:000163A4       Classes.AddNotFinished
 0001:00016F18       Classes.AddSubComponentsToLoaded
 0001:00019474       Classes.AddThread
 0001:0001ADEC       Classes.AllocateHWnd
 0003:00000AB4       Classes.ApplicationHandleException
 0003:00000ABC       Classes.ApplicationShowException
 0001:00013368       Classes.BeginGlobalLoading
 0001:00019360       Classes.BinToHex
 0003:00000B5C       Classes.BlockCode
 0001:0001230C       Classes.Bounds
 0001:0001AD28       Classes.CalcJmpOffset
 0001:00016F54       Classes.CheckSubComponents
 0001:0001948C       Classes.CheckSynchronize
 0002:000001F8       Classes.Classes
 0001:00012DD4       Classes.ClassNotFound
 0001:00017034       Classes.ComponentCreated
 0003:00000AD8       Classes.Convert
 0003:00000AE8       Classes.Convert
 0001:000170B4       Classes.CreateComponent
 0001:0001AEA0       Classes.DeallocateHWnd
 0001:00019428       Classes.DoneThreadSynchronization
 0001:000141E0       Classes.DoWrite
 0001:000133F0       Classes.EndGlobalLoading
 0001:00012974       Classes.Error
 0001:00015ECC       Classes.Error
 0003:00000ACC       Classes.FilerSignature
 0001:0001AEC8       Classes.Finalization
 0001:00012E94       Classes.FindClass
 0001:00017264       Classes.FindExistingComponent
 0001:00013280       Classes.FindGlobalComponent
 0004:000032DC       Classes.FindGlobalComponentProcs
 0001:00013128       Classes.FindIdentToInt
 0001:000162A0       Classes.FindNestedComponent
 0001:000181B4       Classes.FindUniqueName
 0001:0001AC94       Classes.FreeIntConstList
 0001:0001ADC8       Classes.FreeObjectInstance
 0001:00012E40       Classes.GetClass
 0001:00012DC8       Classes.GetFieldClassTable
 0004:000032E0       Classes.GlobalFixupList
 0001:000163EC       Classes.GlobalFixupReferences
 0005:0000000C       Classes.GlobalLists
 0005:00000008       Classes.GlobalLoaded
 0004:000032C4       Classes.GlobalNameSpace
 0001:00012FBC       Classes.GroupDescendentsWith
 0001:000179D8       Classes.HandleException
 0001:0001939C       Classes.HexToBin
 0001:000131A4       Classes.IdentToInt
 0001:0001344C       Classes.InitComponent
 0001:000134F4       Classes.InitInheritedComponent
 0001:000193F4       Classes.InitThreadSynchronization
 0004:00003300       Classes.InstBlockList
 0004:00003304       Classes.InstFreeList
 0004:000032D4       Classes.IntConstList
 0001:000132E4       Classes.InternalReadComponentRes
 0001:000131E4       Classes.IntToIdent
 0001:00012334       Classes.InvalidPoint
 0001:000132C0       Classes.IsUniqueGlobalComponentName
 0004:000032C8       Classes.IsUniqueGlobalComponentNameProc
 0001:0001AD30       Classes.MakeObjectInstance
 0001:00013B64       Classes.Min
 0001:0001AD00       Classes.ModuleUnload
 0003:00000AD0       Classes.NilMethod
 0001:000133C0       Classes.NotifyGlobalLoading
 0001:000122BC       Classes.Point
 0001:00012700       Classes.PointerInModule
 0001:0001670C       Classes.PropertyNotFound
 0001:00017AD8       Classes.PropPathError
 0001:00016700       Classes.PropValueError
 0001:000156BC       Classes.RaiseException
 0001:00018D68       Classes.ReadCustomVariant
 0001:000166E8       Classes.ReadError
 0001:00017054       Classes.Recover
 0001:000122E4       Classes.Rect
 0004:000032D8       Classes.RegGroups
 0001:00012EB4       Classes.RegisterClass
 0001:00013228       Classes.RegisterFindGlobalComponentProc
 0001:000130FC       Classes.RegisterIntegerConsts
 0003:00000AAC       Classes.RemoveDataModule
 0001:000165B8       Classes.RemoveFixupReferences
 0001:00016664       Classes.RemoveFixups
 0001:000169FC       Classes.RemoveGlobalFixup
 0001:00019480       Classes.RemoveThread
 0001:00019440       Classes.ResetSyncEvent
 0001:0001368C       Classes.ReturnAddr
 0001:00014340       Classes.ReturnAddr
 0001:000171C4       Classes.SetCompName
 0001:00016738       Classes.SetElementValue
 0001:00017DDC       Classes.SetInterfaceReference
 0001:00017CF8       Classes.SetIntIdent
 0001:00017D40       Classes.SetObjectIdent
 0001:00016FCC       Classes.SetSubComponentState
 0001:00017D80       Classes.SetVariantReference
 0001:00019468       Classes.SignalSyncEvent
 0001:00018888       Classes.SkipBinary
 0001:000188B8       Classes.SkipCollection
 0001:00018860       Classes.SkipList
 0001:000122D4       Classes.SmallPoint
 0001:00012F70       Classes.StartClassGroup
 0001:0001AD08       Classes.StdWndProc
 0001:000154E4       Classes.StringListCompareStrings
 0004:000032CC       Classes.SyncEvent
 0003:00000B58       Classes.SyncList
 0001:0001A700       Classes.TBasicAction.Change
 0001:0001A594       Classes.TBasicAction.Create
 0001:0001A5D8       Classes.TBasicAction.Destroy
 0001:0001A66C       Classes.TBasicAction.Execute
 0001:0001A63C       Classes.TBasicAction.ExecuteTarget
 0001:0001A638       Classes.TBasicAction.HandlesTarget
 0001:0001A640       Classes.TBasicAction.Notification
 0001:0001A714       Classes.TBasicAction.RegisterChanges
 0001:0001A760       Classes.TBasicAction.SetActionComponent
 0001:0001A6A4       Classes.TBasicAction.SetOnExecute
 0001:0001A720       Classes.TBasicAction.UnRegisterChanges
 0001:0001A688       Classes.TBasicAction.Update
 0001:0001A668       Classes.TBasicAction.UpdateTarget
 0001:0001A4E4       Classes.TBasicActionLink.AssignClient
 0001:0001A51C       Classes.TBasicActionLink.Change
 0001:0001A4A0       Classes.TBasicActionLink.Create
 0001:0001A4E8       Classes.TBasicActionLink.Destroy
 0001:0001A534       Classes.TBasicActionLink.Execute
 0001:0001A57C       Classes.TBasicActionLink.IsOnExecuteLinked
 0001:0001A550       Classes.TBasicActionLink.SetAction
 0001:0001A580       Classes.TBasicActionLink.SetOnExecute
 0001:0001A588       Classes.TBasicActionLink.Update
 0001:00013B1C       Classes.TBits.Destroy
 0001:00013B4C       Classes.TBits.Error
 0001:00013C40       Classes.TBits.GetBit
 0001:00013C58       Classes.TBits.OpenBit
 0001:00013C14       Classes.TBits.SetBit
 0001:00013B70       Classes.TBits.SetSize
 0001:00012BE4       Classes.TClassFinder.Create
 0001:00012D10       Classes.TClassFinder.Destroy
 0001:00012D40       Classes.TClassFinder.GetClass
 0001:00013F58       Classes.TCollection.Add
 0001:00013F78       Classes.TCollection.Clear
 0001:00019D38       Classes.TComponent.BeforeDestruction
 0001:0001A270       Classes.TComponent.ChangeName
 0001:00019C70       Classes.TComponent.Create
 0001:0001A000       Classes.TComponent.DefineProperties
 0001:00019CBC       Classes.TComponent.Destroy
 0001:00019EC8       Classes.TComponent.DestroyComponents
 0001:00019F24       Classes.TComponent.Destroying
 0001:0001A3AC       Classes.TComponent.ExecuteAction
 0001:0001A190       Classes.TComponent.FindComponent
 0001:00019D44       Classes.TComponent.FreeNotification
 0001:0001A094       Classes.TComponent.GetChildOwner
 0001:0001A098       Classes.TComponent.GetChildParent
 0001:0001A08C       Classes.TComponent.GetChildren
 0001:0001A284       Classes.TComponent.GetComponent
 0001:0001A2B0       Classes.TComponent.GetComponentCount
 0001:0001A09C       Classes.TComponent.GetNamePath
 0001:0001A0B0       Classes.TComponent.GetOwner
 0001:0001A0B8       Classes.TComponent.GetParentComponent
 0001:0001A088       Classes.TComponent.HasParent
 0001:00019DD8       Classes.TComponent.Insert
 0001:00019E2C       Classes.TComponent.InsertComponent
 0001:0001A49C       Classes.TComponent.IntfGetComponent
 0001:0001A0D8       Classes.TComponent.Loaded
 0001:00019FA0       Classes.TComponent.Notification
 0001:0001A0E4       Classes.TComponent.PaletteCreated
 0001:0001A41C       Classes.TComponent.QueryInterface
 0001:00019D98       Classes.TComponent.ReadLeft
 0001:0001A0E8       Classes.TComponent.ReadState
 0001:00019DAC       Classes.TComponent.ReadTop
 0001:00019E04       Classes.TComponent.Remove
 0001:00019E90       Classes.TComponent.RemoveComponent
 0001:00019F84       Classes.TComponent.RemoveFreeNotification
 0001:00019F60       Classes.TComponent.RemoveNotification
 0001:0001A3FC       Classes.TComponent.SafeCallException
 0001:0001A0B4       Classes.TComponent.SetChildOrder
 0001:0001A2C0       Classes.TComponent.SetComponentIndex
 0001:0001A314       Classes.TComponent.SetDesigning
 0001:0001A1E0       Classes.TComponent.SetName
 0001:0001A0BC       Classes.TComponent.SetParentComponent
 0001:0001A364       Classes.TComponent.SetReference
 0001:0001A3D4       Classes.TComponent.UpdateAction
 0001:0001A0CC       Classes.TComponent.Updated
 0001:0001A414       Classes.TComponent.UpdateRegistry
 0001:0001A0C0       Classes.TComponent.Updating
 0001:0001A178       Classes.TComponent.ValidateContainer
 0001:0001A18C       Classes.TComponent.ValidateInsert
 0001:0001A0F8       Classes.TComponent.ValidateRename
 0001:00019DC0       Classes.TComponent.WriteLeft
 0001:0001A0F0       Classes.TComponent.WriteState
 0001:00019DCC       Classes.TComponent.WriteTop
 0001:0001A45C       Classes.TComponent._AddRef
 0001:0001A47C       Classes.TComponent._Release
 0001:00015C78       Classes.TCustomMemoryStream.Read
 0001:00015CB0       Classes.TCustomMemoryStream.Seek
 0001:00015C70       Classes.TCustomMemoryStream.SetPointer
 0001:00016020       Classes.TFiler.Create
 0001:00016068       Classes.TFiler.Destroy
 0001:00016090       Classes.TFiler.SetRoot
 0001:00015A84       Classes.TFileStream.Create
 0001:00015AC8       Classes.TFileStream.Create
 0001:00015C3C       Classes.TFileStream.Destroy
 0001:000159C0       Classes.THandleStream.Create
 0001:000159FC       Classes.THandleStream.Read
 0001:00015A1C       Classes.THandleStream.Seek
 0001:00015A48       Classes.THandleStream.SetSize
 0001:00015A5C       Classes.THandleStream.SetSize
 0001:00015A0C       Classes.THandleStream.Write
 0004:000032FC       Classes.ThreadCount
 0004:000032E4       Classes.ThreadLock
 0001:00019664       Classes.ThreadProc
 0001:000130C4       Classes.TIntConst.Create
 0001:00013EA0       Classes.TInterfacedPersistent.AfterConstruction
 0001:00013F30       Classes.TInterfacedPersistent.QueryInterface
 0001:00013EF0       Classes.TInterfacedPersistent._AddRef
 0001:00013F10       Classes.TInterfacedPersistent._Release
 0001:000135DC       Classes.TList.Add
 0001:00013610       Classes.TList.Clear
 0001:00013628       Classes.TList.Delete
 0001:000135BC       Classes.TList.Destroy
 0001:000136C8       Classes.TList.Error
 0001:00013690       Classes.TList.Error
 0001:0001371C       Classes.TList.Expand
 0001:00013734       Classes.TList.First
 0001:0001373C       Classes.TList.Get
 0001:00013764       Classes.TList.Grow
 0001:00013798       Classes.TList.IndexOf
 0001:000137B8       Classes.TList.Insert
 0001:00013824       Classes.TList.Last
 0001:00013950       Classes.TList.Notify
 0001:00013830       Classes.TList.Put
 0001:00013880       Classes.TList.Remove
 0001:000138A0       Classes.TList.SetCapacity
 0001:000138DC       Classes.TList.SetCount
 0001:00015D00       Classes.TMemoryStream.Clear
 0001:00015CD4       Classes.TMemoryStream.Destroy
 0001:00015D18       Classes.TMemoryStream.LoadFromStream
 0001:00015DA4       Classes.TMemoryStream.Realloc
 0001:00015D50       Classes.TMemoryStream.SetCapacity
 0001:00015D78       Classes.TMemoryStream.SetSize
 0001:00015E24       Classes.TMemoryStream.Write
 0001:00013CFC       Classes.TPersistent.Assign
 0001:00013D10       Classes.TPersistent.AssignError
 0001:00013DE0       Classes.TPersistent.AssignTo
 0001:00013DE8       Classes.TPersistent.DefineProperties
 0001:00013CD0       Classes.TPersistent.Destroy
 0001:00013DEC       Classes.TPersistent.GetNamePath
 0001:00013E9C       Classes.TPersistent.GetOwner
 0001:0001616C       Classes.TPropFixup.Create
 0001:000161C4       Classes.TPropFixup.MakeGlobalReference
 0001:0001620C       Classes.TPropFixup.ResolveReference
 0001:0001621C       Classes.TPropIntfFixup.ResolveReference
 0001:0001678C       Classes.TReader.CheckValue
 0001:000167EC       Classes.TReader.DefineBinaryProperty
 0001:000167B0       Classes.TReader.DefineProperty
 0001:00016750       Classes.TReader.Destroy
 0001:00016A78       Classes.TReader.DoFixupReferences
 0001:000168D4       Classes.TReader.EndOfList
 0001:000168E8       Classes.TReader.Error
 0001:00018BB4       Classes.TReader.FindAncestorComponent
 0001:00018CAC       Classes.TReader.FindComponentClass
 0001:00016994       Classes.TReader.FindMethod
 0001:0001690C       Classes.TReader.FindMethodInstance
 0001:00016BBC       Classes.TReader.FlushBuffer
 0001:00016BE0       Classes.TReader.FreeFixups
 0001:00016C1C       Classes.TReader.GetFieldClass
 0001:00016CB4       Classes.TReader.GetPosition
 0001:00016CCC       Classes.TReader.NextValue
 0001:00016CDC       Classes.TReader.PropertyError
 0001:00016CF0       Classes.TReader.Read
 0001:00016D78       Classes.TReader.ReadBoolean
 0001:00016D3C       Classes.TReader.ReadBuffer
 0001:00016D8C       Classes.TReader.ReadChar
 0001:00016E48       Classes.TReader.ReadCollection
 0001:00017308       Classes.TReader.ReadComponent
 0001:00017748       Classes.TReader.ReadCurrency
 0001:00017548       Classes.TReader.ReadData
 0001:000175B8       Classes.TReader.ReadDataInner
 0001:00017798       Classes.TReader.ReadDate
 0001:000176C0       Classes.TReader.ReadDouble
 0001:00017688       Classes.TReader.ReadFloat
 0001:000177DC       Classes.TReader.ReadIdent
 0001:00017944       Classes.TReader.ReadInt64
 0001:000178D8       Classes.TReader.ReadInteger
 0001:00017988       Classes.TReader.ReadListBegin
 0001:00017990       Classes.TReader.ReadListEnd
 0001:00017998       Classes.TReader.ReadPrefix
 0001:00017AF4       Classes.TReader.ReadProperty
 0001:00017E9C       Classes.TReader.ReadPropValue
 0001:00018214       Classes.TReader.ReadRootComponent
 0001:00018548       Classes.TReader.ReadSet
 0001:00018604       Classes.TReader.ReadSignature
 0001:00017704       Classes.TReader.ReadSingle
 0001:00018628       Classes.TReader.ReadStr
 0001:00018664       Classes.TReader.ReadString
 0001:00018804       Classes.TReader.ReadValue
 0001:00018F30       Classes.TReader.ReadVariant
 0001:00016DEC       Classes.TReader.ReadWideChar
 0001:00018720       Classes.TReader.ReadWideString
 0001:00018C6C       Classes.TReader.ReferenceName
 0001:00018C84       Classes.TReader.SetName
 0001:00018D20       Classes.TReader.SkipBytes
 0001:00018B0C       Classes.TReader.SkipComponent
 0001:00018AC4       Classes.TReader.SkipProperty
 0001:00018818       Classes.TReader.SkipSetBody
 0001:00018914       Classes.TReader.SkipValue
 0001:000123F8       Classes.TRegGroup.AddClass
 0001:00012404       Classes.TRegGroup.BestClass
 0001:00012464       Classes.TRegGroup.BestGroup
 0001:000124D4       Classes.TRegGroup.Create
 0001:00012530       Classes.TRegGroup.Destroy
 0001:00012570       Classes.TRegGroup.GetClass
 0001:000125D8       Classes.TRegGroup.InGroup
 0001:0001261C       Classes.TRegGroup.RegisterClass
 0001:000126DC       Classes.TRegGroup.Registered
 0001:00012720       Classes.TRegGroup.UnregisterModuleClasses
 0001:000127CC       Classes.TRegGroups.Activate
 0001:00012818       Classes.TRegGroups.Create
 0001:0001288C       Classes.TRegGroups.Destroy
 0001:000128EC       Classes.TRegGroups.FindGroup
 0001:00012930       Classes.TRegGroups.GetClass
 0001:00012A04       Classes.TRegGroups.GroupWith
 0001:00012AD0       Classes.TRegGroups.Lock
 0001:00012ADC       Classes.TRegGroups.RegisterClass
 0001:00012AF4       Classes.TRegGroups.Registered
 0001:00012B38       Classes.TRegGroups.StartGroup
 0001:00012B88       Classes.TRegGroups.Unlock
 0001:00012B94       Classes.TRegGroups.UnregisterModuleClasses
 0001:00015E74       Classes.TResourceStream.Create
 0001:00015FD8       Classes.TResourceStream.Destroy
 0001:00015F6C       Classes.TResourceStream.Initialize
 0001:00016008       Classes.TResourceStream.Write
 0001:0001586C       Classes.TStream.CopyFrom
 0001:000155D0       Classes.TStream.GetPosition
 0001:00015604       Classes.TStream.GetSize
 0001:000157FC       Classes.TStream.ReadBuffer
 0001:00015960       Classes.TStream.ReadComponent
 0001:00015708       Classes.TStream.Seek
 0001:0001578C       Classes.TStream.Seek
 0001:000155F0       Classes.TStream.SetPosition
 0001:00015650       Classes.TStream.SetSize
 0001:00015668       Classes.TStream.SetSize
 0001:00015654       Classes.TStream.SetSize64
 0001:00015834       Classes.TStream.WriteBuffer
 0001:0001AC7C       Classes.TStreamAdapter.Clone
 0001:0001ABD0       Classes.TStreamAdapter.Commit
 0001:0001A9C8       Classes.TStreamAdapter.CopyTo
 0001:0001A78C       Classes.TStreamAdapter.Create
 0001:0001A7D8       Classes.TStreamAdapter.Destroy
 0001:0001ABE8       Classes.TStreamAdapter.LockRegion
 0001:0001A810       Classes.TStreamAdapter.Read
 0001:0001ABDC       Classes.TStreamAdapter.Revert
 0001:0001A8E0       Classes.TStreamAdapter.Seek
 0001:0001A964       Classes.TStreamAdapter.SetSize
 0001:0001AC00       Classes.TStreamAdapter.Stat
 0001:0001ABF4       Classes.TStreamAdapter.UnlockRegion
 0001:0001A878       Classes.TStreamAdapter.Write
 0001:00014F50       Classes.TStringList.Add
 0001:00014F60       Classes.TStringList.AddObject
 0001:00014FC4       Classes.TStringList.Changed
 0001:00014FE0       Classes.TStringList.Changing
 0001:00014FFC       Classes.TStringList.Clear
 0001:0001554C       Classes.TStringList.CompareStrings
 0001:00015514       Classes.TStringList.CustomSort
 0001:0001503C       Classes.TStringList.Delete
 0001:00014EF4       Classes.TStringList.Destroy
 0001:000150A8       Classes.TStringList.Exchange
 0001:00015104       Classes.TStringList.ExchangeItems
 0001:00015128       Classes.TStringList.Find
 0001:000151AC       Classes.TStringList.Get
 0001:000151E0       Classes.TStringList.GetCapacity
 0001:000151E4       Classes.TStringList.GetCount
 0001:000151E8       Classes.TStringList.GetObject
 0001:00015210       Classes.TStringList.Grow
 0001:00015244       Classes.TStringList.IndexOf
 0001:00015280       Classes.TStringList.Insert
 0001:000152E4       Classes.TStringList.InsertItem
 0001:00015290       Classes.TStringList.InsertObject
 0001:00015360       Classes.TStringList.Put
 0001:000153BC       Classes.TStringList.PutObject
 0001:000153FC       Classes.TStringList.QuickSort
 0001:00015490       Classes.TStringList.SetCapacity
 0001:000154AC       Classes.TStringList.SetSorted
 0001:000154CC       Classes.TStringList.SetUpdateState
 0001:00015504       Classes.TStringList.Sort
 0001:00014010       Classes.TStrings.Add
 0001:00014034       Classes.TStrings.AddObject
 0001:00014058       Classes.TStrings.AddStrings
 0001:00014110       Classes.TStrings.Assign
 0001:000141C8       Classes.TStrings.BeginUpdate
 0001:00014E7C       Classes.TStrings.CompareStrings
 0001:00014238       Classes.TStrings.DefineProperties
 0001:00013FE0       Classes.TStrings.Destroy
 0001:00014284       Classes.TStrings.EndUpdate
 0001:00014298       Classes.TStrings.Equals
 0001:0001437C       Classes.TStrings.Error
 0001:00014344       Classes.TStrings.Error
 0001:000143D4       Classes.TStrings.Exchange
 0001:000144C0       Classes.TStrings.GetCapacity
 0001:00014E1C       Classes.TStrings.GetLineBreak
 0001:00014EC0       Classes.TStrings.GetNameValueSeparator
 0001:000144C8       Classes.TStrings.GetObject
 0001:000144CC       Classes.TStrings.GetText
 0001:00014520       Classes.TStrings.GetTextStr
 0001:00014658       Classes.TStrings.IndexOf
 0001:000146E4       Classes.TStrings.IndexOfName
 0001:000147B8       Classes.TStrings.IndexOfObject
 0001:000147EC       Classes.TStrings.InsertObject
 0001:0001481C       Classes.TStrings.LoadFromFile
 0001:00014870       Classes.TStrings.LoadFromStream
 0001:0001491C       Classes.TStrings.Move
 0001:000149CC       Classes.TStrings.Put
 0001:000149FC       Classes.TStrings.PutObject
 0001:00014A00       Classes.TStrings.ReadData
 0001:00014AB0       Classes.TStrings.SaveToFile
 0001:00014B08       Classes.TStrings.SaveToStream
 0001:00014B68       Classes.TStrings.SetCapacity
 0001:00014E50       Classes.TStrings.SetLineBreak
 0001:00014ED8       Classes.TStrings.SetNameValueSeparator
 0001:00014B6C       Classes.TStrings.SetStringsAdapter
 0001:00014BA0       Classes.TStrings.SetText
 0001:00014BF0       Classes.TStrings.SetTextStr
 0001:00014D94       Classes.TStrings.SetUpdateState
 0001:00014D98       Classes.TStrings.WriteData
 0001:00019850       Classes.TThread.AfterConstruction
 0001:000198F0       Classes.TThread.CallOnTerminate
 0001:000198D8       Classes.TThread.CheckThreadError
 0001:0001985C       Classes.TThread.CheckThreadError
 0001:0001970C       Classes.TThread.Create
 0001:000197DC       Classes.TThread.Destroy
 0001:00019904       Classes.TThread.DoTerminate
 0001:00019918       Classes.TThread.RemoveQueuedEvents
 0001:00019B9C       Classes.TThread.Resume
 0001:00019B74       Classes.TThread.Synchronize
 0001:000199D8       Classes.TThread.Synchronize
 0001:00019BC4       Classes.TThread.Terminate
 0001:00019BCC       Classes.TThread.WaitFor
 0001:00013A24       Classes.TThreadList.Add
 0001:00013954       Classes.TThreadList.Create
 0001:000139A8       Classes.TThreadList.Destroy
 0001:00013AAC       Classes.TThreadList.LockList
 0001:00013AC0       Classes.TThreadList.Remove
 0001:00013B10       Classes.TThreadList.UnlockList
 0001:00019150       Classes.TWriter.Write
 0001:000191B4       Classes.TWriter.WriteBoolean
 0001:0001919C       Classes.TWriter.WriteBuffer
 0001:000191C8       Classes.TWriter.WriteInteger
 0001:0001923C       Classes.TWriter.WriteListBegin
 0001:00019244       Classes.TWriter.WriteListEnd
 0001:0001924C       Classes.TWriter.WriteMinStr
 0001:000192F8       Classes.TWriter.WriteString
 0001:0001934C       Classes.TWriter.WriteValue
 0001:00013268       Classes.UnregisterFindGlobalComponentProc
 0001:00012F24       Classes.UnRegisterModuleClasses
 0003:00000B60       Classes.UtilWindowClass
 0001:0001944C       Classes.WaitForSyncEvent
 0003:00000AC4       Classes.WakeMainThread
 0004:00003498       Clipbrd..2
 0004:00003496       Clipbrd.CF_COMPONENT
 0004:00003494       Clipbrd.CF_PICTURE
 0002:000004D8       Clipbrd.Clipbrd
 0004:0000349C       Clipbrd.FClipboard
 0001:00035A90       Clipbrd.Finalization
 0004:00003CDC       ComCtrls..76
 0001:0006E14C       ComCtrls..TConversion
 0002:0000072C       ComCtrls.ComCtrls
 0001:0006E214       ComCtrls.Finalization
 0004:00003CE4       ComCtrls.FRichEditModule
 0003:00001A44       ComCtrls.RTFConversionFormat
 0004:00003CE0       ComCtrls.ShellModule
 0001:0006E1EC       ComCtrls.TConversion.ConvertReadStream
 0001:0006E200       ComCtrls.TConversion.ConvertWriteStream
 0003:00001A50       ComCtrls.TextConversionFormat
 0001:0001CA7C       CommCtrl.ImageList_Add
 0001:0001CABC       CommCtrl.ImageList_BeginDrag
 0001:0001CA64       CommCtrl.ImageList_Create
 0001:0001CA6C       CommCtrl.ImageList_Destroy
 0001:0001CACC       CommCtrl.ImageList_DragEnter
 0001:0001CAD4       CommCtrl.ImageList_DragLeave
 0001:0001CADC       CommCtrl.ImageList_DragMove
 0001:0001CAE4       CommCtrl.ImageList_DragShowNolock
 0001:0001CA94       CommCtrl.ImageList_Draw
 0001:0001CAA4       CommCtrl.ImageList_DrawEx
 0001:0001CAC4       CommCtrl.ImageList_EndDrag
 0001:0001CA8C       CommCtrl.ImageList_GetBkColor
 0001:0001CAEC       CommCtrl.ImageList_GetDragImage
 0001:0001CAB4       CommCtrl.ImageList_GetIcon
 0001:0001CB04       CommCtrl.ImageList_GetIconSize
 0001:0001CA74       CommCtrl.ImageList_GetImageCount
 0001:0001CAF4       CommCtrl.ImageList_Read
 0001:0001CAAC       CommCtrl.ImageList_Remove
 0001:0001CA9C       CommCtrl.ImageList_Replace
 0001:0001CA84       CommCtrl.ImageList_SetBkColor
 0001:0001CB0C       CommCtrl.ImageList_SetIconSize
 0001:0001CAFC       CommCtrl.ImageList_Write
 0001:0001CB14       CommCtrl._TrackMouseEvent
 0001:0001AF78       Contnrs..TObjectList
 0001:0001AFE0       Contnrs..TOrderedList
 0001:0001B048       Contnrs..TStack
 0001:0001B0A8       Contnrs.TObjectList.Create
 0001:0001B0E4       Contnrs.TObjectList.GetItem
 0001:0001B0F8       Contnrs.TObjectList.Notify
 0001:0001B13C       Contnrs.TOrderedList.Create
 0001:0001B180       Contnrs.TOrderedList.Destroy
 0001:0001B1B0       Contnrs.TOrderedList.PeekItem
 0001:0001B124       Contnrs.TOrderedList.Pop
 0001:0001B1C4       Contnrs.TOrderedList.PopItem
 0001:0001B12C       Contnrs.TOrderedList.Push
 0001:0001B1E4       Contnrs.TStack.PushItem
 0004:000034FC       Controls..33
 0001:0003D7C8       Controls..TBaseDragControlObject
 0001:0003EB54       Controls..TControl
 0001:0003DC98       Controls..TControlActionLink
 0001:0003DB10       Controls..TControlCanvas
 0001:0003F91C       Controls..TCustomControl
 0001:0003DBB0       Controls..TCustomControlAction
 0001:00040148       Controls..TCustomListControl
 0001:000402D8       Controls..TCustomMultiSelectListControl
 0001:00040050       Controls..TDockTree
 0001:0003FF04       Controls..TDockZone
 0001:0003D88C       Controls..TDragControlObject
 0001:0003D918       Controls..TDragControlObjectEx
 0001:0003D9A8       Controls..TDragDockObject
 0001:0003DA70       Controls..TDragDockObjectEx
 0001:0003FC18       Controls..TDragImageList
 0001:0003D724       Controls..TDragObject
 0001:0003F7F8       Controls..TGraphicControl
 0001:0003FA88       Controls..THintWindow
 0001:0003FCE4       Controls..TImageList
 0001:0003E0E8       Controls..TMargins
 0001:000400F4       Controls..TMouse
 0001:0003E200       Controls..TPadding
 0001:00040994       Controls..TSiteList
 0001:0003DF9C       Controls..TSizeConstraints
 0001:0003F3E8       Controls..TWinControl
 0001:0003EFC4       Controls..TWinControlActionLink
 0001:00041004       Controls.AbsMin
 0004:00003530       Controls.ActiveDrag
 0001:0004734C       Controls.AlignWork
 0003:00001638       Controls.AnchorAlign
 0003:0000162C       Controls.AnimateWindowProc
 0003:00001734       Controls.AnimationStyle
 0001:00043F54       Controls.BackgroundClipped
 0001:000505B8       Controls.CalcSplitterPos
 0001:000420A8       Controls.CancelDrag
 0004:00003544       Controls.CanvasList
 0003:000016F0       Controls.CaptureControl
 0001:00040484       Controls.ChangeBiDiModeAlignment
 0001:00041D10       Controls.CheckUndock
 0001:0004D3FC       Controls.ClientToWindow
 0004:00003502       Controls.ControlAtom
 0004:00003508       Controls.ControlAtomString
 0002:000005D0       Controls.Controls
 0003:00001630       Controls.CreationControl
 0003:0000172C       Controls.Ctl3DStyles
 0003:00001640       Controls.Cursors
 0001:0004082C       Controls.CursorToIdent
 0003:00001634       Controls.DefaultDockTreeClass
 0001:000482D8       Controls.DestroyChildWindow
 0001:000471C0       Controls.DoAlign
 0001:0004BD18       Controls.DoCalcConstraints
 0004:00003538       Controls.DockSiteList
 0001:00049008       Controls.DoControlMsg
 0001:00041618       Controls.DoDragOver
 0001:0004E0C0       Controls.DoFindControlZone
 0001:0004E7E8       Controls.DoFindZone
 0001:0004E144       Controls.DoForEach
 0001:0004FD8C       Controls.DoGetNextLimit
 0001:00050DC4       Controls.DoneControls
 0001:00047178       Controls.DoPosition
 0001:0004F29C       Controls.DoPrune
 0001:0004F7B0       Controls.DoSaveZone
 0001:0004FA74       Controls.DoSetNewBounds
 0001:00047F84       Controls.DoWriteDesignSize
 0001:000452CC       Controls.DoWriteExplicit
 0001:00045298       Controls.DoWriteIsControl
 0004:0000351C       Controls.DragCapture
 0004:00003510       Controls.DragControl
 0001:00041D84       Controls.DragDone
 0001:000415C8       Controls.DragFindTarget
 0001:0004159C       Controls.DragFindWindow
 0004:00003534       Controls.DragImageList
 0001:000419DC       Controls.DragInit
 0001:00041B4C       Controls.DragInitControl
 0004:00003518       Controls.DragInternalObject
 0001:000414E4       Controls.DragMessage
 0004:00003514       Controls.DragObject
 0004:00003540       Controls.DragSave
 0004:00003528       Controls.DragSaveCursor
 0004:00003520       Controls.DragStartPos
 0004:0000352C       Controls.DragThreshold
 0001:000416F4       Controls.DragTo
 0001:0004ED20       Controls.DrawCloseButton
 0001:0004EDB4       Controls.DrawGrabberLine
 0001:0004EE3C       Controls.DrawThemedGrabber
 0003:0000171C       Controls.EdgeStyles
 0001:00051400       Controls.Finalization
 0001:000405DC       Controls.FindControl
 0001:000420F4       Controls.FindDragTarget
 0001:000420C0       Controls.FindVCLWindow
 0001:000421B8       Controls.FreeDeviceContext
 0001:00042274       Controls.FreeDeviceContexts
 0001:00040928       Controls.GetCaptureControl
 0001:00046FE8       Controls.GetClientSize
 0001:000486F8       Controls.GetControlAtPos
 0001:0004FE6C       Controls.GetDockAlign
 0001:00041334       Controls.GetDockSiteAtPos
 0001:00041654       Controls.GetDropCtl
 0001:0004DDF0       Controls.GetLastChildZone
 0001:00040890       Controls.GetLongHint
 0001:0004084C       Controls.GetShortHint
 0001:00040A34       Controls.GetTopParent
 0001:0004FEE8       Controls.HideZone
 0001:0004083C       Controls.IdentToCursor
 0003:0000175C       Controls.IMM32DLL
 0001:00050DB0       Controls.Imm32IsIME
 0001:00050E4C       Controls.InitControls
 0001:00050A54       Controls.InitIMM32
 0001:00040498       Controls.InitWndProc
 0003:000016FC       Controls.InnerStyles
 0001:00047048       Controls.InsertBefore
 0001:000410E8       Controls.IsBeforeTargetWindow
 0001:0004153C       Controls.IsDelphiHandle
 0001:0004D824       Controls.IsOrientationSet
 0001:000412F0       Controls.IsSiteChildOfClient
 0001:00040638       Controls.IsVCLControl
 0004:000034F0       Controls.IsVCLControlHook
 0001:00042140       Controls.ListAdd
 0001:00042168       Controls.ListRemove
 0003:00001748       Controls.MakeLast
 0001:00046390       Controls.MinVar
 0003:00001760       Controls.ModeMap
 0004:000034EC       Controls.Mouse
 0001:00042188       Controls.MoveWindowOrg
 0004:000034F8       Controls.NewStyleControls
 0001:0004D808       Controls.NextVisibleZone
 0001:000405A8       Controls.ObjectFromHWnd
 0003:00001740       Controls.OrientArray
 0003:0000170C       Controls.OuterStyles
 0001:0004DC18       Controls.ParentNotLast
 0001:000408D4       Controls.PerformEraseBackground
 0001:00047F70       Controls.PointsEqual
 0004:0000353C       Controls.QualifyingSites
 0001:0004E984       Controls.ReadControlName
 0001:00041488       Controls.RegisterDockSite
 0004:0000350C       Controls.RM_GetObjectInstance
 0001:00040668       Controls.SendAppMessage
 0001:00040950       Controls.SetCaptureControl
 0001:00050CD8       Controls.SetImeMode
 0003:000016F4       Controls.ShowFlags
 0001:0004FF68       Controls.ShowZone
 0003:00001754       Controls.SizeCursors
 0001:00040E04       Controls.TBaseDragControlObject.Assign
 0001:00040DE0       Controls.TBaseDragControlObject.Create
 0001:00040E30       Controls.TBaseDragControlObject.EndDrag
 0001:00040E54       Controls.TBaseDragControlObject.Finished
 0001:000460C0       Controls.TControl.ActionChange
 0001:000464B0       Controls.TControl.AdjustSize
 0001:000462E4       Controls.TControl.AssignTo
 0001:000442AC       Controls.TControl.BeginAutoDrag
 0001:000442C8       Controls.TControl.BeginDrag
 0001:00043DEC       Controls.TControl.BringToFront
 0001:00044D10       Controls.TControl.CalcCursorPos
 0001:00044E78       Controls.TControl.CalcDockSizes
 0001:00044C10       Controls.TControl.CanAutoSize
 0001:00044C14       Controls.TControl.CanResize
 0001:00043784       Controls.TControl.Changed
 0001:00043794       Controls.TControl.ChangeScale
 0001:00045888       Controls.TControl.CheckNewSize
 0001:0004567C       Controls.TControl.Click
 0001:0004360C       Controls.TControl.ClientToScreen
 0001:00045E18       Controls.TControl.CMBiDiModeChanged
 0001:00045D44       Controls.TControl.CMColorChanged
 0001:00045F48       Controls.TControl.CMDesignHitTest
 0001:00045D24       Controls.TControl.CMEnabledChanged
 0001:00046060       Controls.TControl.CMFloat
 0001:00045D34       Controls.TControl.CMFontChanged
 0001:0004653C       Controls.TControl.CMHintShow
 0001:00045EC8       Controls.TControl.CMHitTest
 0001:000466F0       Controls.TControl.CMMouseActivate
 0001:00045ED0       Controls.TControl.CMMouseEnter
 0001:00045F0C       Controls.TControl.CMMouseLeave
 0001:00045DA8       Controls.TControl.CMMouseWheel
 0001:00045D84       Controls.TControl.CMParentBiDiModeChanged
 0001:00045D54       Controls.TControl.CMParentColorChanged
 0001:00045E74       Controls.TControl.CMParentFontChanged
 0001:00045E38       Controls.TControl.CMParentShowHintChanged
 0001:00045EA4       Controls.TControl.CMSysFontChanged
 0001:00045CFC       Controls.TControl.CMVisibleChanged
 0001:00044CE0       Controls.TControl.ConstrainedResize
 0001:000429E4       Controls.TControl.Create
 0001:00045F50       Controls.TControl.CreateFloatingDockSite
 0001:000456E8       Controls.TControl.DblClick
 0001:00044750       Controls.TControl.DefaultDockImage
 0001:000451F0       Controls.TControl.DefaultHandler
 0001:000454EC       Controls.TControl.DefineProperties
 0001:00044D3C       Controls.TControl.DesignWndProc
 0001:00042ADC       Controls.TControl.Destroy
 0001:000461C0       Controls.TControl.DoActionChange
 0001:00044C44       Controls.TControl.DoCanAutoSize
 0001:00044CB0       Controls.TControl.DoCanResize
 0001:000432DC       Controls.TControl.Dock
 0001:0004454C       Controls.TControl.DockTrackNoTarget
 0001:00044D70       Controls.TControl.DoConstrainedResize
 0001:00044C00       Controls.TControl.DoConstraintsChange
 0001:000466B0       Controls.TControl.DoContextPopup
 0001:0004340C       Controls.TControl.DoDock
 0001:0004489C       Controls.TControl.DoDragMsg
 0001:00044564       Controls.TControl.DoEndDock
 0001:0004444C       Controls.TControl.DoEndDrag
 0001:00046714       Controls.TControl.DoMarginChange
 0001:000445B0       Controls.TControl.DoMouseActivate
 0001:00045740       Controls.TControl.DoMouseDown
 0001:00045AB8       Controls.TControl.DoMouseUp
 0001:000445E4       Controls.TControl.DoMouseWheel
 0001:000446B8       Controls.TControl.DoMouseWheelDown
 0001:00044704       Controls.TControl.DoMouseWheelUp
 0001:00044590       Controls.TControl.DoStartDock
 0001:0004442C       Controls.TControl.DoStartDrag
 0001:000443B4       Controls.TControl.DragCanceled
 0001:00044400       Controls.TControl.DragDrop
 0001:000443B8       Controls.TControl.Dragging
 0001:000443C4       Controls.TControl.DragOver
 0001:0004487C       Controls.TControl.DrawDragDockImage
 0001:000464D0       Controls.TControl.DrawTextBiDiModeFlags
 0001:00046510       Controls.TControl.DrawTextBiDiModeFlagsReadingOnly
 0001:0004488C       Controls.TControl.EraseDragDockImage
 0001:00043C3C       Controls.TControl.FontChanged
 0001:00042C64       Controls.TControl.GetAction
 0001:000461E4       Controls.TControl.GetActionLinkClass
 0001:00046728       Controls.TControl.GetAlignWithMargins
 0001:0004349C       Controls.TControl.GetBoundsRect
 0001:0004353C       Controls.TControl.GetClientHeight
 0001:0004357C       Controls.TControl.GetClientOrigin
 0001:000434E0       Controls.TControl.GetClientRect
 0001:000434F8       Controls.TControl.GetClientWidth
 0001:0004425C       Controls.TControl.GetControlsAlignment
 0001:00043EAC       Controls.TControl.GetDeviceContext
 0001:000463CC       Controls.TControl.GetDockEdge
 0001:00042BA4       Controls.TControl.GetDragImages
 0001:00042BA8       Controls.TControl.GetEnabled
 0001:0004647C       Controls.TControl.GetFloating
 0001:000464A8       Controls.TControl.GetFloatingDockSiteClass
 0001:00043DB4       Controls.TControl.GetMouseCapture
 0001:00042BB0       Controls.TControl.GetPalette
 0001:00042BBC       Controls.TControl.GetParentComponent
 0001:00045880       Controls.TControl.GetPopupMenu
 0001:00043B8C       Controls.TControl.GetText
 0001:00043B0C       Controls.TControl.GetTextBuf
 0001:00043AFC       Controls.TControl.GetTextLen
 0001:00043B18       Controls.TControl.GetUndockHeight
 0001:00043B2C       Controls.TControl.GetUndockWidth
 0001:00042BB4       Controls.TControl.HasParent
 0001:0004652C       Controls.TControl.InitiateAction
 0001:0004406C       Controls.TControl.Invalidate
 0001:00043FE0       Controls.TControl.InvalidateControl
 0001:00042D90       Controls.TControl.IsAnchorsStored
 0001:00043CB0       Controls.TControl.IsBiDiModeStored
 0001:000461EC       Controls.TControl.IsCaptionStored
 0001:00043D48       Controls.TControl.IsColorStored
 0001:0004620C       Controls.TControl.IsEnabledStored
 0001:00043C90       Controls.TControl.IsFontStored
 0001:0004624C       Controls.TControl.IsHelpContextStored
 0001:0004622C       Controls.TControl.IsHintStored
 0001:0004628C       Controls.TControl.IsOnClickStored
 0001:00043CA4       Controls.TControl.IsShowHintStored
 0001:0004626C       Controls.TControl.IsVisibleStored
 0001:000462AC       Controls.TControl.Loaded
 0001:0004498C       Controls.TControl.ManualDock
 0001:00044B6C       Controls.TControl.ManualFloat
 0001:00044080       Controls.TControl.MouseActivate
 0001:00045708       Controls.TControl.MouseDown
 0001:000459D4       Controls.TControl.MouseMove
 0001:00045A80       Controls.TControl.MouseUp
 0001:000440C8       Controls.TControl.MouseWheelHandler
 0001:00042EA8       Controls.TControl.Notification
 0001:00042BE8       Controls.TControl.PaletteChanged
 0001:00044E44       Controls.TControl.Perform
 0001:00044478       Controls.TControl.PositionDockRect
 0001:00046804       Controls.TControl.ReadExplicitHeight
 0001:0004681C       Controls.TControl.ReadExplicitLeft
 0001:000467EC       Controls.TControl.ReadExplicitTop
 0001:000467C4       Controls.TControl.ReadExplicitWidth
 0001:00045278       Controls.TControl.ReadIsControl
 0001:00042E14       Controls.TControl.ReadState
 0001:00044154       Controls.TControl.Refresh
 0001:00044160       Controls.TControl.Repaint
 0001:00042DE4       Controls.TControl.RequestAlign
 0001:00042DF4       Controls.TControl.Resize
 0001:00043638       Controls.TControl.ScaleConstraints
 0001:000436BC       Controls.TControl.ScreenToClient
 0001:000436E8       Controls.TControl.SendCancelMode
 0001:00043718       Controls.TControl.SendDockNotification
 0001:00042D14       Controls.TControl.SetAction
 0001:00042F00       Controls.TControl.SetAlign
 0001:00046730       Controls.TControl.SetAlignWithMargins
 0001:00042C74       Controls.TControl.SetAnchors
 0001:00043958       Controls.TControl.SetAutoSize
 0001:00043C20       Controls.TControl.SetBiDiMode
 0001:00042FE8       Controls.TControl.SetBounds
 0001:000434BC       Controls.TControl.SetBoundsRect
 0001:00043554       Controls.TControl.SetClientHeight
 0001:00043A18       Controls.TControl.SetClientSize
 0001:00043510       Controls.TControl.SetClientWidth
 0001:00043D2C       Controls.TControl.SetColor
 0001:000466E4       Controls.TControl.SetConstraints
 0001:00043D98       Controls.TControl.SetCursor
 0001:00042DA8       Controls.TControl.SetDesignVisible
 0001:00042DE0       Controls.TControl.SetDragMode
 0001:00043AE4       Controls.TControl.SetEnabled
 0001:00043C80       Controls.TControl.SetFont
 0001:000432A8       Controls.TControl.SetHeight
 0001:00043464       Controls.TControl.SetHelpContext
 0001:00043478       Controls.TControl.SetHelpKeyword
 0001:0004320C       Controls.TControl.SetLeft
 0001:0004671C       Controls.TControl.SetMargins
 0001:00043DC4       Controls.TControl.SetMouseCapture
 0001:00043974       Controls.TControl.SetName
 0001:00043A60       Controls.TControl.SetParent
 0001:00043D74       Controls.TControl.SetParentBiDiMode
 0001:00043D50       Controls.TControl.SetParentColor
 0001:00042BC0       Controls.TControl.SetParentComponent
 0001:00043CB8       Controls.TControl.SetParentFont
 0001:00043D00       Controls.TControl.SetParentShowHint
 0001:00043B40       Controls.TControl.SetPopupMenu
 0001:00043CDC       Controls.TControl.SetShowHint
 0001:00043BBC       Controls.TControl.SetText
 0001:00043B68       Controls.TControl.SetTextBuf
 0001:00043240       Controls.TControl.SetTop
 0001:00043AAC       Controls.TControl.SetVisible
 0001:00043274       Controls.TControl.SetWidth
 0001:00043E88       Controls.TControl.SetZOrder
 0001:00043E00       Controls.TControl.SetZOrderPosition
 0001:00044140       Controls.TControl.Update
 0001:00043088       Controls.TControl.UpdateAnchorRules
 0001:00044EEC       Controls.TControl.UpdateBoundsRect
 0001:00046760       Controls.TControl.UpdateExplicitBounds
 0001:00044278       Controls.TControl.UseRightToLeftAlignment
 0001:00044260       Controls.TControl.UseRightToLeftReading
 0001:00044290       Controls.TControl.UseRightToLeftScrollBar
 0001:00044F1C       Controls.TControl.VisibleChanging
 0001:00045C0C       Controls.TControl.WMCancelMode
 0001:0004656C       Controls.TControl.WMContextMenu
 0001:0004582C       Controls.TControl.WMLButtonDblClk
 0001:000457C4       Controls.TControl.WMLButtonDown
 0001:00045AF0       Controls.TControl.WMLButtonUp
 0001:000459A8       Controls.TControl.WMMButtonDblClk
 0001:0004597C       Controls.TControl.WMMButtonDown
 0001:00045B94       Controls.TControl.WMMButtonUp
 0001:00045A08       Controls.TControl.WMMouseMove
 0001:00045BB4       Controls.TControl.WMMouseWheel
 0001:00045810       Controls.TControl.WMNCLButtonDown
 0001:00045950       Controls.TControl.WMRButtonDblClk
 0001:00045924       Controls.TControl.WMRButtonDown
 0001:00045B74       Controls.TControl.WMRButtonUp
 0001:00045C4C       Controls.TControl.WMWindowPosChanged
 0001:00044F20       Controls.TControl.WndProc
 0001:000467A4       Controls.TControl.WriteExplicitHeight
 0001:000467B4       Controls.TControl.WriteExplicitLeft
 0001:00046794       Controls.TControl.WriteExplicitTop
 0001:000467DC       Controls.TControl.WriteExplicitWidth
 0001:0004528C       Controls.TControl.WriteIsControl
 0001:00042590       Controls.TControlActionLink.AssignClient
 0001:000425AC       Controls.TControlActionLink.DoShowHint
 0001:0004269C       Controls.TControlActionLink.IsCaptionLinked
 0001:00042710       Controls.TControlActionLink.IsDropdownMenuLinked
 0001:00042724       Controls.TControlActionLink.IsEnabledLinked
 0001:00042758       Controls.TControlActionLink.IsEnableDropdownLinked
 0001:000428F8       Controls.TControlActionLink.IsHelpLinked
 0001:0004276C       Controls.TControlActionLink.IsHintLinked
 0001:00042818       Controls.TControlActionLink.IsOnExecuteLinked
 0001:000427A4       Controls.TControlActionLink.IsPopupMenuLinked
 0001:000427E4       Controls.TControlActionLink.IsVisibleLinked
 0001:00042840       Controls.TControlActionLink.SetCaption
 0001:00042860       Controls.TControlActionLink.SetDropdownMenu
 0001:00042864       Controls.TControlActionLink.SetEnabled
 0001:00042884       Controls.TControlActionLink.SetEnableDropdown
 0001:00042980       Controls.TControlActionLink.SetHelpContext
 0001:00042960       Controls.TControlActionLink.SetHelpKeyword
 0001:000429A0       Controls.TControlActionLink.SetHelpType
 0001:00042888       Controls.TControlActionLink.SetHint
 0001:000428CC       Controls.TControlActionLink.SetOnExecute
 0001:000429C0       Controls.TControlActionLink.SetPopupMenu
 0001:000428AC       Controls.TControlActionLink.SetVisible
 0001:0004234C       Controls.TControlCanvas.CreateHandle
 0001:00042320       Controls.TControlCanvas.Destroy
 0001:000423F4       Controls.TControlCanvas.FreeHandle
 0001:00042428       Controls.TControlCanvas.SetControl
 0001:00042440       Controls.TControlCanvas.UpdateTextFlags
 0001:0004D6AC       Controls.TCustomControl.Create
 0001:0004D708       Controls.TCustomControl.Destroy
 0001:0004D804       Controls.TCustomControl.Paint
 0001:0004D758       Controls.TCustomControl.PaintWindow
 0001:0004D738       Controls.TCustomControl.WMPaint
 0001:00051018       Controls.TCustomListControl.MoveSelection
 0001:000503C0       Controls.TDockTree.ActualSize
 0001:0004E090       Controls.TDockTree.AdjustDockRect
 0001:00050454       Controls.TDockTree.AdjustFrameRect
 0001:0004E0A8       Controls.TDockTree.BeginUpdate
 0001:000500A0       Controls.TDockTree.ControlVisibilityChanged
 0001:0004DED4       Controls.TDockTree.Create
 0001:0004E03C       Controls.TDockTree.Destroy
 0001:0004FCA0       Controls.TDockTree.DrawSizeSplitter
 0001:0004E0AC       Controls.TDockTree.EndUpdate
 0001:0004E75C       Controls.TDockTree.FindControlAtPos
 0001:0004E118       Controls.TDockTree.FindControlZone
 0001:0004E180       Controls.TDockTree.ForEachAt
 0001:0004E198       Controls.TDockTree.GetControlBounds
 0001:0004FE1C       Controls.TDockTree.GetNextLimit
 0001:0004E20C       Controls.TDockTree.HitTest
 0001:0004E21C       Controls.TDockTree.InsertControl
 0001:0004E438       Controls.TDockTree.InsertNewParent
 0001:0004E5E0       Controls.TDockTree.InsertSibling
 0001:0004E8FC       Controls.TDockTree.InternalHitTest
 0001:0004E9CC       Controls.TDockTree.LoadFromStream
 0001:00050494       Controls.TDockTree.MouseDown
 0001:00050648       Controls.TDockTree.MouseMove
 0001:00050698       Controls.TDockTree.MouseUp
 0001:0004EE98       Controls.TDockTree.PaintDockFrame
 0001:0004EFEC       Controls.TDockTree.PaintSite
 0001:0004F120       Controls.TDockTree.PositionDockRect
 0001:0004F2D0       Controls.TDockTree.PruneZone
 0001:00050428       Controls.TDockTree.ReferenceFromOrient
 0001:000503F0       Controls.TDockTree.RelativeSize
 0001:0004F32C       Controls.TDockTree.RemoveControl
 0001:0004F36C       Controls.TDockTree.RemoveZone
 0001:0004F60C       Controls.TDockTree.ResetBounds
 0001:0004F8C0       Controls.TDockTree.SaveToStream
 0001:0004F6F4       Controls.TDockTree.ScaleZone
 0001:0004FAFC       Controls.TDockTree.SetNewBounds
 0001:0004FB2C       Controls.TDockTree.SetReplacingControl
 0001:0004FB44       Controls.TDockTree.ShiftZone
 0001:0005070C       Controls.TDockTree.ShowHint
 0001:0004FB78       Controls.TDockTree.SplitterMouseDown
 0001:0004FBD8       Controls.TDockTree.SplitterMouseUp
 0001:0004FC54       Controls.TDockTree.UpdateAll
 0001:0004FC7C       Controls.TDockTree.UpdateZone
 0001:0004FC8C       Controls.TDockTree.WindowProc
 0001:00050128       Controls.TDockTree.WndProc
 0001:0004E658       Controls.TDockTree.ZoneCaptionHitTest
 0001:0004D848       Controls.TDockZone.Create
 0001:0004DE00       Controls.TDockZone.ExpandZoneLimit
 0001:0004DEC8       Controls.TDockZone.FirstVisibleChild
 0001:0004D86C       Controls.TDockZone.GetChildCount
 0001:0004DB50       Controls.TDockZone.GetControlName
 0001:0004D9F0       Controls.TDockZone.GetHeightWidth
 0001:0004D8DC       Controls.TDockZone.GetLimitBegin
 0001:0004D924       Controls.TDockZone.GetLimitSize
 0001:0004D96C       Controls.TDockZone.GetTopLeft
 0001:0004D8A4       Controls.TDockZone.GetVisible
 0001:0004D880       Controls.TDockZone.GetVisibleChildCount
 0001:0004DDC4       Controls.TDockZone.GetZoneLimit
 0001:0004DEA0       Controls.TDockZone.NextVisible
 0001:0004DEAC       Controls.TDockZone.PrevVisible
 0001:0004DAA8       Controls.TDockZone.ResetChildren
 0001:0004DE40       Controls.TDockZone.ResetZoneLimits
 0001:0004DB94       Controls.TDockZone.SetControlName
 0001:0004DDEC       Controls.TDockZone.SetZoneLimit
 0001:0004DC48       Controls.TDockZone.Update
 0001:00040E88       Controls.TDragControlObject.GetDragCursor
 0001:00040EA0       Controls.TDragControlObject.GetDragImages
 0001:00040EAC       Controls.TDragControlObject.HideDragImage
 0001:00040ECC       Controls.TDragControlObject.ShowDragImage
 0001:00040EEC       Controls.TDragControlObjectEx.BeforeDestruction
 0001:00041028       Controls.TDragDockObject.AdjustDockRect
 0001:00040F88       Controls.TDragDockObject.Assign
 0001:00040EF0       Controls.TDragDockObject.Create
 0001:00040F58       Controls.TDragDockObject.Destroy
 0001:000410A4       Controls.TDragDockObject.DrawDragDockImage
 0001:00040FE8       Controls.TDragDockObject.EndDrag
 0001:000410B8       Controls.TDragDockObject.EraseDragDockImage
 0001:000410CC       Controls.TDragDockObject.GetDragCursor
 0001:000410D8       Controls.TDragDockObject.GetEraseWhenMoving
 0001:000410DC       Controls.TDragDockObject.GetFrameWidth
 0001:000410E4       Controls.TDragDockObjectEx.BeforeDestruction
 0001:0004D4EC       Controls.TDragImageList.BeginDrag
 0001:0004D560       Controls.TDragImageList.DragLock
 0001:0004D5E8       Controls.TDragImageList.DragMove
 0001:0004D5C4       Controls.TDragImageList.DragUnlock
 0001:0004D65C       Controls.TDragImageList.EndDrag
 0001:0004D4C0       Controls.TDragImageList.GetHotSpot
 0001:0004D644       Controls.TDragImageList.HideDragImage
 0001:0004D43C       Controls.TDragImageList.Initialize
 0001:0004D49C       Controls.TDragImageList.SetDragCursor
 0001:0004D454       Controls.TDragImageList.SetDragImage
 0001:0004D62C       Controls.TDragImageList.ShowDragImage
 0001:00040DD0       Controls.TDragObject.AfterConstruction
 0001:00040B7C       Controls.TDragObject.Assign
 0001:00040DC0       Controls.TDragObject.BeforeDestruction
 0001:00040BBC       Controls.TDragObject.Capture
 0001:00040BD4       Controls.TDragObject.Finished
 0001:00040D4C       Controls.TDragObject.GetDragCursor
 0001:00040D48       Controls.TDragObject.GetDragImages
 0001:00040BDC       Controls.TDragObject.GetName
 0001:00040D64       Controls.TDragObject.HideDragImage
 0001:00040D68       Controls.TDragObject.Instance
 0001:00040D74       Controls.TDragObject.MainWndProc
 0001:00040C04       Controls.TDragObject.ReleaseCapture
 0001:00040D70       Controls.TDragObject.ShowDragImage
 0001:00040C18       Controls.TDragObject.WndProc
 0001:0004CCBC       Controls.TGraphicControl.Create
 0001:0004CD18       Controls.TGraphicControl.Destroy
 0001:0004CE00       Controls.TGraphicControl.Paint
 0001:0004CD58       Controls.TGraphicControl.WMPaint
 0001:0004D0F0       Controls.THintWindow.ActivateHint
 0001:0004D2E4       Controls.THintWindow.ActivateHintData
 0001:0004D30C       Controls.THintWindow.CalcHintRect
 0001:0004D058       Controls.THintWindow.CMTextChanged
 0001:0004CE04       Controls.THintWindow.Create
 0001:0004CE70       Controls.THintWindow.CreateParams
 0001:0004CFE8       Controls.THintWindow.IsHintMsg
 0001:0004D368       Controls.THintWindow.NCPaint
 0001:0004CF40       Controls.THintWindow.Paint
 0001:0004D04C       Controls.THintWindow.ReleaseHandle
 0001:0004D3F8       Controls.THintWindow.ShouldHideHint
 0001:0004CED4       Controls.THintWindow.WMNCHitTest
 0001:0004CEDC       Controls.THintWindow.WMNCPaint
 0001:0004D3D4       Controls.THintWindow.WMPrint
 0001:00051078       Controls.TMargins.AssignTo
 0001:000510C0       Controls.TMargins.Change
 0001:00051034       Controls.TMargins.Create
 0001:00051238       Controls.TMargins.GetControlBound
 0001:000510D4       Controls.TMargins.InitDefaults
 0001:0005114C       Controls.TMargins.SetControlBounds
 0001:000510F4       Controls.TMargins.SetMargin
 0001:00050800       Controls.TMouse.Create
 0001:00050890       Controls.TMouse.CreatePanningWindow
 0001:000508BC       Controls.TMouse.Destroy
 0001:000508EC       Controls.TMouse.GetCapture
 0001:000508F4       Controls.TMouse.GetCursorPos
 0001:00050904       Controls.TMouse.GetIsDragging
 0001:00050910       Controls.TMouse.GetIsPanning
 0001:00050934       Controls.TMouse.GetMouseData
 0001:00050950       Controls.TMouse.GetNativeData
 0001:00050980       Controls.TMouse.GetRegisteredData
 0001:000509A8       Controls.TMouse.SetCapture
 0001:000509D0       Controls.TMouse.SetPanningWindow
 0001:000509F0       Controls.TMouse.SettingChanged
 0001:000513FC       Controls.TPadding.InitDefaults
 0001:0004A6B0       Controls.TraverseControls
 0003:00001750       Controls.TreeStreamEndFlag
 0001:00040A60       Controls.TSiteList.AddSite
 0001:00040AE4       Controls.TSiteList.Clear
 0001:000409FC       Controls.TSiteList.Find
 0001:00040B18       Controls.TSiteList.GetTopSite
 0001:000424A8       Controls.TSizeConstraints.AssignTo
 0001:0004257C       Controls.TSizeConstraints.Change
 0001:0004246C       Controls.TSizeConstraints.Create
 0001:000424F0       Controls.TSizeConstraints.SetConstraints
 0001:0004C2A4       Controls.TWinControl.ActionChange
 0001:00047B40       Controls.TWinControl.AddBiDiModeExStyle
 0001:00046BD8       Controls.TWinControl.AdjustClientRect
 0001:0004B80C       Controls.TWinControl.AdjustSize
 0001:000474A4       Controls.TWinControl.AlignControl
 0001:000473A0       Controls.TWinControl.AlignControls
 0001:00046C08       Controls.TWinControl.ArrangeControl
 0001:0004C2EC       Controls.TWinControl.AssignTo
 0001:00047A3C       Controls.TWinControl.Broadcast
 0001:0004BDDC       Controls.TWinControl.CalcConstraints
 0001:0004C31C       Controls.TWinControl.CanAutoSize
 0001:0004B5C8       Controls.TWinControl.CanFocus
 0001:0004BD10       Controls.TWinControl.CanResize
 0001:0004B18C       Controls.TWinControl.ChangeScale
 0001:0004A9D8       Controls.TWinControl.CMBiDiModeChanged
 0001:0004AC34       Controls.TWinControl.CMBorderChanged
 0001:0004AAB0       Controls.TWinControl.CMChanged
 0001:0004AAC4       Controls.TWinControl.CMChildKey
 0001:0004AB90       Controls.TWinControl.CMColorChanged
 0001:0004AD74       Controls.TWinControl.CMControlListChange
 0001:0004AD88       Controls.TWinControl.CMControlListChanging
 0001:0004AC74       Controls.TWinControl.CMCtl3DChanged
 0001:0004ABF4       Controls.TWinControl.CMCursorChanged
 0001:0004AA90       Controls.TWinControl.CMDesignHitTest
 0001:0004AAE0       Controls.TWinControl.CMDialogChar
 0001:0004AAD8       Controls.TWinControl.CMDialogKey
 0001:0004A26C       Controls.TWinControl.CMDockClient
 0001:0004AD14       Controls.TWinControl.CMDrag
 0001:0004AB48       Controls.TWinControl.CMEnabledChanged
 0001:0004AA10       Controls.TWinControl.CMEnter
 0001:0004AA80       Controls.TWinControl.CMExit
 0001:0004A384       Controls.TWinControl.CMFloat
 0001:0004AAE8       Controls.TWinControl.CMFocusChanged
 0001:0004AD04       Controls.TWinControl.CMFontChange
 0001:0004ABB8       Controls.TWinControl.CMFontChanged
 0001:0004B4C4       Controls.TWinControl.CMInvalidate
 0001:0004ACB4       Controls.TWinControl.CMParentCtl3DChanged
 0001:000483A8       Controls.TWinControl.CMRecreateWnd
 0001:0004A9C0       Controls.TWinControl.CMShowHintChanged
 0001:0004AB20       Controls.TWinControl.CMShowingChanged
 0001:0004ACF4       Controls.TWinControl.CMSysColorChange
 0001:0004AD9C       Controls.TWinControl.CMSysFontChanged
 0001:0004CAB4       Controls.TWinControl.CMTextChanged
 0001:0004AD0C       Controls.TWinControl.CMTimeChange
 0001:0004A35C       Controls.TWinControl.CMUnDockClient
 0001:0004AAF0       Controls.TWinControl.CMVisibleChanged
 0001:0004ACFC       Controls.TWinControl.CMWinIniChange
 0001:0004AF88       Controls.TWinControl.CNChar
 0001:0004AE50       Controls.TWinControl.CNKeyDown
 0001:0004AF34       Controls.TWinControl.CNKeyUp
 0001:0004B034       Controls.TWinControl.CNSysChar
 0001:0004AFD8       Controls.TWinControl.CNSysKeyDown
 0001:0004C268       Controls.TWinControl.ConstrainedResize
 0001:00047784       Controls.TWinControl.ContainsControl
 0001:000487C4       Controls.TWinControl.ControlAtPos
 0001:0004A110       Controls.TWinControl.ControlsAligned
 0001:00046868       Controls.TWinControl.Create
 0001:0004A114       Controls.TWinControl.CreateDockManager
 0001:000481CC       Controls.TWinControl.CreateHandle
 0001:00047BA8       Controls.TWinControl.CreateParams
 0001:00047AD4       Controls.TWinControl.CreateSubClass
 0001:00047EA4       Controls.TWinControl.CreateWindowHandle
 0001:00047CD4       Controls.TWinControl.CreateWnd
 0001:00048264       Controls.TWinControl.CustomAlignInsertBefore
 0001:00048288       Controls.TWinControl.CustomAlignPosition
 0001:00048F00       Controls.TWinControl.DefaultHandler
 0001:00048064       Controls.TWinControl.DefineProperties
 0001:000469AC       Controls.TWinControl.Destroy
 0001:0004831C       Controls.TWinControl.DestroyHandle
 0001:00048120       Controls.TWinControl.DestroyWindowHandle
 0001:000480C0       Controls.TWinControl.DestroyWnd
 0001:00047538       Controls.TWinControl.DisableAlign
 0001:00049EA4       Controls.TWinControl.DoAddDockClient
 0001:00049EF8       Controls.TWinControl.DockDrop
 0001:00049F7C       Controls.TWinControl.DockOver
 0001:0004CB00       Controls.TWinControl.DockReplaceDockClient
 0001:00049F48       Controls.TWinControl.DoDockOver
 0001:00049EB8       Controls.TWinControl.DoEnter
 0001:00049ED8       Controls.TWinControl.DoExit
 0001:00047568       Controls.TWinControl.DoFlipChildren
 0001:0004A434       Controls.TWinControl.DoKeyDown
 0001:0004A628       Controls.TWinControl.DoKeyPress
 0001:0004A560       Controls.TWinControl.DoKeyUp
 0001:0004CB64       Controls.TWinControl.DoPaddingChange
 0001:00049EB4       Controls.TWinControl.DoRemoveDockClient
 0001:00049FC0       Controls.TWinControl.DoUnDock
 0001:00047540       Controls.TWinControl.EnableAlign
 0001:0004BB50       Controls.TWinControl.FindNextControl
 0001:00046A8C       Controls.TWinControl.FixupTabList
[...]
 0004:00003AD0       SetupApi.SetupDiGetINFClass
 0004:00003AD4       SetupApi.SetupDiBuildClassInfoList
 0004:00003AD8       SetupApi.SetupDiBuildClassInfoListExA
 0004:00003ADC       SetupApi.SetupDiBuildClassInfoListExW
 0004:00003AE0       SetupApi.SetupDiBuildClassInfoListEx
 0004:00003AE4       SetupApi.SetupDiGetClassDescriptionA
 0004:00003AE8       SetupApi.SetupDiGetClassDescriptionW
 0004:00003AEC       SetupApi.SetupDiGetClassDescription
 0004:00003AF0       SetupApi.SetupDiGetClassDescriptionExA
 0004:00003AF4       SetupApi.SetupDiGetClassDescriptionExW
 0004:00003AF8       SetupApi.SetupDiGetClassDescriptionEx
 0004:00003AFC       SetupApi.SetupDiCallClassInstaller
 0004:00003B00       SetupApi.SetupDiSelectDevice
 0004:00003B04       SetupApi.SetupDiSelectBestCompatDrv
 0004:00003B08       SetupApi.SetupDiInstallDevice
 0004:00003B0C       SetupApi.SetupDiInstallDriverFiles
 0004:00003B10       SetupApi.SetupDiRegisterCoDeviceInstallers
 0004:00003B14       SetupApi.SetupDiRemoveDevice
 0004:00003B18       SetupApi.SetupDiUnremoveDevice
 0004:00003B1C       SetupApi.SetupDiMoveDuplicateDevice
 0004:00003B20       SetupApi.SetupDiChangeState
 0004:00003B24       SetupApi.SetupDiInstallClassA
 0004:00003B28       SetupApi.SetupDiInstallClassW
 0004:00003B2C       SetupApi.SetupDiInstallClass
 0004:00003B30       SetupApi.SetupDiInstallClassExA
 0004:00003B34       SetupApi.SetupDiInstallClassExW
 0004:00003B38       SetupApi.SetupDiInstallClassEx
 0004:00003B3C       SetupApi.SetupDiOpenClassRegKey
 0004:00003B40       SetupApi.SetupDiOpenClassRegKeyExA
 0004:00003B44       SetupApi.SetupDiOpenClassRegKeyExW
 0004:00003B48       SetupApi.SetupDiOpenClassRegKeyEx
 0004:00003B4C       SetupApi.SetupDiCreateDeviceInterfaceRegKeyA
 0004:00003B50       SetupApi.SetupDiCreateInterfaceDeviceRegKeyA
 0004:00003B54       SetupApi.SetupDiCreateDeviceInterfaceRegKeyW
 0004:00003B58       SetupApi.SetupDiCreateInterfaceDeviceRegKeyW
 0004:00003B5C       SetupApi.SetupDiCreateDeviceInterfaceRegKey
 0004:00003B60       SetupApi.SetupDiCreateInterfaceDeviceRegKey
 0004:00003B64       SetupApi.SetupDiOpenDeviceInterfaceRegKey
 0004:00003B68       SetupApi.SetupDiOpenInterfaceDeviceRegKey
 0004:00003B6C       SetupApi.SetupDiDeleteDeviceInterfaceRegKey
 0004:00003B70       SetupApi.SetupDiDeleteInterfaceDeviceRegKey
 0004:00003B74       SetupApi.SetupDiCreateDevRegKeyA
 0004:00003B78       SetupApi.SetupDiCreateDevRegKeyW
 0004:00003B7C       SetupApi.SetupDiCreateDevRegKey
 0004:00003B80       SetupApi.SetupDiOpenDevRegKey
 0004:00003B84       SetupApi.SetupDiDeleteDevRegKey
 0004:00003B88       SetupApi.SetupDiGetHwProfileList
 0004:00003B8C       SetupApi.SetupDiGetHwProfileListExA
 0004:00003B90       SetupApi.SetupDiGetHwProfileListExW
 0004:00003B94       SetupApi.SetupDiGetHwProfileListEx
 0004:00003B98       SetupApi.SetupDiGetDeviceRegistryPropertyA
 0004:00003B9C       SetupApi.SetupDiGetDeviceRegistryPropertyW
 0004:00003BA0       SetupApi.SetupDiGetDeviceRegistryProperty
 0004:00003BA4       SetupApi.SetupDiSetDeviceRegistryPropertyA
 0004:00003BA8       SetupApi.SetupDiSetDeviceRegistryPropertyW
 0004:00003BAC       SetupApi.SetupDiSetDeviceRegistryProperty
 0004:00003BB0       SetupApi.SetupDiGetDeviceInstallParamsA
 0004:00003BB4       SetupApi.SetupDiGetDeviceInstallParamsW
 0004:00003BB8       SetupApi.SetupDiGetDeviceInstallParams
 0004:00003BBC       SetupApi.SetupDiGetClassInstallParamsA
 0004:00003BC0       SetupApi.SetupDiGetClassInstallParamsW
 0004:00003BC4       SetupApi.SetupDiGetClassInstallParams
 0004:00003BC8       SetupApi.SetupDiSetDeviceInstallParamsA
 0004:00003BCC       SetupApi.SetupDiSetDeviceInstallParamsW
 0004:00003BD0       SetupApi.SetupDiSetDeviceInstallParams
 0004:00003BD4       SetupApi.SetupDiSetClassInstallParamsA
 0004:00003BD8       SetupApi.SetupDiSetClassInstallParamsW
 0004:00003BDC       SetupApi.SetupDiSetClassInstallParams
 0004:00003BE0       SetupApi.SetupDiGetDriverInstallParamsA
 0004:00003BE4       SetupApi.SetupDiGetDriverInstallParamsW
 0004:00003BE8       SetupApi.SetupDiGetDriverInstallParams
 0004:00003BEC       SetupApi.SetupDiSetDriverInstallParamsA
 0004:00003BF0       SetupApi.SetupDiSetDriverInstallParamsW
 0004:00003BF4       SetupApi.SetupDiSetDriverInstallParams
 0004:00003BF8       SetupApi.SetupDiLoadClassIcon
 0004:00003BFC       SetupApi.SetupDiDrawMiniIcon
 0004:00003C00       SetupApi.SetupDiGetClassBitmapIndex
 0004:00003C04       SetupApi.SetupDiGetClassImageList
 0004:00003C08       SetupApi.SetupDiGetClassImageListExA
 0004:00003C0C       SetupApi.SetupDiGetClassImageListExW
 0004:00003C10       SetupApi.SetupDiGetClassImageListEx
 0004:00003C14       SetupApi.SetupDiGetClassImageIndex
 0004:00003C18       SetupApi.SetupDiDestroyClassImageList
 0004:00003C1C       SetupApi.SetupDiGetClassDevPropertySheetsA
 0004:00003C20       SetupApi.SetupDiGetClassDevPropertySheetsW
 0004:00003C24       SetupApi.SetupDiGetClassDevPropertySheets
 0004:00003C28       SetupApi.SetupDiAskForOEMDisk
 0004:00003C2C       SetupApi.SetupDiSelectOEMDrv
 0004:00003C30       SetupApi.SetupDiClassNameFromGuidA
 0004:00003C34       SetupApi.SetupDiClassNameFromGuidW
 0004:00003C38       SetupApi.SetupDiClassNameFromGuid
 0004:00003C3C       SetupApi.SetupDiClassNameFromGuidExA
 0004:00003C40       SetupApi.SetupDiClassNameFromGuidExW
 0004:00003C44       SetupApi.SetupDiClassNameFromGuidEx
 0004:00003C48       SetupApi.SetupDiClassGuidsFromNameA
 0004:00003C4C       SetupApi.SetupDiClassGuidsFromNameW
 0004:00003C50       SetupApi.SetupDiClassGuidsFromName
 0004:00003C54       SetupApi.SetupDiClassGuidsFromNameExA
 0004:00003C58       SetupApi.SetupDiClassGuidsFromNameExW
 0004:00003C5C       SetupApi.SetupDiClassGuidsFromNameEx
 0004:00003C60       SetupApi.SetupDiGetHwProfileFriendlyNameA
 0004:00003C64       SetupApi.SetupDiGetHwProfileFriendlyNameW
 0004:00003C68       SetupApi.SetupDiGetHwProfileFriendlyName
 0004:00003C6C       SetupApi.SetupDiGetHwProfileFriendlyNameExA
 0004:00003C70       SetupApi.SetupDiGetHwProfileFriendlyNameExW
 0004:00003C74       SetupApi.SetupDiGetHwProfileFriendlyNameEx
 0004:00003C78       SetupApi.SetupDiGetWizardPage
 0004:00003C7C       SetupApi.SetupDiGetSelectedDevice
 0004:00003C80       SetupApi.SetupDiSetSelectedDevice
 0004:00003C84       SetupApi.SetupDiGetActualSectionToInstallA
 0004:00003C88       SetupApi.SetupDiGetActualSectionToInstallW
 0004:00003C8C       SetupApi.SetupDiGetActualSectionToInstall
 0004:00003C90       Buttons..5
 0004:00003C94       Buttons.BitBtnGlyphs
 0004:00003CC0       UHIDMapping.HIDMapping
 0004:00003CC4       UHIDMapping..5
 0004:00003CC8       ExtDlgs..6
 0004:00003CCC       Mapi..1
 0004:00003CD0       ExtActns..72
 0004:00003CD4       ExtActns.UrlMonHandle
 0004:00003CD8       ExtActns.UrlMonInitialized
 0004:00003CDC       ComCtrls..76
 0004:00003CE0       ComCtrls.ShellModule
 0004:00003CE4       ComCtrls.FRichEditModule
 0004:00003CE8       UHIDMapper.HIDM
 0005:00000000       System.RaiseListPtr
 0005:00000004       System.InOutRes
 0005:00000008       Classes.GlobalLoaded
 0005:0000000C       Classes.GlobalLists
 0005:00000010       GraphUtil.CachedHighlightLum
 0005:00000014       GraphUtil.CachedHighlightColor
 0005:00000018       GraphUtil.CachedHighlight
 0005:0000001C       GraphUtil.CachedShadowLum
 0005:00000020       GraphUtil.CachedShadowColor
 0005:00000024       GraphUtil.CachedShadow
 0005:00000028       GraphUtil.CachedColorValue
 0005:0000002C       GraphUtil.CachedLumValue
 0005:00000030       GraphUtil.CachedColorAdjustLuma
 0005:00000034       SysInit.TlsLast


Line numbers for ModuleLoader(ModuleLoader.pas) segment .text

   132 0001:000624F4   133 0001:00062514   134 0001:00062519   135 0001:00062529
   136 0001:00062531   155 0001:00062554   156 0001:00062557   157 0001:0006255C
   158 0001:00062564   159 0001:00062568   166 0001:0006256C   167 0001:0006258D
   168 0001:0006258F   169 0001:00062593   170 0001:000625A4   181 0001:000625C8
   182 0001:000625EC   183 0001:000625EE   184 0001:000625F2   185 0001:00062603
   186 0001:00062614   441 0001:00062639

Line numbers for JvHidControllerClass(JvHidControllerClass.pas) segment .text

   520 0001:00068510   529 0001:00068518   530 0001:00068533   531 0001:0006853E
   532 0001:00068541   533 0001:00068546   534 0001:0006856B   542 0001:0006858C
   543 0001:0006858D   544 0001:000685AF   547 0001:000685B4   548 0001:000685B5
   549 0001:000685C2   550 0001:000685D3   553 0001:000685D8   554 0001:000685DB
   559 0001:000685E0   560 0001:000685E9   564 0001:000685F3   565 0001:000685F8
   566 0001:00068611   570 0001:00068637   571 0001:00068647   573 0001:00068657
   575 0001:0006865B   576 0001:00068666   578 0001:0006866C   579 0001:00068676
   581 0001:0006867F   586 0001:0006868E   587 0001:00068696   561 0001:000686A3
   592 0001:000686AD   593 0001:000686B5   594 0001:000686BF   599 0001:000686C8
   600 0001:00068711   601 0001:0006871A   602 0001:00068720   605 0001:0006872B
   606 0001:0006873B   607 0001:00068757   608 0001:00068773   609 0001:00068783
   610 0001:00068793   611 0001:000687AF   612 0001:000687CB   613 0001:000687E7
   614 0001:000687F7   615 0001:00068807   616 0001:00068823   617 0001:00068833
   620 0001:0006884F   621 0001:0006886B   622 0001:0006887B   623 0001:00068897
   624 0001:000688B3   625 0001:000688C3   626 0001:000688DF   627 0001:000688EF
   628 0001:000688FF   629 0001:0006891B   630 0001:00068937   631 0001:00068953
   632 0001:00068963   633 0001:0006897F   636 0001:000689C4   637 0001:000689CF
   638 0001:000689D7   639 0001:000689DF   640 0001:000689E7   641 0001:000689EF
   642 0001:000689FB   672 0001:00068A0C   673 0001:00068A15   674 0001:00068A1A
   675 0001:00068A1F   676 0001:00068A26   678 0001:00068A49   679 0001:00068A5C
   688 0001:00068A64   689 0001:00068A95   690 0001:00068A9A   691 0001:00068A9F
   692 0001:00068AA6   694 0001:00068AC9   695 0001:00068AD7   698 0001:00068ADF
   699 0001:00068AF9   696 0001:00068B03   701 0001:00068B08   708 0001:00068B34
   709 0001:00068B3A   710 0001:00068B3F   711 0001:00068B44   712 0001:00068B49
   714 0001:00068B66   736 0001:00068B70   737 0001:00068B8D   740 0001:00068B96
   741 0001:00068B99   742 0001:00068B9C   743 0001:00068BA0   744 0001:00068BA4
   745 0001:00068BA8   746 0001:00068BAF   747 0001:00068BB6   748 0001:00068BBE
   749 0001:00068BC6   750 0001:00068BCB   751 0001:00068BE3   752 0001:00068BEB
   753 0001:00068BFA   754 0001:00068BFF   755 0001:00068C04   756 0001:00068C1C
   757 0001:00068C21   758 0001:00068C26   759 0001:00068C2E   760 0001:00068C36
   761 0001:00068C3D   762 0001:00068C46   763 0001:00068C4F   764 0001:00068C58
   765 0001:00068C60   766 0001:00068C6D   768 0001:00068C7F   770 0001:00068CA4
   772 0001:00068CB0   773 0001:00068CB4   775 0001:00068CD4   777 0001:00068CDA
   778 0001:00068CE1   779 0001:00068CF6   782 0001:00068D0E   784 0001:00068D24
   785 0001:00068D2B   797 0001:00068D4C   799 0001:00068D5D   800 0001:00068D71
   802 0001:00068D85   803 0001:00068D90   805 0001:00068D9E   806 0001:00068DA5
   807 0001:00068DAE   809 0001:00068DB7   810 0001:00068DBE   811 0001:00068DC8
   814 0001:00068DD0   815 0001:00068DDB   818 0001:00068DDD   819 0001:00068DF2
   822 0001:00068E07   824 0001:00068E0D   826 0001:00068E22   827 0001:00068E31
   828 0001:00068E45   829 0001:00068E4F   831 0001:00068E5E   832 0001:00068E63
   834 0001:00068E69   835 0001:00068E6F   840 0001:00068E77   841 0001:00068E84
   843 0001:00068E8A   844 0001:00068E8C   818 0001:00068E8D   847 0001:00068E94
   848 0001:00068E9C   849 0001:00068EAA   855 0001:00068EC0   856 0001:00068ED7
   861 0001:00068ED8   863 0001:00068EDC   864 0001:00068EEB   866 0001:00068EF5
   868 0001:00068F1A   870 0001:00068F26   871 0001:00068F2A   873 0001:00068F4A
   875 0001:00068F52   876 0001:00068F59   877 0001:00068F64   880 0001:00068F75
   881 0001:00068F7C   886 0001:00068F80   887 0001:00068F88   889 0001:00068F8A
   890 0001:00068F99   892 0001:00068F9F   894 0001:00068FA5   896 0001:00068FCD
   898 0001:00068FD2   899 0001:00068FD9   900 0001:00068FE4   903 0001:00068FF5
   907 0001:00068FFE   908 0001:00069004   910 0001:0006902A   912 0001:00069031
   917 0001:00069038   918 0001:0006903B   919 0001:00069042   920 0001:0006904B
   921 0001:00069054   923 0001:00069058   924 0001:00069062   926 0001:00069070
   927 0001:0006907E   965 0001:00069080   966 0001:00069086   968 0001:00069096
   969 0001:000690A4   971 0001:000690B5   974 0001:000690B8   975 0001:000690BE
   977 0001:000690D0   978 0001:000690DE   980 0001:000690EF  1003 0001:000690F4
  1004 0001:00069101  1005 0001:00069104  1023 0001:00069108  1024 0001:0006910B
  1025 0001:00069111  1027 0001:0006911C  1028 0001:0006912D  1030 0001:00069134
  1031 0001:00069137  1034 0001:0006913C  1035 0001:00069142  1036 0001:00069150
  1037 0001:00069162  1057 0001:00069168  1058 0001:00069174  1059 0001:00069180
  1061 0001:0006918B  1062 0001:00069199  1063 0001:000691B4  1064 0001:000691C3
  1066 0001:000691CA  1067 0001:000691D4  1075 0001:000691E0  1076 0001:000691EE
  1077 0001:000691FE  1079 0001:0006920D  1080 0001:00069220  1083 0001:00069242
  1084 0001:00069255  1085 0001:00069257  1086 0001:00069270  1087 0001:0006927C
  1089 0001:00069286  1090 0001:0006928B  1092 0001:0006928F  1093 0001:00069292
  1094 0001:00069294  1086 0001:00069298  1096 0001:0006929D  1097 0001:000692AE
  1099 0001:000692B6  1100 0001:000692CA  1101 0001:000692CC  1096 0001:000692D2
  1103 0001:000692D5  1105 0001:000692DC  1106 0001:000692E7  1170 0001:000692F4
  1171 0001:000692F9  1172 0001:000692FE  1173 0001:00069306  1174 0001:0006931B
  1175 0001:00069320  1192 0001:00069328  1195 0001:0006932E  1196 0001:00069335
  1198 0001:0006933C  1199 0001:0006934E  1200 0001:00069355  1203 0001:0006935C
  1204 0001:00069360  1207 0001:00069388  1208 0001:0006939E  1209 0001:000693A2
  1211 0001:000693A9  1214 0001:000693AC  1215 0001:000693AF  1217 0001:000693B9
  1218 0001:000693BE  1219 0001:000693C9  1220 0001:000693D4  1222 0001:000693DC
  1243 0001:000693E0  1244 0001:000693E9  1245 0001:000693F0  1246 0001:000693FF
  1248 0001:00069403  1249 0001:00069414  1250 0001:00069418  1252 0001:00069425
  1253 0001:00069427  1255 0001:0006942F  1258 0001:00069464  1259 0001:00069466
  1260 0001:00069470  1262 0001:0006947D  1263 0001:00069488  1264 0001:00069492
  1271 0001:00069498  1272 0001:0006949B  1273 0001:000694A3  1274 0001:000694A9
  1275 0001:000694AE  1276 0001:000694B5  1281 0001:000694B8  1282 0001:000694BB
  1284 0001:000694BF  1285 0001:000694C7  1286 0001:000694CD  1287 0001:000694D2
  1291 0001:000694DB  1292 0001:000694E3  1293 0001:000694E9  1295 0001:000694F0
  1522 0001:000694F4  1523 0001:00069502  1524 0001:00069504  1526 0001:00069511
  1527 0001:00069520  1528 0001:00069523  1530 0001:0006953F  1596 0001:0006954C
  1597 0001:00069564  1598 0001:0006956D  1599 0001:00069575  1600 0001:0006957D
  1601 0001:00069585  1602 0001:0006958D  1603 0001:00069595  1604 0001:0006959D
  1605 0001:000695A4  1606 0001:000695B1  1608 0001:000695B8  1610 0001:000695CA
  1611 0001:000695D3  1612 0001:000695D8  1614 0001:000695E1  1616 0001:000695EE
  1619 0001:00069601  1622 0001:00069612  1623 0001:0006961E  1631 0001:00069650
  1633 0001:0006965D  1634 0001:00069665  1635 0001:0006966D  1637 0001:00069678
  1638 0001:00069681  1640 0001:0006968C  1642 0001:0006969D  1646 0001:000696AA
  1647 0001:000696AF  1648 0001:000696B5  1650 0001:000696BC  1652 0001:000696C1
  1640 0001:000696C2  1653 0001:000696C5  1655 0001:000696D0  1656 0001:000696D9
  1657 0001:000696DE  1659 0001:000696E3  1660 0001:000696EF  1663 0001:00069700
  1664 0001:00069704  1666 0001:0006970B  1667 0001:0006970F  1668 0001:00069719
  1670 0001:0006971D  1673 0001:00069720  1674 0001:00069724  1676 0001:0006972B
  1677 0001:0006972F  1678 0001:00069739  1680 0001:0006973D  1685 0001:00069740
  1686 0001:00069741  1687 0001:00069748  1688 0001:00069752  1693 0001:00069754
  1695 0001:0006975A  1696 0001:00069768  1698 0001:00069771  1699 0001:0006977A
  1700 0001:00069781  1701 0001:00069788  1703 0001:0006978F  1704 0001:000697A9
  1730 0001:000697AC  1731 0001:000697B5  1735 0001:000697C2  1736 0001:000697DE
  1738 0001:000697E8  1740 0001:000697ED  1742 0001:000697F4  1743 0001:00069818
  1745 0001:00069822  1746 0001:00069829  1747 0001:0006982E  1748 0001:0006984B
  1750 0001:00069863  1751 0001:0006986E  1752 0001:00069877  1756 0001:0006989C
  1758 0001:000698B6  1759 0001:000698C4  1760 0001:000698D9  1763 0001:000698F4
  1764 0001:000698F9  1766 0001:000698FC  1769 0001:00069904  1770 0001:0006990E
  1771 0001:0006991B  1773 0001:00069924  1775 0001:00069930  1777 0001:0006993E
  1778 0001:0006994D  1781 0001:00069954  1783 0001:00069966  1784 0001:00069978
  1785 0001:00069984  1788 0001:000699A2  1789 0001:000699A4  1790 0001:000699A6
  1784 0001:000699A7  1791 0001:000699AC  1793 0001:000699B0  1794 0001:000699B7
  1796 0001:000699C1  1797 0001:000699C7  1798 0001:000699D7  1800 0001:000699DB
  1781 0001:000699DC  1803 0001:000699E1  1804 0001:000699F6  1805 0001:00069A0A
  1808 0001:00069A4A  1809 0001:00069A59  1810 0001:00069A68  1811 0001:00069A74
  1812 0001:00069A76  1804 0001:00069A77  1812 0001:00069A7A  1803 0001:00069A7B
  1815 0001:00069A84  1816 0001:00069A95  1818 0001:00069AA3  1819 0001:00069ABD
  1820 0001:00069AC1  1821 0001:00069AD5  1815 0001:00069AD6  1824 0001:00069ADB
  1827 0001:00069AE3  1828 0001:00069AEE  1829 0001:00069AF9  1830 0001:00069B04
  1832 0001:00069B1B  1833 0001:00069B2D  1834 0001:00069B3F  1835 0001:00069B4C
  1836 0001:00069B5E  1830 0001:00069B5F  1837 0001:00069B64  1839 0001:00069B76
  1840 0001:00069B7C  1841 0001:00069B84  1864 0001:00069B8C  1865 0001:00069B8F
  1867 0001:00069B97  1868 0001:00069BA3  1869 0001:00069BA9  1871 0001:00069BAE
  1895 0001:00069BB4  1896 0001:00069BB7  1897 0001:00069BC3  1905 0001:00069BC8
  1906 0001:00069BD0  1909 0001:00069BD5  1911 0001:00069BE6  1912 0001:00069BF3
  1913 0001:00069BFB  1914 0001:00069C02  1909 0001:00069C03  1915 0001:00069C06
  1917 0001:00069C09  1925 0001:00069C10  1926 0001:00069C18  1929 0001:00069C20
  1931 0001:00069C31  1932 0001:00069C3E  1933 0001:00069C49  1934 0001:00069C54
  1929 0001:00069C55  1935 0001:00069C58  1937 0001:00069C64  1945 0001:00069C6C
  1946 0001:00069C74  1949 0001:00069C7C  1951 0001:00069C92  1952 0001:00069CA0
  1953 0001:00069CAB  1954 0001:00069CBD  1949 0001:00069CC0  1955 0001:00069CC3
  1957 0001:00069CCF  1965 0001:00069CD8  1966 0001:00069CE0  1969 0001:00069CE8
  1971 0001:00069CFE  1972 0001:00069D0C  1973 0001:00069D17  1974 0001:00069D29
  1969 0001:00069D2C  1975 0001:00069D2F  1977 0001:00069D3B  1999 0001:00069D44
  2000 0001:00069D52  2001 0001:00069D72  2003 0001:00069D76  2004 0001:00069D86
  2005 0001:00069D8C  2006 0001:00069D92  2007 0001:00069D98  2009 0001:00069D9F
  2122 0001:00069DAC  2123 0001:00069DB0  2124 0001:00069DB2  2125 0001:00069DB6
  2126 0001:00069DC5  2127 0001:00069DD0  2134 0001:00069DD8  2135 0001:00069DE1
  2136 0001:00069DE3  2137 0001:00069DEA  2139 0001:00069DFB  2140 0001:00069E0A
  2142 0001:00069E0E  2137 0001:00069E0F  2143 0001:00069E12  2343 0001:00069E17

Bound resource files

c:\program files (x86)\borland\bds\4.0\lib\Controls.res
UAddProfile.dfm
c:\program files (x86)\borland\bds\4.0\lib\Buttons.res
UHIDMapping.dfm
c:\program files (x86)\borland\bds\4.0\lib\ExtDlgs.res
UHIDMapper.dfm
HIDMapper.res
HIDMapper.drf


Program entry point at 0002:00000734
