
 Start         Length     Name                   Class
 0001:00401000 00070140H .text                   CODE
 0002:00472000 000007B8H .itext                  ICODE
 0003:00473000 00001F0CH .data                   DATA
 0004:00475000 00003CECH .bss                    BSS
 0005:00000000 00000034H .tls                    TLS


Detailed map of segments

 0001:00000000 000055D1 C=CODE     S=.text    G=(none)   M=System   ACBP=A9
 0001:000055D4 00000105 C=CODE     S=.text    G=(none)   M=SysInit  ACBP=A9
 0001:000056DC 00000058 C=CODE     S=.text    G=(none)   M=Types    ACBP=A9
 0001:00005734 00000BF0 C=CODE     S=.text    G=(none)   M=Windows  ACBP=A9
 0001:00006324 000002F8 C=CODE     S=.text    G=(none)   M=SysConst ACBP=A9
 0001:0000661C 00006A88 C=CODE     S=.text    G=(none)   M=SysUtils ACBP=A9
 0001:0000D0A4 000007EE C=CODE     S=.text    G=(none)   M=VarUtils ACBP=A9
 0001:0000D894 00002990 C=CODE     S=.text    G=(none)   M=Variants ACBP=A9
 0001:00010224 00000110 C=CODE     S=.text    G=(none)   M=RTLConsts ACBP=A9
 0001:00010334 00000887 C=CODE     S=.text    G=(none)   M=TypInfo  ACBP=A9
 0001:00010BBC 0000A3B1 C=CODE     S=.text    G=(none)   M=Classes  ACBP=A9
 0001:0001AF70 00000275 C=CODE     S=.text    G=(none)   M=Contnrs  ACBP=A9
 0001:0001B1E8 00001100 C=CODE     S=.text    G=(none)   M=HelpIntfs ACBP=A9
 0001:0001C2E8 00000772 C=CODE     S=.text    G=(none)   M=MultiMon ACBP=A9
 0001:0001CA5C 000000B6 C=CODE     S=.text    G=(none)   M=CommCtrl ACBP=A9
 0001:0001CB14 000002C8 C=CODE     S=.text    G=(none)   M=Consts   ACBP=A9
 0001:0001CDDC 000011D5 C=CODE     S=.text    G=(none)   M=IniFiles ACBP=A9
 0001:0001DFB4 000005AD C=CODE     S=.text    G=(none)   M=Registry ACBP=A9
 0001:0001E564 0000773E C=CODE     S=.text    G=(none)   M=Graphics ACBP=A9
 0001:00025CA4 0000016A C=CODE     S=.text    G=(none)   M=SyncObjs ACBP=A9
 0001:00025E10 0000099D C=CODE     S=.text    G=(none)   M=UxTheme  ACBP=A9
 0001:000267B0 00000006 C=CODE     S=.text    G=(none)   M=ShellAPI ACBP=A9
 0001:000267B8 0000AAA9 C=CODE     S=.text    G=(none)   M=StdCtrls ACBP=A9
 0001:00031264 0000003A C=CODE     S=.text    G=(none)   M=Printers ACBP=A9
 0001:000312A0 00000D59 C=CODE     S=.text    G=(none)   M=GraphUtil ACBP=A9
 0001:00031FFC 00003416 C=CODE     S=.text    G=(none)   M=ExtCtrls ACBP=A9
 0001:00035414 00000674 C=CODE     S=.text    G=(none)   M=Dialogs  ACBP=A9
 0001:00035A88 0000003A C=CODE     S=.text    G=(none)   M=Clipbrd  ACBP=A9
 0001:00035AC4 0000012D C=CODE     S=.text    G=(none)   M=StdActns ACBP=A9
 0001:00035BF4 0000030E C=CODE     S=.text    G=(none)   M=FlatSB   ACBP=A9
 0001:00035F04 00000BEE C=CODE     S=.text    G=(none)   M=Themes   ACBP=A9
 0001:00036AF4 00006BCD C=CODE     S=.text    G=(none)   M=Menus    ACBP=A9
 0001:0003D6C4 00013DD4 C=CODE     S=.text    G=(none)   M=Controls ACBP=A9
 0001:00051498 00001BD1 C=CODE     S=.text    G=(none)   M=ImgList  ACBP=A9
 0001:0005306C 00001332 C=CODE     S=.text    G=(none)   M=ActnList ACBP=A9
 0001:000543A0 0000DFB0 C=CODE     S=.text    G=(none)   M=Forms    ACBP=A9
 0001:00062350 000001D5 C=CODE     S=.text    G=(none)   M=UAddProfile ACBP=A9
 0001:00062528 00000145 C=CODE     S=.text    G=(none)   M=ModuleLoader ACBP=A9
 0001:00062670 00000A1B C=CODE     S=.text    G=(none)   M=Hid      ACBP=A9
 0001:0006308C 00004DE2 C=CODE     S=.text    G=(none)   M=SetupApi ACBP=A9
 0001:00067E70 00001FDB C=CODE     S=.text    G=(none)   M=JvHidControllerClass ACBP=A9
 0001:00069E4C 0000268D C=CODE     S=.text    G=(none)   M=Buttons  ACBP=A9
 0001:0006C4DC 00001AC5 C=CODE     S=.text    G=(none)   M=UHIDMapping ACBP=A9
 0001:0006DFA4 0000007C C=CODE     S=.text    G=(none)   M=ExtDlgs  ACBP=A9
 0001:0006E020 00000062 C=CODE     S=.text    G=(none)   M=Mapi     ACBP=A9
 0001:0006E084 0000004D C=CODE     S=.text    G=(none)   M=ExtActns ACBP=A9
 0001:0006E0D4 00000140 C=CODE     S=.text    G=(none)   M=ComCtrls ACBP=A9
 0001:0006E214 00001CBC C=CODE     S=.text    G=(none)   M=UHIDMapper ACBP=A9
 0001:0006FED0 00000270 C=CODE     S=.text    G=(none)   M=HIDMapper ACBP=A9
 0002:00000000 00000095 C=ICODE    S=.itext   G=(none)   M=System   ACBP=A9
 0002:00000098 00000011 C=ICODE    S=.itext   G=(none)   M=Windows  ACBP=A9
 0002:000000AC 00000088 C=ICODE    S=.itext   G=(none)   M=SysUtils ACBP=A9
 0002:00000134 0000000F C=ICODE    S=.itext   G=(none)   M=VarUtils ACBP=A9
 0002:00000144 000000AA C=ICODE    S=.itext   G=(none)   M=Variants ACBP=A9
 0002:000001F0 00000008 C=ICODE    S=.itext   G=(none)   M=TypInfo  ACBP=A9
 0002:000001F8 00000092 C=ICODE    S=.itext   G=(none)   M=Classes  ACBP=A9
 0002:0000028C 00000008 C=ICODE    S=.itext   G=(none)   M=HelpIntfs ACBP=A9
 0002:00000294 0000000F C=ICODE    S=.itext   G=(none)   M=MultiMon ACBP=A9
 0002:000002A4 00000008 C=ICODE    S=.itext   G=(none)   M=IniFiles ACBP=A9
 0002:000002AC 00000008 C=ICODE    S=.itext   G=(none)   M=Registry ACBP=A9
 0002:000002B4 000000FB C=ICODE    S=.itext   G=(none)   M=Graphics ACBP=A9
 0002:000003B0 0000001B C=ICODE    S=.itext   G=(none)   M=UxTheme  ACBP=A9
 0002:000003CC 00000008 C=ICODE    S=.itext   G=(none)   M=Printers ACBP=A9
 0002:000003D4 0000007F C=ICODE    S=.itext   G=(none)   M=GraphUtil ACBP=A9
 0002:00000454 00000044 C=ICODE    S=.itext   G=(none)   M=ExtCtrls ACBP=A9
 0002:00000498 0000003D C=ICODE    S=.itext   G=(none)   M=Dialogs  ACBP=A9
 0002:000004D8 00000058 C=ICODE    S=.itext   G=(none)   M=Clipbrd  ACBP=A9
 0002:00000530 0000000F C=ICODE    S=.itext   G=(none)   M=FlatSB   ACBP=A9
 0002:00000540 00000008 C=ICODE    S=.itext   G=(none)   M=Themes   ACBP=A9
 0002:00000548 00000085 C=ICODE    S=.itext   G=(none)   M=Menus    ACBP=A9
 0002:000005D0 0000008F C=ICODE    S=.itext   G=(none)   M=Controls ACBP=A9
 0002:00000660 0000002A C=ICODE    S=.itext   G=(none)   M=ActnList ACBP=A9
 0002:0000068C 0000004C C=ICODE    S=.itext   G=(none)   M=Forms    ACBP=A9
 0002:000006D8 00000025 C=ICODE    S=.itext   G=(none)   M=Buttons  ACBP=A9
 0002:00000700 00000008 C=ICODE    S=.itext   G=(none)   M=UHIDMapping ACBP=A9
 0002:00000708 00000014 C=ICODE    S=.itext   G=(none)   M=ExtDlgs  ACBP=A9
 0002:0000071C 00000008 C=ICODE    S=.itext   G=(none)   M=Mapi     ACBP=A9
 0002:00000724 00000008 C=ICODE    S=.itext   G=(none)   M=ExtActns ACBP=A9
 0002:0000072C 00000008 C=ICODE    S=.itext   G=(none)   M=ComCtrls ACBP=A9
 0002:00000734 00000084 C=ICODE    S=.itext   G=(none)   M=HIDMapper ACBP=A9
 0003:00000000 00000790 C=DATA     S=.data    G=DGROUP   M=System   ACBP=A9
 0003:00000790 00000020 C=DATA     S=.data    G=DGROUP   M=SysInit  ACBP=A9
 0003:000007B0 00000250 C=DATA     S=.data    G=DGROUP   M=SysUtils ACBP=A9
 0003:00000A00 00000008 C=DATA     S=.data    G=DGROUP   M=VarUtils ACBP=A9
 0003:00000A08 0000008E C=DATA     S=.data    G=DGROUP   M=Variants ACBP=A9
 0003:00000A98 0000000C C=DATA     S=.data    G=DGROUP   M=TypInfo  ACBP=A9
 0003:00000AA4 000000E4 C=DATA     S=.data    G=DGROUP   M=Classes  ACBP=A9
 0003:00000B88 00000008 C=DATA     S=.data    G=DGROUP   M=IniFiles ACBP=A9
 0003:00000B90 00000008 C=DATA     S=.data    G=DGROUP   M=Registry ACBP=A9
 0003:00000B98 0000030C C=DATA     S=.data    G=DGROUP   M=Graphics ACBP=A9
 0003:00000EA4 00000144 C=DATA     S=.data    G=DGROUP   M=StdCtrls ACBP=A9
 0003:00000FE8 00000004 C=DATA     S=.data    G=DGROUP   M=Printers ACBP=A9
 0003:00000FEC 00000450 C=DATA     S=.data    G=DGROUP   M=GraphUtil ACBP=A9
 0003:0000143C 00000020 C=DATA     S=.data    G=DGROUP   M=ExtCtrls ACBP=A9
 0003:0000145C 00000074 C=DATA     S=.data    G=DGROUP   M=Dialogs  ACBP=A9
 0003:000014D0 00000068 C=DATA     S=.data    G=DGROUP   M=Themes   ACBP=A9
 0003:00001538 000000F4 C=DATA     S=.data    G=DGROUP   M=Menus    ACBP=A9
 0003:0000162C 0000013C C=DATA     S=.data    G=DGROUP   M=Controls ACBP=A9
 0003:00001768 00000020 C=DATA     S=.data    G=DGROUP   M=ImgList  ACBP=A9
 0003:00001788 00000128 C=DATA     S=.data    G=DGROUP   M=Forms    ACBP=A9
 0003:000018B0 00000004 C=DATA     S=.data    G=DGROUP   M=Hid      ACBP=A9
 0003:000018B4 00000008 C=DATA     S=.data    G=DGROUP   M=SetupApi ACBP=A9
 0003:000018BC 00000010 C=DATA     S=.data    G=DGROUP   M=JvHidControllerClass ACBP=A9
 0003:000018CC 00000088 C=DATA     S=.data    G=DGROUP   M=Buttons  ACBP=A9
 0003:00001954 000000D0 C=DATA     S=.data    G=DGROUP   M=UHIDMapping ACBP=A9
 0003:00001A24 00000018 C=DATA     S=.data    G=DGROUP   M=ExtDlgs  ACBP=A9
 0003:00001A3C 00000008 C=DATA     S=.data    G=DGROUP   M=Mapi     ACBP=A9
 0003:00001A44 00000018 C=DATA     S=.data    G=DGROUP   M=ComCtrls ACBP=A9
 0004:00000000 000027F0 C=BSS      S=.bss     G=DGROUP   M=System   ACBP=A9
 0004:000027F0 0000000C C=BSS      S=.bss     G=DGROUP   M=SysInit  ACBP=A9
 0004:000027FC 00000008 C=BSS      S=.bss     G=DGROUP   M=Windows  ACBP=A9
 0004:00002804 00000A20 C=BSS      S=.bss     G=DGROUP   M=SysUtils ACBP=A9
 0004:00003224 0000005C C=BSS      S=.bss     G=DGROUP   M=VarUtils ACBP=A9
 0004:00003280 00000040 C=BSS      S=.bss     G=DGROUP   M=Variants ACBP=A9
 0004:000032C0 00000004 C=BSS      S=.bss     G=DGROUP   M=TypInfo  ACBP=A9
 0004:000032C4 00000044 C=BSS      S=.bss     G=DGROUP   M=Classes  ACBP=A9
 0004:00003308 00000008 C=BSS      S=.bss     G=DGROUP   M=HelpIntfs ACBP=A9
 0004:00003310 00000031 C=BSS      S=.bss     G=DGROUP   M=MultiMon ACBP=A9
 0004:00003344 00000004 C=BSS      S=.bss     G=DGROUP   M=IniFiles ACBP=A9
 0004:00003348 00000004 C=BSS      S=.bss     G=DGROUP   M=Registry ACBP=A9
 0004:0000334C 00000060 C=BSS      S=.bss     G=DGROUP   M=Graphics ACBP=A9
 0004:000033AC 000000CC C=BSS      S=.bss     G=DGROUP   M=UxTheme  ACBP=A9
 0004:00003478 00000004 C=BSS      S=.bss     G=DGROUP   M=Printers ACBP=A9
 0004:0000347C 00000004 C=BSS      S=.bss     G=DGROUP   M=GraphUtil ACBP=A9
 0004:00003480 00000008 C=BSS      S=.bss     G=DGROUP   M=ExtCtrls ACBP=A9
 0004:00003488 0000000C C=BSS      S=.bss     G=DGROUP   M=Dialogs  ACBP=A9
 0004:00003494 0000000C C=BSS      S=.bss     G=DGROUP   M=Clipbrd  ACBP=A9
 0004:000034A0 00000034 C=BSS      S=.bss     G=DGROUP   M=FlatSB   ACBP=A9
 0004:000034D4 00000008 C=BSS      S=.bss     G=DGROUP   M=Themes   ACBP=A9
 0004:000034DC 00000010 C=BSS      S=.bss     G=DGROUP   M=Menus    ACBP=A9
 0004:000034EC 00000088 C=BSS      S=.bss     G=DGROUP   M=Controls ACBP=A9
 0004:00003574 00000008 C=BSS      S=.bss     G=DGROUP   M=ImgList  ACBP=A9
 0004:0000357C 00000004 C=BSS      S=.bss     G=DGROUP   M=ActnList ACBP=A9
 0004:00003580 00000024 C=BSS      S=.bss     G=DGROUP   M=Forms    ACBP=A9
 0004:000035A4 00000004 C=BSS      S=.bss     G=DGROUP   M=UAddProfile ACBP=A9
 0004:000035A8 000000B8 C=BSS      S=.bss     G=DGROUP   M=Hid      ACBP=A9
 0004:00003660 00000630 C=BSS      S=.bss     G=DGROUP   M=SetupApi ACBP=A9
 0004:00003C90 00000030 C=BSS      S=.bss     G=DGROUP   M=Buttons  ACBP=A9
 0004:00003CC0 00000008 C=BSS      S=.bss     G=DGROUP   M=UHIDMapping ACBP=A9
 0004:00003CC8 00000004 C=BSS      S=.bss     G=DGROUP   M=ExtDlgs  ACBP=A9
 0004:00003CCC 00000004 C=BSS      S=.bss     G=DGROUP   M=Mapi     ACBP=A9
 0004:00003CD0 00000009 C=BSS      S=.bss     G=DGROUP   M=ExtActns ACBP=A9
 0004:00003CDC 0000000C C=BSS      S=.bss     G=DGROUP   M=ComCtrls ACBP=A9
 0004:00003CE8 00000004 C=BSS      S=.bss     G=DGROUP   M=UHIDMapper ACBP=A9
 0005:00000000 00000008 C=TLS      S=.tls     G=(none)   M=System   ACBP=A9
 0005:00000008 00000008 C=TLS      S=.tls     G=(none)   M=Classes  ACBP=A9
 0005:00000010 00000024 C=TLS      S=.tls     G=(none)   M=GraphUtil ACBP=A9


  Address             Publics by Name

 0004:0000357C       ActnList..9
 0001:00053494       ActnList..TActionLink
 0001:0005306C       ActnList..TContainedAction
 0001:0005338C       ActnList..TCustomAction
 0001:00053190       ActnList..TCustomActionList
 0001:00053270       ActnList..TShortCutList
 0002:00000660       ActnList.ActnList
 0001:00054370       ActnList.Finalization
 0001:00053B84       ActnList.TActionLink.IsCaptionLinked
 0001:00053B98       ActnList.TActionLink.IsCheckedLinked
 0001:00053BAC       ActnList.TActionLink.IsEnabledLinked
 0001:00053BC0       ActnList.TActionLink.IsGroupIndexLinked
 0001:00053BD4       ActnList.TActionLink.IsHelpContextLinked
 0001:00053BE8       ActnList.TActionLink.IsHelpLinked
 0001:00053BFC       ActnList.TActionLink.IsHintLinked
 0001:00053C10       ActnList.TActionLink.IsImageIndexLinked
 0001:00053C24       ActnList.TActionLink.IsShortCutLinked
 0001:00053C38       ActnList.TActionLink.IsVisibleLinked
 0001:00053C4C       ActnList.TActionLink.SetAutoCheck
 0001:00053C50       ActnList.TActionLink.SetCaption
 0001:00053C54       ActnList.TActionLink.SetChecked
 0001:00053C58       ActnList.TActionLink.SetEnabled
 0001:00053C5C       ActnList.TActionLink.SetGroupIndex
 0001:00053C60       ActnList.TActionLink.SetHelpContext
 0001:00053C64       ActnList.TActionLink.SetHelpKeyword
 0001:00053C68       ActnList.TActionLink.SetHelpType
 0001:00053C6C       ActnList.TActionLink.SetHint
 0001:00053C70       ActnList.TActionLink.SetImageIndex
 0001:00053C74       ActnList.TActionLink.SetShortCut
 0001:00053C78       ActnList.TActionLink.SetVisible
 0001:00053564       ActnList.TContainedAction.Destroy
 0001:000536D0       ActnList.TContainedAction.Execute
 0001:00053598       ActnList.TContainedAction.GetIndex
 0001:000535B4       ActnList.TContainedAction.GetParentComponent
 0001:000535C4       ActnList.TContainedAction.HasParent
 0001:000535B0       ActnList.TContainedAction.IsCategoryStored
 0001:000535D4       ActnList.TContainedAction.ReadState
 0001:0005367C       ActnList.TContainedAction.SetActionList
 0001:00053650       ActnList.TContainedAction.SetCategory
 0001:00053608       ActnList.TContainedAction.SetIndex
 0001:000536A4       ActnList.TContainedAction.SetParentComponent
 0001:00053728       ActnList.TContainedAction.Update
 0001:00053D20       ActnList.TCustomAction.AssignTo
 0001:00053C7C       ActnList.TCustomAction.Create
 0001:00053CD0       ActnList.TCustomAction.Destroy
 0001:00054240       ActnList.TCustomAction.DoHint
 0001:00054268       ActnList.TCustomAction.Execute
 0001:000542CC       ActnList.TCustomAction.GetSecondaryShortCuts
 0001:000542F4       ActnList.TCustomAction.HandleShortCut
 0001:00053DD0       ActnList.TCustomAction.SetCaption
 0001:00053E30       ActnList.TCustomAction.SetChecked
 0001:00053F38       ActnList.TCustomAction.SetEnabled
 0001:0005401C       ActnList.TCustomAction.SetHelpContext
 0001:00053FB4       ActnList.TCustomAction.SetHelpKeyword
 0001:00054074       ActnList.TCustomAction.SetHint
 0001:000540D4       ActnList.TCustomAction.SetImageIndex
 0001:000541F4       ActnList.TCustomAction.SetName
 0001:00054130       ActnList.TCustomAction.SetShortCut
 0001:00054194       ActnList.TCustomAction.SetVisible
 0001:00053958       ActnList.TCustomActionList.AddAction
 0001:00053994       ActnList.TCustomActionList.Change
 0001:00053780       ActnList.TCustomActionList.Create
 0001:000537EC       ActnList.TCustomActionList.Destroy
 0001:00053AA0       ActnList.TCustomActionList.ExecuteAction
 0001:000538B4       ActnList.TCustomActionList.GetAction
 0001:000538C8       ActnList.TCustomActionList.GetActionCount
 0001:0005383C       ActnList.TCustomActionList.GetChildren
 0001:00053904       ActnList.TCustomActionList.ImageListChange
 0001:000539FC       ActnList.TCustomActionList.IsShortCut
 0001:00053910       ActnList.TCustomActionList.Notification
 0001:00053978       ActnList.TCustomActionList.RemoveAction
 0001:00053884       ActnList.TCustomActionList.SetChildOrder
 0001:000538D0       ActnList.TCustomActionList.SetImages
 0001:00053AE0       ActnList.TCustomActionList.SetState
 0001:00053AC0       ActnList.TCustomActionList.UpdateAction
 0001:00054300       ActnList.TShortCutList.Add
 0001:0005432C       ActnList.TShortCutList.IndexOfShortCut
 0004:00003C90       Buttons..5
 0001:0006A074       Buttons..TBitBtn
 0001:00069F08       Buttons..TBitBtnActionLink
 0001:0006A76C       Buttons..TButtonGlyph
 0001:0006A714       Buttons..TGlyphCache
 0001:0006A654       Buttons..TGlyphList
 0003:000018F8       Buttons.BitBtnCaptions
 0004:00003C94       Buttons.BitBtnGlyphs
 0003:00001924       Buttons.BitBtnModalResults
 0003:000018CC       Buttons.BitBtnResNames
 0002:000006D8       Buttons.Buttons
 0001:0006C290       Buttons.DestroyLocals
 0001:0006C4A4       Buttons.Finalization
 0001:0006A5C8       Buttons.GetBitBtnGlyph
 0003:00001950       Buttons.GlyphCache
 0001:0006C1D4       Buttons.TBitBtn.ActionChange
 0001:0006B910       Buttons.TBitBtn.Click
 0001:0006BDE4       Buttons.TBitBtn.CMEnabledChanged
 0001:0006BDCC       Buttons.TBitBtn.CMFontChanged
 0001:0006C2AC       Buttons.TBitBtn.CMMouseEnter
 0001:0006C2E8       Buttons.TBitBtn.CMMouseLeave
 0001:0006B990       Buttons.TBitBtn.CNDrawItem
 0001:0006B980       Buttons.TBitBtn.CNMeasureItem
 0001:0006C150       Buttons.TBitBtn.CopyImage
 0001:0006B7D0       Buttons.TBitBtn.Create
 0001:0006B8C0       Buttons.TBitBtn.CreateHandle
 0001:0006B8EC       Buttons.TBitBtn.CreateParams
 0001:0006B884       Buttons.TBitBtn.Destroy
 0001:0006B99C       Buttons.TBitBtn.DrawItem
 0001:0006C31C       Buttons.TBitBtn.GetActionLinkClass
 0001:0006BE48       Buttons.TBitBtn.GetGlyph
 0001:0006C058       Buttons.TBitBtn.GetKind
 0001:0006C0E0       Buttons.TBitBtn.GetNumGlyphs
 0001:0006BE10       Buttons.TBitBtn.GetPalette
 0001:0006BE54       Buttons.TBitBtn.GlyphChanged
 0001:0006BE60       Buttons.TBitBtn.IsCustom
 0001:0006BF98       Buttons.TBitBtn.IsCustomCaption
 0001:0006B8FC       Buttons.TBitBtn.SetButtonStyle
 0001:0006BE24       Buttons.TBitBtn.SetGlyph
 0001:0006BE8C       Buttons.TBitBtn.SetKind
 0001:0006C0C8       Buttons.TBitBtn.SetLayout
 0001:0006C134       Buttons.TBitBtn.SetMargin
 0001:0006C0EC       Buttons.TBitBtn.SetNumGlyphs
 0001:0006C11C       Buttons.TBitBtn.SetSpacing
 0001:0006BE74       Buttons.TBitBtn.SetStyle
 0001:0006BDFC       Buttons.TBitBtn.WMLButtonDblClk
 0001:0006C324       Buttons.TBitBtnActionLink.AssignClient
 0001:0006C348       Buttons.TBitBtnActionLink.Create
 0001:0006C384       Buttons.TBitBtnActionLink.IsImageIndexLinked
 0001:0006C3B4       Buttons.TBitBtnActionLink.SetImageIndex
 0001:0006B418       Buttons.TButtonGlyph.CalcButtonLayout
 0001:0006A9F8       Buttons.TButtonGlyph.Create
 0001:0006ABF8       Buttons.TButtonGlyph.CreateButtonGlyph
 0001:0006AA88       Buttons.TButtonGlyph.Destroy
 0001:0006B75C       Buttons.TButtonGlyph.Draw
 0001:0006B1CC       Buttons.TButtonGlyph.DrawButtonGlyph
 0001:0006B328       Buttons.TButtonGlyph.DrawButtonText
 0001:0006AB28       Buttons.TButtonGlyph.GlyphChanged
 0001:0006AAE4       Buttons.TButtonGlyph.Invalidate
 0001:0006AB58       Buttons.TButtonGlyph.SetGlyph
 0001:0006ABD0       Buttons.TButtonGlyph.SetNumGlyphs
 0001:0006A8F4       Buttons.TGlyphCache.Create
 0001:0006A938       Buttons.TGlyphCache.Destroy
 0001:0006A9EC       Buttons.TGlyphCache.Empty
 0001:0006A968       Buttons.TGlyphCache.GetList
 0001:0006A9C8       Buttons.TGlyphCache.ReturnList
 0001:0006A898       Buttons.TGlyphList.AddMasked
 0001:0006A84C       Buttons.TGlyphList.AllocateIndex
 0001:0006A7C8       Buttons.TGlyphList.CreateSize
 0001:0006A8C4       Buttons.TGlyphList.Delete
 0001:0006A81C       Buttons.TGlyphList.Destroy
 0004:000032D0       Classes..95
 0001:0001115C       Classes..EBitsError
 0001:0001104C       Classes..EClassNotFound
 0001:00011214       Classes..EComponentError
 0001:00010E90       Classes..EFCreateError
 0001:00010F44       Classes..EFilerError
 0001:00010E30       Classes..EFileStreamError
 0001:00010EEC       Classes..EFOpenError
 0001:000112CC       Classes..EInvalidOperation
 0001:00011104       Classes..EListError
 0001:00011270       Classes..EOutOfResources
 0001:00010F9C       Classes..EReadError
 0001:000110A8       Classes..EResNotFound
 0001:00010DD4       Classes..EStreamError
 0001:000111B4       Classes..EStringListError
 0001:00011E38       Classes..EThread
 0001:00010FF4       Classes..EWriteError
 0001:000121BC       Classes..TBasicAction
 0001:0001213C       Classes..TBasicActionLink
 0001:000113E8       Classes..TBits
 0001:00011CE4       Classes..TClassFinder
 0001:00011FDC       Classes..TComponent
 0001:000119D8       Classes..TCustomMemoryStream
 0001:00011D40       Classes..TFiler
 0001:00011950       Classes..TFileStream
 0001:000118D8       Classes..THandleStream
 0001:00013064       Classes..TIntConst
 0001:0001152C       Classes..TInterfacedPersistent
 0001:0001132C       Classes..TList
 0001:00011A54       Classes..TMemoryStream
 0001:0001143C       Classes..TPersistent
 0001:0001608C       Classes..TPropFixup
 0001:00016104       Classes..TPropIntfFixup
 0001:00011DA4       Classes..TReader
 0001:00012340       Classes..TRegGroup
 0001:00012398       Classes..TRegGroups
 0001:00011AD0       Classes..TResourceStream
 0001:00011868       Classes..TStream
 0001:00011C5C       Classes..TStreamAdapter
 0001:00011750       Classes..TStringList
 0001:00011618       Classes..TStrings
 0001:00011E8C       Classes..TThread
 0001:00011390       Classes..TThreadList
 0001:00013008       Classes.ActivateClassGroup
 0003:00000AA4       Classes.AddDataModule
 0001:00016364       Classes.AddFinished
 0001:0001639C       Classes.AddNotFinished
 0001:00016F10       Classes.AddSubComponentsToLoaded
 0001:0001946C       Classes.AddThread
 0001:0001ADE4       Classes.AllocateHWnd
 0003:00000AB4       Classes.ApplicationHandleException
 0003:00000ABC       Classes.ApplicationShowException
 0001:00013360       Classes.BeginGlobalLoading
 0001:00019358       Classes.BinToHex
 0003:00000B5C       Classes.BlockCode
 0001:00012304       Classes.Bounds
 0001:0001AD20       Classes.CalcJmpOffset
 0001:00016F4C       Classes.CheckSubComponents
 0001:00019484       Classes.CheckSynchronize
 0002:000001F8       Classes.Classes
 0001:00012DCC       Classes.ClassNotFound
 0001:0001702C       Classes.ComponentCreated
 0003:00000AD8       Classes.Convert
 0003:00000AE8       Classes.Convert
 0001:000170AC       Classes.CreateComponent
 0001:0001AE98       Classes.DeallocateHWnd
 0001:00019420       Classes.DoneThreadSynchronization
 0001:000141D8       Classes.DoWrite
 0001:000133E8       Classes.EndGlobalLoading
 0001:0001296C       Classes.Error
 0001:00015EC4       Classes.Error
 0003:00000ACC       Classes.FilerSignature
 0001:0001AEC0       Classes.Finalization
 0001:00012E8C       Classes.FindClass
 0001:0001725C       Classes.FindExistingComponent
 0001:00013278       Classes.FindGlobalComponent
 0004:000032DC       Classes.FindGlobalComponentProcs
 0001:00013120       Classes.FindIdentToInt
 0001:00016298       Classes.FindNestedComponent
 0001:000181AC       Classes.FindUniqueName
 0001:0001AC8C       Classes.FreeIntConstList
 0001:0001ADC0       Classes.FreeObjectInstance
 0001:00012E38       Classes.GetClass
 0001:00012DC0       Classes.GetFieldClassTable
 0004:000032E0       Classes.GlobalFixupList
 0001:000163E4       Classes.GlobalFixupReferences
 0005:0000000C       Classes.GlobalLists
 0005:00000008       Classes.GlobalLoaded
 0004:000032C4       Classes.GlobalNameSpace
 0001:00012FB4       Classes.GroupDescendentsWith
 0001:000179D0       Classes.HandleException
 0001:00019394       Classes.HexToBin
 0001:0001319C       Classes.IdentToInt
 0001:00013444       Classes.InitComponent
 0001:000134EC       Classes.InitInheritedComponent
 0001:000193EC       Classes.InitThreadSynchronization
 0004:00003300       Classes.InstBlockList
 0004:00003304       Classes.InstFreeList
 0004:000032D4       Classes.IntConstList
 0001:000132DC       Classes.InternalReadComponentRes
 0001:000131DC       Classes.IntToIdent
 0001:0001232C       Classes.InvalidPoint
 0001:000132B8       Classes.IsUniqueGlobalComponentName
 0004:000032C8       Classes.IsUniqueGlobalComponentNameProc
 0001:0001AD28       Classes.MakeObjectInstance
 0001:00013B5C       Classes.Min
 0001:0001ACF8       Classes.ModuleUnload
 0003:00000AD0       Classes.NilMethod
 0001:000133B8       Classes.NotifyGlobalLoading
 0001:000122B4       Classes.Point
 0001:000126F8       Classes.PointerInModule
 0001:00016704       Classes.PropertyNotFound
 0001:00017AD0       Classes.PropPathError
 0001:000166F8       Classes.PropValueError
 0001:000156B4       Classes.RaiseException
 0001:00018D60       Classes.ReadCustomVariant
 0001:000166E0       Classes.ReadError
 0001:0001704C       Classes.Recover
 0001:000122DC       Classes.Rect
 0004:000032D8       Classes.RegGroups
 0001:00012EAC       Classes.RegisterClass
 0001:00013220       Classes.RegisterFindGlobalComponentProc
 0001:000130F4       Classes.RegisterIntegerConsts
 0003:00000AAC       Classes.RemoveDataModule
 0001:000165B0       Classes.RemoveFixupReferences
 0001:0001665C       Classes.RemoveFixups
 0001:000169F4       Classes.RemoveGlobalFixup
 0001:00019478       Classes.RemoveThread
 0001:00019438       Classes.ResetSyncEvent
 0001:00013684       Classes.ReturnAddr
 0001:00014338       Classes.ReturnAddr
 0001:000171BC       Classes.SetCompName
 0001:00016730       Classes.SetElementValue
 0001:00017DD4       Classes.SetInterfaceReference
 0001:00017CF0       Classes.SetIntIdent
 0001:00017D38       Classes.SetObjectIdent
 0001:00016FC4       Classes.SetSubComponentState
 0001:00017D78       Classes.SetVariantReference
 0001:00019460       Classes.SignalSyncEvent
 0001:00018880       Classes.SkipBinary
 0001:000188B0       Classes.SkipCollection
 0001:00018858       Classes.SkipList
 0001:000122CC       Classes.SmallPoint
 0001:00012F68       Classes.StartClassGroup
 0001:0001AD00       Classes.StdWndProc
 0001:000154DC       Classes.StringListCompareStrings
 0004:000032CC       Classes.SyncEvent
 0003:00000B58       Classes.SyncList
 0001:0001A6F8       Classes.TBasicAction.Change
 0001:0001A58C       Classes.TBasicAction.Create
 0001:0001A5D0       Classes.TBasicAction.Destroy
 0001:0001A664       Classes.TBasicAction.Execute
 0001:0001A634       Classes.TBasicAction.ExecuteTarget
 0001:0001A630       Classes.TBasicAction.HandlesTarget
 0001:0001A638       Classes.TBasicAction.Notification
 0001:0001A70C       Classes.TBasicAction.RegisterChanges
 0001:0001A758       Classes.TBasicAction.SetActionComponent
 0001:0001A69C       Classes.TBasicAction.SetOnExecute
 0001:0001A718       Classes.TBasicAction.UnRegisterChanges
 0001:0001A680       Classes.TBasicAction.Update
 0001:0001A660       Classes.TBasicAction.UpdateTarget
 0001:0001A4DC       Classes.TBasicActionLink.AssignClient
 0001:0001A514       Classes.TBasicActionLink.Change
 0001:0001A498       Classes.TBasicActionLink.Create
 0001:0001A4E0       Classes.TBasicActionLink.Destroy
 0001:0001A52C       Classes.TBasicActionLink.Execute
 0001:0001A574       Classes.TBasicActionLink.IsOnExecuteLinked
 0001:0001A548       Classes.TBasicActionLink.SetAction
 0001:0001A578       Classes.TBasicActionLink.SetOnExecute
 0001:0001A580       Classes.TBasicActionLink.Update
 0001:00013B14       Classes.TBits.Destroy
 0001:00013B44       Classes.TBits.Error
 0001:00013C38       Classes.TBits.GetBit
 0001:00013C50       Classes.TBits.OpenBit
 0001:00013C0C       Classes.TBits.SetBit
 0001:00013B68       Classes.TBits.SetSize
 0001:00012BDC       Classes.TClassFinder.Create
 0001:00012D08       Classes.TClassFinder.Destroy
 0001:00012D38       Classes.TClassFinder.GetClass
 0001:00013F50       Classes.TCollection.Add
 0001:00013F70       Classes.TCollection.Clear
 0001:00019D30       Classes.TComponent.BeforeDestruction
 0001:0001A268       Classes.TComponent.ChangeName
 0001:00019C68       Classes.TComponent.Create
 0001:00019FF8       Classes.TComponent.DefineProperties
 0001:00019CB4       Classes.TComponent.Destroy
 0001:00019EC0       Classes.TComponent.DestroyComponents
 0001:00019F1C       Classes.TComponent.Destroying
 0001:0001A3A4       Classes.TComponent.ExecuteAction
 0001:0001A188       Classes.TComponent.FindComponent
 0001:00019D3C       Classes.TComponent.FreeNotification
 0001:0001A08C       Classes.TComponent.GetChildOwner
 0001:0001A090       Classes.TComponent.GetChildParent
 0001:0001A084       Classes.TComponent.GetChildren
 0001:0001A27C       Classes.TComponent.GetComponent
 0001:0001A2A8       Classes.TComponent.GetComponentCount
 0001:0001A094       Classes.TComponent.GetNamePath
 0001:0001A0A8       Classes.TComponent.GetOwner
 0001:0001A0B0       Classes.TComponent.GetParentComponent
 0001:0001A080       Classes.TComponent.HasParent
 0001:00019DD0       Classes.TComponent.Insert
 0001:00019E24       Classes.TComponent.InsertComponent
 0001:0001A494       Classes.TComponent.IntfGetComponent
 0001:0001A0D0       Classes.TComponent.Loaded
 0001:00019F98       Classes.TComponent.Notification
 0001:0001A0DC       Classes.TComponent.PaletteCreated
 0001:0001A414       Classes.TComponent.QueryInterface
 0001:00019D90       Classes.TComponent.ReadLeft
 0001:0001A0E0       Classes.TComponent.ReadState
 0001:00019DA4       Classes.TComponent.ReadTop
 0001:00019DFC       Classes.TComponent.Remove
 0001:00019E88       Classes.TComponent.RemoveComponent
 0001:00019F7C       Classes.TComponent.RemoveFreeNotification
 0001:00019F58       Classes.TComponent.RemoveNotification
 0001:0001A3F4       Classes.TComponent.SafeCallException
 0001:0001A0AC       Classes.TComponent.SetChildOrder
 0001:0001A2B8       Classes.TComponent.SetComponentIndex
 0001:0001A30C       Classes.TComponent.SetDesigning
 0001:0001A1D8       Classes.TComponent.SetName
 0001:0001A0B4       Classes.TComponent.SetParentComponent
 0001:0001A35C       Classes.TComponent.SetReference
 0001:0001A3CC       Classes.TComponent.UpdateAction
 0001:0001A0C4       Classes.TComponent.Updated
 0001:0001A40C       Classes.TComponent.UpdateRegistry
 0001:0001A0B8       Classes.TComponent.Updating
 0001:0001A170       Classes.TComponent.ValidateContainer
 0001:0001A184       Classes.TComponent.ValidateInsert
 0001:0001A0F0       Classes.TComponent.ValidateRename
 0001:00019DB8       Classes.TComponent.WriteLeft
 0001:0001A0E8       Classes.TComponent.WriteState
 0001:00019DC4       Classes.TComponent.WriteTop
 0001:0001A454       Classes.TComponent._AddRef
 0001:0001A474       Classes.TComponent._Release
 0001:00015C70       Classes.TCustomMemoryStream.Read
 0001:00015CA8       Classes.TCustomMemoryStream.Seek
 0001:00015C68       Classes.TCustomMemoryStream.SetPointer
 0001:00016018       Classes.TFiler.Create
 0001:00016060       Classes.TFiler.Destroy
 0001:00016088       Classes.TFiler.SetRoot
 0001:00015A7C       Classes.TFileStream.Create
 0001:00015AC0       Classes.TFileStream.Create
 0001:00015C34       Classes.TFileStream.Destroy
 0001:000159B8       Classes.THandleStream.Create
 0001:000159F4       Classes.THandleStream.Read
 0001:00015A14       Classes.THandleStream.Seek
 0001:00015A40       Classes.THandleStream.SetSize
 0001:00015A54       Classes.THandleStream.SetSize
 0001:00015A04       Classes.THandleStream.Write
 0004:000032FC       Classes.ThreadCount
 0004:000032E4       Classes.ThreadLock
 0001:0001965C       Classes.ThreadProc
 0001:000130BC       Classes.TIntConst.Create
 0001:00013E98       Classes.TInterfacedPersistent.AfterConstruction
 0001:00013F28       Classes.TInterfacedPersistent.QueryInterface
 0001:00013EE8       Classes.TInterfacedPersistent._AddRef
 0001:00013F08       Classes.TInterfacedPersistent._Release
 0001:000135D4       Classes.TList.Add
 0001:00013608       Classes.TList.Clear
 0001:00013620       Classes.TList.Delete
 0001:000135B4       Classes.TList.Destroy
 0001:000136C0       Classes.TList.Error
 0001:00013688       Classes.TList.Error
 0001:00013714       Classes.TList.Expand
 0001:0001372C       Classes.TList.First
 0001:00013734       Classes.TList.Get
 0001:0001375C       Classes.TList.Grow
 0001:00013790       Classes.TList.IndexOf
 0001:000137B0       Classes.TList.Insert
 0001:0001381C       Classes.TList.Last
 0001:00013948       Classes.TList.Notify
 0001:00013828       Classes.TList.Put
 0001:00013878       Classes.TList.Remove
 0001:00013898       Classes.TList.SetCapacity
 0001:000138D4       Classes.TList.SetCount
 0001:00015CF8       Classes.TMemoryStream.Clear
 0001:00015CCC       Classes.TMemoryStream.Destroy
 0001:00015D10       Classes.TMemoryStream.LoadFromStream
 0001:00015D9C       Classes.TMemoryStream.Realloc
 0001:00015D48       Classes.TMemoryStream.SetCapacity
 0001:00015D70       Classes.TMemoryStream.SetSize
 0001:00015E1C       Classes.TMemoryStream.Write
 0001:00013CF4       Classes.TPersistent.Assign
 0001:00013D08       Classes.TPersistent.AssignError
 0001:00013DD8       Classes.TPersistent.AssignTo
 0001:00013DE0       Classes.TPersistent.DefineProperties
 0001:00013CC8       Classes.TPersistent.Destroy
 0001:00013DE4       Classes.TPersistent.GetNamePath
 0001:00013E94       Classes.TPersistent.GetOwner
 0001:00016164       Classes.TPropFixup.Create
 0001:000161BC       Classes.TPropFixup.MakeGlobalReference
 0001:00016204       Classes.TPropFixup.ResolveReference
 0001:00016214       Classes.TPropIntfFixup.ResolveReference
 0001:00016784       Classes.TReader.CheckValue
 0001:000167E4       Classes.TReader.DefineBinaryProperty
 0001:000167A8       Classes.TReader.DefineProperty
 0001:00016748       Classes.TReader.Destroy
 0001:00016A70       Classes.TReader.DoFixupReferences
 0001:000168CC       Classes.TReader.EndOfList
 0001:000168E0       Classes.TReader.Error
 0001:00018BAC       Classes.TReader.FindAncestorComponent
 0001:00018CA4       Classes.TReader.FindComponentClass
 0001:0001698C       Classes.TReader.FindMethod
 0001:00016904       Classes.TReader.FindMethodInstance
 0001:00016BB4       Classes.TReader.FlushBuffer
 0001:00016BD8       Classes.TReader.FreeFixups
 0001:00016C14       Classes.TReader.GetFieldClass
 0001:00016CAC       Classes.TReader.GetPosition
 0001:00016CC4       Classes.TReader.NextValue
 0001:00016CD4       Classes.TReader.PropertyError
 0001:00016CE8       Classes.TReader.Read
 0001:00016D70       Classes.TReader.ReadBoolean
 0001:00016D34       Classes.TReader.ReadBuffer
 0001:00016D84       Classes.TReader.ReadChar
 0001:00016E40       Classes.TReader.ReadCollection
 0001:00017300       Classes.TReader.ReadComponent
 0001:00017740       Classes.TReader.ReadCurrency
 0001:00017540       Classes.TReader.ReadData
 0001:000175B0       Classes.TReader.ReadDataInner
 0001:00017790       Classes.TReader.ReadDate
 0001:000176B8       Classes.TReader.ReadDouble
 0001:00017680       Classes.TReader.ReadFloat
 0001:000177D4       Classes.TReader.ReadIdent
 0001:0001793C       Classes.TReader.ReadInt64
 0001:000178D0       Classes.TReader.ReadInteger
 0001:00017980       Classes.TReader.ReadListBegin
 0001:00017988       Classes.TReader.ReadListEnd
 0001:00017990       Classes.TReader.ReadPrefix
 0001:00017AEC       Classes.TReader.ReadProperty
 0001:00017E94       Classes.TReader.ReadPropValue
 0001:0001820C       Classes.TReader.ReadRootComponent
 0001:00018540       Classes.TReader.ReadSet
 0001:000185FC       Classes.TReader.ReadSignature
 0001:000176FC       Classes.TReader.ReadSingle
 0001:00018620       Classes.TReader.ReadStr
 0001:0001865C       Classes.TReader.ReadString
 0001:000187FC       Classes.TReader.ReadValue
 0001:00018F28       Classes.TReader.ReadVariant
 0001:00016DE4       Classes.TReader.ReadWideChar
 0001:00018718       Classes.TReader.ReadWideString
 0001:00018C64       Classes.TReader.ReferenceName
 0001:00018C7C       Classes.TReader.SetName
 0001:00018D18       Classes.TReader.SkipBytes
 0001:00018B04       Classes.TReader.SkipComponent
 0001:00018ABC       Classes.TReader.SkipProperty
 0001:00018810       Classes.TReader.SkipSetBody
 0001:0001890C       Classes.TReader.SkipValue
 0001:000123F0       Classes.TRegGroup.AddClass
 0001:000123FC       Classes.TRegGroup.BestClass
 0001:0001245C       Classes.TRegGroup.BestGroup
 0001:000124CC       Classes.TRegGroup.Create
 0001:00012528       Classes.TRegGroup.Destroy
 0001:00012568       Classes.TRegGroup.GetClass
 0001:000125D0       Classes.TRegGroup.InGroup
 0001:00012614       Classes.TRegGroup.RegisterClass
 0001:000126D4       Classes.TRegGroup.Registered
 0001:00012718       Classes.TRegGroup.UnregisterModuleClasses
 0001:000127C4       Classes.TRegGroups.Activate
 0001:00012810       Classes.TRegGroups.Create
 0001:00012884       Classes.TRegGroups.Destroy
 0001:000128E4       Classes.TRegGroups.FindGroup
 0001:00012928       Classes.TRegGroups.GetClass
 0001:000129FC       Classes.TRegGroups.GroupWith
 0001:00012AC8       Classes.TRegGroups.Lock
 0001:00012AD4       Classes.TRegGroups.RegisterClass
 0001:00012AEC       Classes.TRegGroups.Registered
 0001:00012B30       Classes.TRegGroups.StartGroup
 0001:00012B80       Classes.TRegGroups.Unlock
 0001:00012B8C       Classes.TRegGroups.UnregisterModuleClasses
 0001:00015E6C       Classes.TResourceStream.Create
 0001:00015FD0       Classes.TResourceStream.Destroy
 0001:00015F64       Classes.TResourceStream.Initialize
 0001:00016000       Classes.TResourceStream.Write
 0001:00015864       Classes.TStream.CopyFrom
 0001:000155C8       Classes.TStream.GetPosition
 0001:000155FC       Classes.TStream.GetSize
 0001:000157F4       Classes.TStream.ReadBuffer
 0001:00015958       Classes.TStream.ReadComponent
 0001:00015700       Classes.TStream.Seek
 0001:00015784       Classes.TStream.Seek
 0001:000155E8       Classes.TStream.SetPosition
 0001:00015648       Classes.TStream.SetSize
 0001:00015660       Classes.TStream.SetSize
 0001:0001564C       Classes.TStream.SetSize64
 0001:0001582C       Classes.TStream.WriteBuffer
 0001:0001AC74       Classes.TStreamAdapter.Clone
 0001:0001ABC8       Classes.TStreamAdapter.Commit
 0001:0001A9C0       Classes.TStreamAdapter.CopyTo
 0001:0001A784       Classes.TStreamAdapter.Create
 0001:0001A7D0       Classes.TStreamAdapter.Destroy
 0001:0001ABE0       Classes.TStreamAdapter.LockRegion
 0001:0001A808       Classes.TStreamAdapter.Read
 0001:0001ABD4       Classes.TStreamAdapter.Revert
 0001:0001A8D8       Classes.TStreamAdapter.Seek
 0001:0001A95C       Classes.TStreamAdapter.SetSize
 0001:0001ABF8       Classes.TStreamAdapter.Stat
 0001:0001ABEC       Classes.TStreamAdapter.UnlockRegion
 0001:0001A870       Classes.TStreamAdapter.Write
 0001:00014F48       Classes.TStringList.Add
 0001:00014F58       Classes.TStringList.AddObject
 0001:00014FBC       Classes.TStringList.Changed
 0001:00014FD8       Classes.TStringList.Changing
 0001:00014FF4       Classes.TStringList.Clear
 0001:00015544       Classes.TStringList.CompareStrings
 0001:0001550C       Classes.TStringList.CustomSort
 0001:00015034       Classes.TStringList.Delete
 0001:00014EEC       Classes.TStringList.Destroy
 0001:000150A0       Classes.TStringList.Exchange
 0001:000150FC       Classes.TStringList.ExchangeItems
 0001:00015120       Classes.TStringList.Find
 0001:000151A4       Classes.TStringList.Get
 0001:000151D8       Classes.TStringList.GetCapacity
 0001:000151DC       Classes.TStringList.GetCount
 0001:000151E0       Classes.TStringList.GetObject
 0001:00015208       Classes.TStringList.Grow
 0001:0001523C       Classes.TStringList.IndexOf
 0001:00015278       Classes.TStringList.Insert
 0001:000152DC       Classes.TStringList.InsertItem
 0001:00015288       Classes.TStringList.InsertObject
 0001:00015358       Classes.TStringList.Put
 0001:000153B4       Classes.TStringList.PutObject
 0001:000153F4       Classes.TStringList.QuickSort
 0001:00015488       Classes.TStringList.SetCapacity
 0001:000154A4       Classes.TStringList.SetSorted
 0001:000154C4       Classes.TStringList.SetUpdateState
 0001:000154FC       Classes.TStringList.Sort
 0001:00014008       Classes.TStrings.Add
 0001:0001402C       Classes.TStrings.AddObject
 0001:00014050       Classes.TStrings.AddStrings
 0001:00014108       Classes.TStrings.Assign
 0001:000141C0       Classes.TStrings.BeginUpdate
 0001:00014E74       Classes.TStrings.CompareStrings
 0001:00014230       Classes.TStrings.DefineProperties
 0001:00013FD8       Classes.TStrings.Destroy
 0001:0001427C       Classes.TStrings.EndUpdate
 0001:00014290       Classes.TStrings.Equals
 0001:00014374       Classes.TStrings.Error
 0001:0001433C       Classes.TStrings.Error
 0001:000143CC       Classes.TStrings.Exchange
 0001:000144B8       Classes.TStrings.GetCapacity
 0001:00014E14       Classes.TStrings.GetLineBreak
 0001:00014EB8       Classes.TStrings.GetNameValueSeparator
 0001:000144C0       Classes.TStrings.GetObject
 0001:000144C4       Classes.TStrings.GetText
 0001:00014518       Classes.TStrings.GetTextStr
 0001:00014650       Classes.TStrings.IndexOf
 0001:000146DC       Classes.TStrings.IndexOfName
 0001:000147B0       Classes.TStrings.IndexOfObject
 0001:000147E4       Classes.TStrings.InsertObject
 0001:00014814       Classes.TStrings.LoadFromFile
 0001:00014868       Classes.TStrings.LoadFromStream
 0001:00014914       Classes.TStrings.Move
 0001:000149C4       Classes.TStrings.Put
 0001:000149F4       Classes.TStrings.PutObject
 0001:000149F8       Classes.TStrings.ReadData
 0001:00014AA8       Classes.TStrings.SaveToFile
 0001:00014B00       Classes.TStrings.SaveToStream
 0001:00014B60       Classes.TStrings.SetCapacity
 0001:00014E48       Classes.TStrings.SetLineBreak
 0001:00014ED0       Classes.TStrings.SetNameValueSeparator
 0001:00014B64       Classes.TStrings.SetStringsAdapter
 0001:00014B98       Classes.TStrings.SetText
 0001:00014BE8       Classes.TStrings.SetTextStr
 0001:00014D8C       Classes.TStrings.SetUpdateState
 0001:00014D90       Classes.TStrings.WriteData
 0001:00019848       Classes.TThread.AfterConstruction
 0001:000198E8       Classes.TThread.CallOnTerminate
 0001:000198D0       Classes.TThread.CheckThreadError
 0001:00019854       Classes.TThread.CheckThreadError
 0001:00019704       Classes.TThread.Create
 0001:000197D4       Classes.TThread.Destroy
 0001:000198FC       Classes.TThread.DoTerminate
 0001:00019910       Classes.TThread.RemoveQueuedEvents
 0001:00019B94       Classes.TThread.Resume
 0001:00019B6C       Classes.TThread.Synchronize
 0001:000199D0       Classes.TThread.Synchronize
 0001:00019BBC       Classes.TThread.Terminate
 0001:00019BC4       Classes.TThread.WaitFor
 0001:00013A1C       Classes.TThreadList.Add
 0001:0001394C       Classes.TThreadList.Create
 0001:000139A0       Classes.TThreadList.Destroy
 0001:00013AA4       Classes.TThreadList.LockList
 0001:00013AB8       Classes.TThreadList.Remove
 0001:00013B08       Classes.TThreadList.UnlockList
 0001:00019148       Classes.TWriter.Write
 0001:000191AC       Classes.TWriter.WriteBoolean
 0001:00019194       Classes.TWriter.WriteBuffer
 0001:000191C0       Classes.TWriter.WriteInteger
 0001:00019234       Classes.TWriter.WriteListBegin
 0001:0001923C       Classes.TWriter.WriteListEnd
 0001:00019244       Classes.TWriter.WriteMinStr
 0001:000192F0       Classes.TWriter.WriteString
 0001:00019344       Classes.TWriter.WriteValue
 0001:00013260       Classes.UnregisterFindGlobalComponentProc
 0001:00012F1C       Classes.UnRegisterModuleClasses
 0003:00000B60       Classes.UtilWindowClass
 0001:00019444       Classes.WaitForSyncEvent
 0003:00000AC4       Classes.WakeMainThread
 0004:00003498       Clipbrd..2
 0004:00003496       Clipbrd.CF_COMPONENT
 0004:00003494       Clipbrd.CF_PICTURE
 0002:000004D8       Clipbrd.Clipbrd
 0004:0000349C       Clipbrd.FClipboard
 0001:00035A88       Clipbrd.Finalization
 0004:00003CDC       ComCtrls..76
 0001:0006E0D4       ComCtrls..TConversion
 0002:0000072C       ComCtrls.ComCtrls
 0001:0006E19C       ComCtrls.Finalization
 0004:00003CE4       ComCtrls.FRichEditModule
 0003:00001A44       ComCtrls.RTFConversionFormat
 0004:00003CE0       ComCtrls.ShellModule
 0001:0006E174       ComCtrls.TConversion.ConvertReadStream
 0001:0006E188       ComCtrls.TConversion.ConvertWriteStream
 0003:00001A50       ComCtrls.TextConversionFormat
 0001:0001CA74       CommCtrl.ImageList_Add
 0001:0001CAB4       CommCtrl.ImageList_BeginDrag
 0001:0001CA5C       CommCtrl.ImageList_Create
 0001:0001CA64       CommCtrl.ImageList_Destroy
 0001:0001CAC4       CommCtrl.ImageList_DragEnter
 0001:0001CACC       CommCtrl.ImageList_DragLeave
 0001:0001CAD4       CommCtrl.ImageList_DragMove
 0001:0001CADC       CommCtrl.ImageList_DragShowNolock
 0001:0001CA8C       CommCtrl.ImageList_Draw
 0001:0001CA9C       CommCtrl.ImageList_DrawEx
 0001:0001CABC       CommCtrl.ImageList_EndDrag
 0001:0001CA84       CommCtrl.ImageList_GetBkColor
 0001:0001CAE4       CommCtrl.ImageList_GetDragImage
 0001:0001CAAC       CommCtrl.ImageList_GetIcon
 0001:0001CAFC       CommCtrl.ImageList_GetIconSize
 0001:0001CA6C       CommCtrl.ImageList_GetImageCount
 0001:0001CAEC       CommCtrl.ImageList_Read
 0001:0001CAA4       CommCtrl.ImageList_Remove
 0001:0001CA94       CommCtrl.ImageList_Replace
 0001:0001CA7C       CommCtrl.ImageList_SetBkColor
 0001:0001CB04       CommCtrl.ImageList_SetIconSize
 0001:0001CAF4       CommCtrl.ImageList_Write
 0001:0001CB0C       CommCtrl._TrackMouseEvent
 0001:0001AF70       Contnrs..TObjectList
 0001:0001AFD8       Contnrs..TOrderedList
 0001:0001B040       Contnrs..TStack
 0001:0001B0A0       Contnrs.TObjectList.Create
 0001:0001B0DC       Contnrs.TObjectList.GetItem
 0001:0001B0F0       Contnrs.TObjectList.Notify
 0001:0001B134       Contnrs.TOrderedList.Create
 0001:0001B178       Contnrs.TOrderedList.Destroy
 0001:0001B1A8       Contnrs.TOrderedList.PeekItem
 0001:0001B11C       Contnrs.TOrderedList.Pop
 0001:0001B1BC       Contnrs.TOrderedList.PopItem
 0001:0001B124       Contnrs.TOrderedList.Push
 0001:0001B1DC       Contnrs.TStack.PushItem
 0004:000034FC       Controls..33
 0001:0003D7F8       Controls..TBaseDragControlObject
 0001:0003EB84       Controls..TControl
 0001:0003DCC8       Controls..TControlActionLink
 0001:0003DB40       Controls..TControlCanvas
 0001:0003F94C       Controls..TCustomControl
 0001:0003DBE0       Controls..TCustomControlAction
 0001:00040178       Controls..TCustomListControl
 0001:00040308       Controls..TCustomMultiSelectListControl
 0001:00040080       Controls..TDockTree
 0001:0003FF34       Controls..TDockZone
 0001:0003D8BC       Controls..TDragControlObject
 0001:0003D948       Controls..TDragControlObjectEx
 0001:0003D9D8       Controls..TDragDockObject
 0001:0003DAA0       Controls..TDragDockObjectEx
 0001:0003FC48       Controls..TDragImageList
 0001:0003D754       Controls..TDragObject
 0001:0003F828       Controls..TGraphicControl
 0001:0003FAB8       Controls..THintWindow
 0001:0003FD14       Controls..TImageList
 0001:0003E118       Controls..TMargins
 0001:00040124       Controls..TMouse
 0001:0003E230       Controls..TPadding
 0001:000409C4       Controls..TSiteList
 0001:0003DFCC       Controls..TSizeConstraints
 0001:0003F418       Controls..TWinControl
 0001:0003EFF4       Controls..TWinControlActionLink
 0001:00041034       Controls.AbsMin
 0004:00003530       Controls.ActiveDrag
 0001:0004737C       Controls.AlignWork
 0003:00001638       Controls.AnchorAlign
 0003:0000162C       Controls.AnimateWindowProc
 0003:00001734       Controls.AnimationStyle
 0001:00043F84       Controls.BackgroundClipped
 0001:000505E8       Controls.CalcSplitterPos
 0001:000420D8       Controls.CancelDrag
 0004:00003544       Controls.CanvasList
 0003:000016F0       Controls.CaptureControl
 0001:000404B4       Controls.ChangeBiDiModeAlignment
 0001:00041D40       Controls.CheckUndock
 0001:0004D42C       Controls.ClientToWindow
 0004:00003502       Controls.ControlAtom
 0004:00003508       Controls.ControlAtomString
 0002:000005D0       Controls.Controls
 0003:00001630       Controls.CreationControl
 0003:0000172C       Controls.Ctl3DStyles
 0003:00001640       Controls.Cursors
 0001:0004085C       Controls.CursorToIdent
 0003:00001634       Controls.DefaultDockTreeClass
 0001:00048308       Controls.DestroyChildWindow
 0001:000471F0       Controls.DoAlign
 0001:0004BD48       Controls.DoCalcConstraints
 0004:00003538       Controls.DockSiteList
 0001:00049038       Controls.DoControlMsg
 0001:00041648       Controls.DoDragOver
 0001:0004E0F0       Controls.DoFindControlZone
 0001:0004E818       Controls.DoFindZone
 0001:0004E174       Controls.DoForEach
 0001:0004FDBC       Controls.DoGetNextLimit
 0001:00050DF4       Controls.DoneControls
 0001:000471A8       Controls.DoPosition
 0001:0004F2CC       Controls.DoPrune
 0001:0004F7E0       Controls.DoSaveZone
 0001:0004FAA4       Controls.DoSetNewBounds
 0001:00047FB4       Controls.DoWriteDesignSize
 0001:000452FC       Controls.DoWriteExplicit
 0001:000452C8       Controls.DoWriteIsControl
 0004:0000351C       Controls.DragCapture
 0004:00003510       Controls.DragControl
 0001:00041DB4       Controls.DragDone
 0001:000415F8       Controls.DragFindTarget
 0001:000415CC       Controls.DragFindWindow
 0004:00003534       Controls.DragImageList
 0001:00041A0C       Controls.DragInit
 0001:00041B7C       Controls.DragInitControl
 0004:00003518       Controls.DragInternalObject
 0001:00041514       Controls.DragMessage
 0004:00003514       Controls.DragObject
 0004:00003540       Controls.DragSave
 0004:00003528       Controls.DragSaveCursor
 0004:00003520       Controls.DragStartPos
 0004:0000352C       Controls.DragThreshold
 0001:00041724       Controls.DragTo
 0001:0004ED50       Controls.DrawCloseButton
 0001:0004EDE4       Controls.DrawGrabberLine
 0001:0004EE6C       Controls.DrawThemedGrabber
 0003:0000171C       Controls.EdgeStyles
 0001:00051430       Controls.Finalization
 0001:0004060C       Controls.FindControl
 0001:00042124       Controls.FindDragTarget
 0001:000420F0       Controls.FindVCLWindow
 0001:000421E8       Controls.FreeDeviceContext
 0001:000422A4       Controls.FreeDeviceContexts
 0001:00040958       Controls.GetCaptureControl
 0001:00047018       Controls.GetClientSize
 0001:00048728       Controls.GetControlAtPos
 0001:0004FE9C       Controls.GetDockAlign
 0001:00041364       Controls.GetDockSiteAtPos
 0001:00041684       Controls.GetDropCtl
 0001:0004DE20       Controls.GetLastChildZone
 0001:000408C0       Controls.GetLongHint
 0001:0004087C       Controls.GetShortHint
 0001:00040A64       Controls.GetTopParent
 0001:0004FF18       Controls.HideZone
 0001:0004086C       Controls.IdentToCursor
 0003:0000175C       Controls.IMM32DLL
 0001:00050DE0       Controls.Imm32IsIME
 0001:00050E7C       Controls.InitControls
 0001:00050A84       Controls.InitIMM32
 0001:000404C8       Controls.InitWndProc
 0003:000016FC       Controls.InnerStyles
 0001:00047078       Controls.InsertBefore
 0001:00041118       Controls.IsBeforeTargetWindow
 0001:0004156C       Controls.IsDelphiHandle
 0001:0004D854       Controls.IsOrientationSet
 0001:00041320       Controls.IsSiteChildOfClient
 0001:00040668       Controls.IsVCLControl
 0004:000034F0       Controls.IsVCLControlHook
 0001:00042170       Controls.ListAdd
 0001:00042198       Controls.ListRemove
 0003:00001748       Controls.MakeLast
 0001:000463C0       Controls.MinVar
 0003:00001760       Controls.ModeMap
 0004:000034EC       Controls.Mouse
 0001:000421B8       Controls.MoveWindowOrg
 0004:000034F8       Controls.NewStyleControls
 0001:0004D838       Controls.NextVisibleZone
 0001:000405D8       Controls.ObjectFromHWnd
 0003:00001740       Controls.OrientArray
 0003:0000170C       Controls.OuterStyles
 0001:0004DC48       Controls.ParentNotLast
 0001:00040904       Controls.PerformEraseBackground
 0001:00047FA0       Controls.PointsEqual
 0004:0000353C       Controls.QualifyingSites
 0001:0004E9B4       Controls.ReadControlName
 0001:000414B8       Controls.RegisterDockSite
 0004:0000350C       Controls.RM_GetObjectInstance
 0001:00040698       Controls.SendAppMessage
 0001:00040980       Controls.SetCaptureControl
 0001:00050D08       Controls.SetImeMode
 0003:000016F4       Controls.ShowFlags
 0001:0004FF98       Controls.ShowZone
 0003:00001754       Controls.SizeCursors
 0001:00040E34       Controls.TBaseDragControlObject.Assign
 0001:00040E10       Controls.TBaseDragControlObject.Create
 0001:00040E60       Controls.TBaseDragControlObject.EndDrag
 0001:00040E84       Controls.TBaseDragControlObject.Finished
 0001:000460F0       Controls.TControl.ActionChange
 0001:000464E0       Controls.TControl.AdjustSize
 0001:00046314       Controls.TControl.AssignTo
 0001:000442DC       Controls.TControl.BeginAutoDrag
 0001:000442F8       Controls.TControl.BeginDrag
 0001:00043E1C       Controls.TControl.BringToFront
 0001:00044D40       Controls.TControl.CalcCursorPos
 0001:00044EA8       Controls.TControl.CalcDockSizes
 0001:00044C40       Controls.TControl.CanAutoSize
 0001:00044C44       Controls.TControl.CanResize
 0001:000437B4       Controls.TControl.Changed
 0001:000437C4       Controls.TControl.ChangeScale
 0001:000458B8       Controls.TControl.CheckNewSize
 0001:000456AC       Controls.TControl.Click
 0001:0004363C       Controls.TControl.ClientToScreen
 0001:00045E48       Controls.TControl.CMBiDiModeChanged
 0001:00045D74       Controls.TControl.CMColorChanged
 0001:00045F78       Controls.TControl.CMDesignHitTest
 0001:00045D54       Controls.TControl.CMEnabledChanged
 0001:00046090       Controls.TControl.CMFloat
 0001:00045D64       Controls.TControl.CMFontChanged
 0001:0004656C       Controls.TControl.CMHintShow
 0001:00045EF8       Controls.TControl.CMHitTest
 0001:00046720       Controls.TControl.CMMouseActivate
 0001:00045F00       Controls.TControl.CMMouseEnter
 0001:00045F3C       Controls.TControl.CMMouseLeave
 0001:00045DD8       Controls.TControl.CMMouseWheel
 0001:00045DB4       Controls.TControl.CMParentBiDiModeChanged
 0001:00045D84       Controls.TControl.CMParentColorChanged
 0001:00045EA4       Controls.TControl.CMParentFontChanged
 0001:00045E68       Controls.TControl.CMParentShowHintChanged
 0001:00045ED4       Controls.TControl.CMSysFontChanged
 0001:00045D2C       Controls.TControl.CMVisibleChanged
 0001:00044D10       Controls.TControl.ConstrainedResize
 0001:00042A14       Controls.TControl.Create
 0001:00045F80       Controls.TControl.CreateFloatingDockSite
 0001:00045718       Controls.TControl.DblClick
 0001:00044780       Controls.TControl.DefaultDockImage
 0001:00045220       Controls.TControl.DefaultHandler
 0001:0004551C       Controls.TControl.DefineProperties
 0001:00044D6C       Controls.TControl.DesignWndProc
 0001:00042B0C       Controls.TControl.Destroy
 0001:000461F0       Controls.TControl.DoActionChange
 0001:00044C74       Controls.TControl.DoCanAutoSize
 0001:00044CE0       Controls.TControl.DoCanResize
 0001:0004330C       Controls.TControl.Dock
 0001:0004457C       Controls.TControl.DockTrackNoTarget
 0001:00044DA0       Controls.TControl.DoConstrainedResize
 0001:00044C30       Controls.TControl.DoConstraintsChange
 0001:000466E0       Controls.TControl.DoContextPopup
 0001:0004343C       Controls.TControl.DoDock
 0001:000448CC       Controls.TControl.DoDragMsg
 0001:00044594       Controls.TControl.DoEndDock
 0001:0004447C       Controls.TControl.DoEndDrag
 0001:00046744       Controls.TControl.DoMarginChange
 0001:000445E0       Controls.TControl.DoMouseActivate
 0001:00045770       Controls.TControl.DoMouseDown
 0001:00045AE8       Controls.TControl.DoMouseUp
 0001:00044614       Controls.TControl.DoMouseWheel
 0001:000446E8       Controls.TControl.DoMouseWheelDown
 0001:00044734       Controls.TControl.DoMouseWheelUp
 0001:000445C0       Controls.TControl.DoStartDock
 0001:0004445C       Controls.TControl.DoStartDrag
 0001:000443E4       Controls.TControl.DragCanceled
 0001:00044430       Controls.TControl.DragDrop
 0001:000443E8       Controls.TControl.Dragging
 0001:000443F4       Controls.TControl.DragOver
 0001:000448AC       Controls.TControl.DrawDragDockImage
 0001:00046500       Controls.TControl.DrawTextBiDiModeFlags
 0001:00046540       Controls.TControl.DrawTextBiDiModeFlagsReadingOnly
 0001:000448BC       Controls.TControl.EraseDragDockImage
 0001:00043C6C       Controls.TControl.FontChanged
 0001:00042C94       Controls.TControl.GetAction
 0001:00046214       Controls.TControl.GetActionLinkClass
 0001:00046758       Controls.TControl.GetAlignWithMargins
 0001:000434CC       Controls.TControl.GetBoundsRect
 0001:0004356C       Controls.TControl.GetClientHeight
 0001:000435AC       Controls.TControl.GetClientOrigin
 0001:00043510       Controls.TControl.GetClientRect
 0001:00043528       Controls.TControl.GetClientWidth
 0001:0004428C       Controls.TControl.GetControlsAlignment
 0001:00043EDC       Controls.TControl.GetDeviceContext
 0001:000463FC       Controls.TControl.GetDockEdge
 0001:00042BD4       Controls.TControl.GetDragImages
 0001:00042BD8       Controls.TControl.GetEnabled
 0001:000464AC       Controls.TControl.GetFloating
 0001:000464D8       Controls.TControl.GetFloatingDockSiteClass
 0001:00043DE4       Controls.TControl.GetMouseCapture
 0001:00042BE0       Controls.TControl.GetPalette
 0001:00042BEC       Controls.TControl.GetParentComponent
 0001:000458B0       Controls.TControl.GetPopupMenu
 0001:00043BBC       Controls.TControl.GetText
 0001:00043B3C       Controls.TControl.GetTextBuf
 0001:00043B2C       Controls.TControl.GetTextLen
 0001:00043B48       Controls.TControl.GetUndockHeight
 0001:00043B5C       Controls.TControl.GetUndockWidth
 0001:00042BE4       Controls.TControl.HasParent
 0001:0004655C       Controls.TControl.InitiateAction
 0001:0004409C       Controls.TControl.Invalidate
 0001:00044010       Controls.TControl.InvalidateControl
 0001:00042DC0       Controls.TControl.IsAnchorsStored
 0001:00043CE0       Controls.TControl.IsBiDiModeStored
 0001:0004621C       Controls.TControl.IsCaptionStored
 0001:00043D78       Controls.TControl.IsColorStored
 0001:0004623C       Controls.TControl.IsEnabledStored
 0001:00043CC0       Controls.TControl.IsFontStored
 0001:0004627C       Controls.TControl.IsHelpContextStored
 0001:0004625C       Controls.TControl.IsHintStored
 0001:000462BC       Controls.TControl.IsOnClickStored
 0001:00043CD4       Controls.TControl.IsShowHintStored
 0001:0004629C       Controls.TControl.IsVisibleStored
 0001:000462DC       Controls.TControl.Loaded
 0001:000449BC       Controls.TControl.ManualDock
 0001:00044B9C       Controls.TControl.ManualFloat
 0001:000440B0       Controls.TControl.MouseActivate
 0001:00045738       Controls.TControl.MouseDown
 0001:00045A04       Controls.TControl.MouseMove
 0001:00045AB0       Controls.TControl.MouseUp
 0001:000440F8       Controls.TControl.MouseWheelHandler
 0001:00042ED8       Controls.TControl.Notification
 0001:00042C18       Controls.TControl.PaletteChanged
 0001:00044E74       Controls.TControl.Perform
 0001:000444A8       Controls.TControl.PositionDockRect
 0001:00046834       Controls.TControl.ReadExplicitHeight
 0001:0004684C       Controls.TControl.ReadExplicitLeft
 0001:0004681C       Controls.TControl.ReadExplicitTop
 0001:000467F4       Controls.TControl.ReadExplicitWidth
 0001:000452A8       Controls.TControl.ReadIsControl
 0001:00042E44       Controls.TControl.ReadState
 0001:00044184       Controls.TControl.Refresh
 0001:00044190       Controls.TControl.Repaint
 0001:00042E14       Controls.TControl.RequestAlign
 0001:00042E24       Controls.TControl.Resize
 0001:00043668       Controls.TControl.ScaleConstraints
 0001:000436EC       Controls.TControl.ScreenToClient
 0001:00043718       Controls.TControl.SendCancelMode
 0001:00043748       Controls.TControl.SendDockNotification
 0001:00042D44       Controls.TControl.SetAction
 0001:00042F30       Controls.TControl.SetAlign
 0001:00046760       Controls.TControl.SetAlignWithMargins
 0001:00042CA4       Controls.TControl.SetAnchors
 0001:00043988       Controls.TControl.SetAutoSize
 0001:00043C50       Controls.TControl.SetBiDiMode
 0001:00043018       Controls.TControl.SetBounds
 0001:000434EC       Controls.TControl.SetBoundsRect
 0001:00043584       Controls.TControl.SetClientHeight
 0001:00043A48       Controls.TControl.SetClientSize
 0001:00043540       Controls.TControl.SetClientWidth
 0001:00043D5C       Controls.TControl.SetColor
 0001:00046714       Controls.TControl.SetConstraints
 0001:00043DC8       Controls.TControl.SetCursor
 0001:00042DD8       Controls.TControl.SetDesignVisible
 0001:00042E10       Controls.TControl.SetDragMode
 0001:00043B14       Controls.TControl.SetEnabled
 0001:00043CB0       Controls.TControl.SetFont
 0001:000432D8       Controls.TControl.SetHeight
 0001:00043494       Controls.TControl.SetHelpContext
 0001:000434A8       Controls.TControl.SetHelpKeyword
 0001:0004323C       Controls.TControl.SetLeft
 0001:0004674C       Controls.TControl.SetMargins
 0001:00043DF4       Controls.TControl.SetMouseCapture
 0001:000439A4       Controls.TControl.SetName
 0001:00043A90       Controls.TControl.SetParent
 0001:00043DA4       Controls.TControl.SetParentBiDiMode
 0001:00043D80       Controls.TControl.SetParentColor
 0001:00042BF0       Controls.TControl.SetParentComponent
 0001:00043CE8       Controls.TControl.SetParentFont
 0001:00043D30       Controls.TControl.SetParentShowHint
 0001:00043B70       Controls.TControl.SetPopupMenu
 0001:00043D0C       Controls.TControl.SetShowHint
 0001:00043BEC       Controls.TControl.SetText
 0001:00043B98       Controls.TControl.SetTextBuf
 0001:00043270       Controls.TControl.SetTop
 0001:00043ADC       Controls.TControl.SetVisible
 0001:000432A4       Controls.TControl.SetWidth
 0001:00043EB8       Controls.TControl.SetZOrder
 0001:00043E30       Controls.TControl.SetZOrderPosition
 0001:00044170       Controls.TControl.Update
 0001:000430B8       Controls.TControl.UpdateAnchorRules
 0001:00044F1C       Controls.TControl.UpdateBoundsRect
 0001:00046790       Controls.TControl.UpdateExplicitBounds
 0001:000442A8       Controls.TControl.UseRightToLeftAlignment
 0001:00044290       Controls.TControl.UseRightToLeftReading
 0001:000442C0       Controls.TControl.UseRightToLeftScrollBar
 0001:00044F4C       Controls.TControl.VisibleChanging
 0001:00045C3C       Controls.TControl.WMCancelMode
 0001:0004659C       Controls.TControl.WMContextMenu
 0001:0004585C       Controls.TControl.WMLButtonDblClk
 0001:000457F4       Controls.TControl.WMLButtonDown
 0001:00045B20       Controls.TControl.WMLButtonUp
 0001:000459D8       Controls.TControl.WMMButtonDblClk
 0001:000459AC       Controls.TControl.WMMButtonDown
 0001:00045BC4       Controls.TControl.WMMButtonUp
 0001:00045A38       Controls.TControl.WMMouseMove
 0001:00045BE4       Controls.TControl.WMMouseWheel
 0001:00045840       Controls.TControl.WMNCLButtonDown
 0001:00045980       Controls.TControl.WMRButtonDblClk
 0001:00045954       Controls.TControl.WMRButtonDown
 0001:00045BA4       Controls.TControl.WMRButtonUp
 0001:00045C7C       Controls.TControl.WMWindowPosChanged
 0001:00044F50       Controls.TControl.WndProc
 0001:000467D4       Controls.TControl.WriteExplicitHeight
 0001:000467E4       Controls.TControl.WriteExplicitLeft
 0001:000467C4       Controls.TControl.WriteExplicitTop
 0001:0004680C       Controls.TControl.WriteExplicitWidth
 0001:000452BC       Controls.TControl.WriteIsControl
 0001:000425C0       Controls.TControlActionLink.AssignClient
 0001:000425DC       Controls.TControlActionLink.DoShowHint
 0001:000426CC       Controls.TControlActionLink.IsCaptionLinked
 0001:00042740       Controls.TControlActionLink.IsDropdownMenuLinked
 0001:00042754       Controls.TControlActionLink.IsEnabledLinked
 0001:00042788       Controls.TControlActionLink.IsEnableDropdownLinked
 0001:00042928       Controls.TControlActionLink.IsHelpLinked
 0001:0004279C       Controls.TControlActionLink.IsHintLinked
 0001:00042848       Controls.TControlActionLink.IsOnExecuteLinked
 0001:000427D4       Controls.TControlActionLink.IsPopupMenuLinked
 0001:00042814       Controls.TControlActionLink.IsVisibleLinked
 0001:00042870       Controls.TControlActionLink.SetCaption
 0001:00042890       Controls.TControlActionLink.SetDropdownMenu
 0001:00042894       Controls.TControlActionLink.SetEnabled
 0001:000428B4       Controls.TControlActionLink.SetEnableDropdown
 0001:000429B0       Controls.TControlActionLink.SetHelpContext
 0001:00042990       Controls.TControlActionLink.SetHelpKeyword
 0001:000429D0       Controls.TControlActionLink.SetHelpType
 0001:000428B8       Controls.TControlActionLink.SetHint
 0001:000428FC       Controls.TControlActionLink.SetOnExecute
 0001:000429F0       Controls.TControlActionLink.SetPopupMenu
 0001:000428DC       Controls.TControlActionLink.SetVisible
 0001:0004237C       Controls.TControlCanvas.CreateHandle
 0001:00042350       Controls.TControlCanvas.Destroy
 0001:00042424       Controls.TControlCanvas.FreeHandle
 0001:00042458       Controls.TControlCanvas.SetControl
 0001:00042470       Controls.TControlCanvas.UpdateTextFlags
 0001:0004D6DC       Controls.TCustomControl.Create
 0001:0004D738       Controls.TCustomControl.Destroy
 0001:0004D834       Controls.TCustomControl.Paint
 0001:0004D788       Controls.TCustomControl.PaintWindow
 0001:0004D768       Controls.TCustomControl.WMPaint
 0001:00051048       Controls.TCustomListControl.MoveSelection
 0001:000503F0       Controls.TDockTree.ActualSize
 0001:0004E0C0       Controls.TDockTree.AdjustDockRect
 0001:00050484       Controls.TDockTree.AdjustFrameRect
 0001:0004E0D8       Controls.TDockTree.BeginUpdate
 0001:000500D0       Controls.TDockTree.ControlVisibilityChanged
 0001:0004DF04       Controls.TDockTree.Create
 0001:0004E06C       Controls.TDockTree.Destroy
 0001:0004FCD0       Controls.TDockTree.DrawSizeSplitter
 0001:0004E0DC       Controls.TDockTree.EndUpdate
 0001:0004E78C       Controls.TDockTree.FindControlAtPos
 0001:0004E148       Controls.TDockTree.FindControlZone
 0001:0004E1B0       Controls.TDockTree.ForEachAt
 0001:0004E1C8       Controls.TDockTree.GetControlBounds
 0001:0004FE4C       Controls.TDockTree.GetNextLimit
 0001:0004E23C       Controls.TDockTree.HitTest
 0001:0004E24C       Controls.TDockTree.InsertControl
 0001:0004E468       Controls.TDockTree.InsertNewParent
 0001:0004E610       Controls.TDockTree.InsertSibling
 0001:0004E92C       Controls.TDockTree.InternalHitTest
 0001:0004E9FC       Controls.TDockTree.LoadFromStream
 0001:000504C4       Controls.TDockTree.MouseDown
 0001:00050678       Controls.TDockTree.MouseMove
 0001:000506C8       Controls.TDockTree.MouseUp
 0001:0004EEC8       Controls.TDockTree.PaintDockFrame
 0001:0004F01C       Controls.TDockTree.PaintSite
 0001:0004F150       Controls.TDockTree.PositionDockRect
 0001:0004F300       Controls.TDockTree.PruneZone
 0001:00050458       Controls.TDockTree.ReferenceFromOrient
 0001:00050420       Controls.TDockTree.RelativeSize
 0001:0004F35C       Controls.TDockTree.RemoveControl
 0001:0004F39C       Controls.TDockTree.RemoveZone
 0001:0004F63C       Controls.TDockTree.ResetBounds
 0001:0004F8F0       Controls.TDockTree.SaveToStream
 0001:0004F724       Controls.TDockTree.ScaleZone
 0001:0004FB2C       Controls.TDockTree.SetNewBounds
 0001:0004FB5C       Controls.TDockTree.SetReplacingControl
 0001:0004FB74       Controls.TDockTree.ShiftZone
 0001:0005073C       Controls.TDockTree.ShowHint
 0001:0004FBA8       Controls.TDockTree.SplitterMouseDown
 0001:0004FC08       Controls.TDockTree.SplitterMouseUp
 0001:0004FC84       Controls.TDockTree.UpdateAll
 0001:0004FCAC       Controls.TDockTree.UpdateZone
 0001:0004FCBC       Controls.TDockTree.WindowProc
 0001:00050158       Controls.TDockTree.WndProc
 0001:0004E688       Controls.TDockTree.ZoneCaptionHitTest
 0001:0004D878       Controls.TDockZone.Create
 0001:0004DE30       Controls.TDockZone.ExpandZoneLimit
 0001:0004DEF8       Controls.TDockZone.FirstVisibleChild
 0001:0004D89C       Controls.TDockZone.GetChildCount
 0001:0004DB80       Controls.TDockZone.GetControlName
 0001:0004DA20       Controls.TDockZone.GetHeightWidth
 0001:0004D90C       Controls.TDockZone.GetLimitBegin
 0001:0004D954       Controls.TDockZone.GetLimitSize
 0001:0004D99C       Controls.TDockZone.GetTopLeft
 0001:0004D8D4       Controls.TDockZone.GetVisible
 0001:0004D8B0       Controls.TDockZone.GetVisibleChildCount
 0001:0004DDF4       Controls.TDockZone.GetZoneLimit
 0001:0004DED0       Controls.TDockZone.NextVisible
 0001:0004DEDC       Controls.TDockZone.PrevVisible
 0001:0004DAD8       Controls.TDockZone.ResetChildren
 0001:0004DE70       Controls.TDockZone.ResetZoneLimits
 0001:0004DBC4       Controls.TDockZone.SetControlName
 0001:0004DE1C       Controls.TDockZone.SetZoneLimit
 0001:0004DC78       Controls.TDockZone.Update
 0001:00040EB8       Controls.TDragControlObject.GetDragCursor
 0001:00040ED0       Controls.TDragControlObject.GetDragImages
 0001:00040EDC       Controls.TDragControlObject.HideDragImage
 0001:00040EFC       Controls.TDragControlObject.ShowDragImage
 0001:00040F1C       Controls.TDragControlObjectEx.BeforeDestruction
 0001:00041058       Controls.TDragDockObject.AdjustDockRect
 0001:00040FB8       Controls.TDragDockObject.Assign
 0001:00040F20       Controls.TDragDockObject.Create
 0001:00040F88       Controls.TDragDockObject.Destroy
 0001:000410D4       Controls.TDragDockObject.DrawDragDockImage
 0001:00041018       Controls.TDragDockObject.EndDrag
 0001:000410E8       Controls.TDragDockObject.EraseDragDockImage
 0001:000410FC       Controls.TDragDockObject.GetDragCursor
 0001:00041108       Controls.TDragDockObject.GetEraseWhenMoving
 0001:0004110C       Controls.TDragDockObject.GetFrameWidth
 0001:00041114       Controls.TDragDockObjectEx.BeforeDestruction
 0001:0004D51C       Controls.TDragImageList.BeginDrag
 0001:0004D590       Controls.TDragImageList.DragLock
 0001:0004D618       Controls.TDragImageList.DragMove
 0001:0004D5F4       Controls.TDragImageList.DragUnlock
 0001:0004D68C       Controls.TDragImageList.EndDrag
 0001:0004D4F0       Controls.TDragImageList.GetHotSpot
 0001:0004D674       Controls.TDragImageList.HideDragImage
 0001:0004D46C       Controls.TDragImageList.Initialize
 0001:0004D4CC       Controls.TDragImageList.SetDragCursor
 0001:0004D484       Controls.TDragImageList.SetDragImage
 0001:0004D65C       Controls.TDragImageList.ShowDragImage
 0001:00040E00       Controls.TDragObject.AfterConstruction
 0001:00040BAC       Controls.TDragObject.Assign
 0001:00040DF0       Controls.TDragObject.BeforeDestruction
 0001:00040BEC       Controls.TDragObject.Capture
 0001:00040C04       Controls.TDragObject.Finished
 0001:00040D7C       Controls.TDragObject.GetDragCursor
 0001:00040D78       Controls.TDragObject.GetDragImages
 0001:00040C0C       Controls.TDragObject.GetName
 0001:00040D94       Controls.TDragObject.HideDragImage
 0001:00040D98       Controls.TDragObject.Instance
 0001:00040DA4       Controls.TDragObject.MainWndProc
 0001:00040C34       Controls.TDragObject.ReleaseCapture
 0001:00040DA0       Controls.TDragObject.ShowDragImage
 0001:00040C48       Controls.TDragObject.WndProc
 0001:0004CCEC       Controls.TGraphicControl.Create
 0001:0004CD48       Controls.TGraphicControl.Destroy
 0001:0004CE30       Controls.TGraphicControl.Paint
 0001:0004CD88       Controls.TGraphicControl.WMPaint
 0001:0004D120       Controls.THintWindow.ActivateHint
 0001:0004D314       Controls.THintWindow.ActivateHintData
 0001:0004D33C       Controls.THintWindow.CalcHintRect
 0001:0004D088       Controls.THintWindow.CMTextChanged
 0001:0004CE34       Controls.THintWindow.Create
 0001:0004CEA0       Controls.THintWindow.CreateParams
 0001:0004D018       Controls.THintWindow.IsHintMsg
 0001:0004D398       Controls.THintWindow.NCPaint
 0001:0004CF70       Controls.THintWindow.Paint
 0001:0004D07C       Controls.THintWindow.ReleaseHandle
 0001:0004D428       Controls.THintWindow.ShouldHideHint
 0001:0004CF04       Controls.THintWindow.WMNCHitTest
 0001:0004CF0C       Controls.THintWindow.WMNCPaint
 0001:0004D404       Controls.THintWindow.WMPrint
 0001:000510A8       Controls.TMargins.AssignTo
 0001:000510F0       Controls.TMargins.Change
 0001:00051064       Controls.TMargins.Create
 0001:00051268       Controls.TMargins.GetControlBound
 0001:00051104       Controls.TMargins.InitDefaults
 0001:0005117C       Controls.TMargins.SetControlBounds
 0001:00051124       Controls.TMargins.SetMargin
 0001:00050830       Controls.TMouse.Create
 0001:000508C0       Controls.TMouse.CreatePanningWindow
 0001:000508EC       Controls.TMouse.Destroy
 0001:0005091C       Controls.TMouse.GetCapture
 0001:00050924       Controls.TMouse.GetCursorPos
 0001:00050934       Controls.TMouse.GetIsDragging
 0001:00050940       Controls.TMouse.GetIsPanning
 0001:00050964       Controls.TMouse.GetMouseData
 0001:00050980       Controls.TMouse.GetNativeData
 0001:000509B0       Controls.TMouse.GetRegisteredData
 0001:000509D8       Controls.TMouse.SetCapture
 0001:00050A00       Controls.TMouse.SetPanningWindow
 0001:00050A20       Controls.TMouse.SettingChanged
 0001:0005142C       Controls.TPadding.InitDefaults
 0001:0004A6E0       Controls.TraverseControls
 0003:00001750       Controls.TreeStreamEndFlag
 0001:00040A90       Controls.TSiteList.AddSite
 0001:00040B14       Controls.TSiteList.Clear
 0001:00040A2C       Controls.TSiteList.Find
 0001:00040B48       Controls.TSiteList.GetTopSite
 0001:000424D8       Controls.TSizeConstraints.AssignTo
 0001:000425AC       Controls.TSizeConstraints.Change
 0001:0004249C       Controls.TSizeConstraints.Create
 0001:00042520       Controls.TSizeConstraints.SetConstraints
 0001:0004C2D4       Controls.TWinControl.ActionChange
 0001:00047B70       Controls.TWinControl.AddBiDiModeExStyle
 0001:00046C08       Controls.TWinControl.AdjustClientRect
 0001:0004B83C       Controls.TWinControl.AdjustSize
 0001:000474D4       Controls.TWinControl.AlignControl
 0001:000473D0       Controls.TWinControl.AlignControls
 0001:00046C38       Controls.TWinControl.ArrangeControl
 0001:0004C31C       Controls.TWinControl.AssignTo
 0001:00047A6C       Controls.TWinControl.Broadcast
 0001:0004BE0C       Controls.TWinControl.CalcConstraints
 0001:0004C34C       Controls.TWinControl.CanAutoSize
 0001:0004B5F8       Controls.TWinControl.CanFocus
 0001:0004BD40       Controls.TWinControl.CanResize
 0001:0004B1BC       Controls.TWinControl.ChangeScale
 0001:0004AA08       Controls.TWinControl.CMBiDiModeChanged
 0001:0004AC64       Controls.TWinControl.CMBorderChanged
 0001:0004AAE0       Controls.TWinControl.CMChanged
 0001:0004AAF4       Controls.TWinControl.CMChildKey
 0001:0004ABC0       Controls.TWinControl.CMColorChanged
 0001:0004ADA4       Controls.TWinControl.CMControlListChange
 0001:0004ADB8       Controls.TWinControl.CMControlListChanging
 0001:0004ACA4       Controls.TWinControl.CMCtl3DChanged
 0001:0004AC24       Controls.TWinControl.CMCursorChanged
 0001:0004AAC0       Controls.TWinControl.CMDesignHitTest
 0001:0004AB10       Controls.TWinControl.CMDialogChar
 0001:0004AB08       Controls.TWinControl.CMDialogKey
 0001:0004A29C       Controls.TWinControl.CMDockClient
 0001:0004AD44       Controls.TWinControl.CMDrag
 0001:0004AB78       Controls.TWinControl.CMEnabledChanged
 0001:0004AA40       Controls.TWinControl.CMEnter
 0001:0004AAB0       Controls.TWinControl.CMExit
 0001:0004A3B4       Controls.TWinControl.CMFloat
 0001:0004AB18       Controls.TWinControl.CMFocusChanged
 0001:0004AD34       Controls.TWinControl.CMFontChange
 0001:0004ABE8       Controls.TWinControl.CMFontChanged
 0001:0004B4F4       Controls.TWinControl.CMInvalidate
 0001:0004ACE4       Controls.TWinControl.CMParentCtl3DChanged
 0001:000483D8       Controls.TWinControl.CMRecreateWnd
 0001:0004A9F0       Controls.TWinControl.CMShowHintChanged
 0001:0004AB50       Controls.TWinControl.CMShowingChanged
 0001:0004AD24       Controls.TWinControl.CMSysColorChange
 0001:0004ADCC       Controls.TWinControl.CMSysFontChanged
 0001:0004CAE4       Controls.TWinControl.CMTextChanged
 0001:0004AD3C       Controls.TWinControl.CMTimeChange
 0001:0004A38C       Controls.TWinControl.CMUnDockClient
 0001:0004AB20       Controls.TWinControl.CMVisibleChanged
 0001:0004AD2C       Controls.TWinControl.CMWinIniChange
 0001:0004AFB8       Controls.TWinControl.CNChar
 0001:0004AE80       Controls.TWinControl.CNKeyDown
 0001:0004AF64       Controls.TWinControl.CNKeyUp
 0001:0004B064       Controls.TWinControl.CNSysChar
 0001:0004B008       Controls.TWinControl.CNSysKeyDown
 0001:0004C298       Controls.TWinControl.ConstrainedResize
 0001:000477B4       Controls.TWinControl.ContainsControl
 0001:000487F4       Controls.TWinControl.ControlAtPos
 0001:0004A140       Controls.TWinControl.ControlsAligned
 0001:00046898       Controls.TWinControl.Create
 0001:0004A144       Controls.TWinControl.CreateDockManager
 0001:000481FC       Controls.TWinControl.CreateHandle
 0001:00047BD8       Controls.TWinControl.CreateParams
 0001:00047B04       Controls.TWinControl.CreateSubClass
 0001:00047ED4       Controls.TWinControl.CreateWindowHandle
 0001:00047D04       Controls.TWinControl.CreateWnd
 0001:00048294       Controls.TWinControl.CustomAlignInsertBefore
 0001:000482B8       Controls.TWinControl.CustomAlignPosition
 0001:00048F30       Controls.TWinControl.DefaultHandler
 0001:00048094       Controls.TWinControl.DefineProperties
 0001:000469DC       Controls.TWinControl.Destroy
 0001:0004834C       Controls.TWinControl.DestroyHandle
 0001:00048150       Controls.TWinControl.DestroyWindowHandle
 0001:000480F0       Controls.TWinControl.DestroyWnd
 0001:00047568       Controls.TWinControl.DisableAlign
 0001:00049ED4       Controls.TWinControl.DoAddDockClient
 0001:00049F28       Controls.TWinControl.DockDrop
 0001:00049FAC       Controls.TWinControl.DockOver
 0001:0004CB30       Controls.TWinControl.DockReplaceDockClient
 0001:00049F78       Controls.TWinControl.DoDockOver
 0001:00049EE8       Controls.TWinControl.DoEnter
 0001:00049F08       Controls.TWinControl.DoExit
 0001:00047598       Controls.TWinControl.DoFlipChildren
 0001:0004A464       Controls.TWinControl.DoKeyDown
 0001:0004A658       Controls.TWinControl.DoKeyPress
 0001:0004A590       Controls.TWinControl.DoKeyUp
 0001:0004CB94       Controls.TWinControl.DoPaddingChange
 0001:00049EE4       Controls.TWinControl.DoRemoveDockClient
 0001:00049FF0       Controls.TWinControl.DoUnDock
 0001:00047570       Controls.TWinControl.EnableAlign
 0001:0004BB80       Controls.TWinControl.FindNextControl
 0001:00046ABC       Controls.TWinControl.FixupTabList
[...]
 0004:00003AD0       SetupApi.SetupDiGetINFClass
 0004:00003AD4       SetupApi.SetupDiBuildClassInfoList
 0004:00003AD8       SetupApi.SetupDiBuildClassInfoListExA
 0004:00003ADC       SetupApi.SetupDiBuildClassInfoListExW
 0004:00003AE0       SetupApi.SetupDiBuildClassInfoListEx
 0004:00003AE4       SetupApi.SetupDiGetClassDescriptionA
 0004:00003AE8       SetupApi.SetupDiGetClassDescriptionW
 0004:00003AEC       SetupApi.SetupDiGetClassDescription
 0004:00003AF0       SetupApi.SetupDiGetClassDescriptionExA
 0004:00003AF4       SetupApi.SetupDiGetClassDescriptionExW
 0004:00003AF8       SetupApi.SetupDiGetClassDescriptionEx
 0004:00003AFC       SetupApi.SetupDiCallClassInstaller
 0004:00003B00       SetupApi.SetupDiSelectDevice
 0004:00003B04       SetupApi.SetupDiSelectBestCompatDrv
 0004:00003B08       SetupApi.SetupDiInstallDevice
 0004:00003B0C       SetupApi.SetupDiInstallDriverFiles
 0004:00003B10       SetupApi.SetupDiRegisterCoDeviceInstallers
 0004:00003B14       SetupApi.SetupDiRemoveDevice
 0004:00003B18       SetupApi.SetupDiUnremoveDevice
 0004:00003B1C       SetupApi.SetupDiMoveDuplicateDevice
 0004:00003B20       SetupApi.SetupDiChangeState
 0004:00003B24       SetupApi.SetupDiInstallClassA
 0004:00003B28       SetupApi.SetupDiInstallClassW
 0004:00003B2C       SetupApi.SetupDiInstallClass
 0004:00003B30       SetupApi.SetupDiInstallClassExA
 0004:00003B34       SetupApi.SetupDiInstallClassExW
 0004:00003B38       SetupApi.SetupDiInstallClassEx
 0004:00003B3C       SetupApi.SetupDiOpenClassRegKey
 0004:00003B40       SetupApi.SetupDiOpenClassRegKeyExA
 0004:00003B44       SetupApi.SetupDiOpenClassRegKeyExW
 0004:00003B48       SetupApi.SetupDiOpenClassRegKeyEx
 0004:00003B4C       SetupApi.SetupDiCreateDeviceInterfaceRegKeyA
 0004:00003B50       SetupApi.SetupDiCreateInterfaceDeviceRegKeyA
 0004:00003B54       SetupApi.SetupDiCreateDeviceInterfaceRegKeyW
 0004:00003B58       SetupApi.SetupDiCreateInterfaceDeviceRegKeyW
 0004:00003B5C       SetupApi.SetupDiCreateDeviceInterfaceRegKey
 0004:00003B60       SetupApi.SetupDiCreateInterfaceDeviceRegKey
 0004:00003B64       SetupApi.SetupDiOpenDeviceInterfaceRegKey
 0004:00003B68       SetupApi.SetupDiOpenInterfaceDeviceRegKey
 0004:00003B6C       SetupApi.SetupDiDeleteDeviceInterfaceRegKey
 0004:00003B70       SetupApi.SetupDiDeleteInterfaceDeviceRegKey
 0004:00003B74       SetupApi.SetupDiCreateDevRegKeyA
 0004:00003B78       SetupApi.SetupDiCreateDevRegKeyW
 0004:00003B7C       SetupApi.SetupDiCreateDevRegKey
 0004:00003B80       SetupApi.SetupDiOpenDevRegKey
 0004:00003B84       SetupApi.SetupDiDeleteDevRegKey
 0004:00003B88       SetupApi.SetupDiGetHwProfileList
 0004:00003B8C       SetupApi.SetupDiGetHwProfileListExA
 0004:00003B90       SetupApi.SetupDiGetHwProfileListExW
 0004:00003B94       SetupApi.SetupDiGetHwProfileListEx
 0004:00003B98       SetupApi.SetupDiGetDeviceRegistryPropertyA
 0004:00003B9C       SetupApi.SetupDiGetDeviceRegistryPropertyW
 0004:00003BA0       SetupApi.SetupDiGetDeviceRegistryProperty
 0004:00003BA4       SetupApi.SetupDiSetDeviceRegistryPropertyA
 0004:00003BA8       SetupApi.SetupDiSetDeviceRegistryPropertyW
 0004:00003BAC       SetupApi.SetupDiSetDeviceRegistryProperty
 0004:00003BB0       SetupApi.SetupDiGetDeviceInstallParamsA
 0004:00003BB4       SetupApi.SetupDiGetDeviceInstallParamsW
 0004:00003BB8       SetupApi.SetupDiGetDeviceInstallParams
 0004:00003BBC       SetupApi.SetupDiGetClassInstallParamsA
 0004:00003BC0       SetupApi.SetupDiGetClassInstallParamsW
 0004:00003BC4       SetupApi.SetupDiGetClassInstallParams
 0004:00003BC8       SetupApi.SetupDiSetDeviceInstallParamsA
 0004:00003BCC       SetupApi.SetupDiSetDeviceInstallParamsW
 0004:00003BD0       SetupApi.SetupDiSetDeviceInstallParams
 0004:00003BD4       SetupApi.SetupDiSetClassInstallParamsA
 0004:00003BD8       SetupApi.SetupDiSetClassInstallParamsW
 0004:00003BDC       SetupApi.SetupDiSetClassInstallParams
 0004:00003BE0       SetupApi.SetupDiGetDriverInstallParamsA
 0004:00003BE4       SetupApi.SetupDiGetDriverInstallParamsW
 0004:00003BE8       SetupApi.SetupDiGetDriverInstallParams
 0004:00003BEC       SetupApi.SetupDiSetDriverInstallParamsA
 0004:00003BF0       SetupApi.SetupDiSetDriverInstallParamsW
 0004:00003BF4       SetupApi.SetupDiSetDriverInstallParams
 0004:00003BF8       SetupApi.SetupDiLoadClassIcon
 0004:00003BFC       SetupApi.SetupDiDrawMiniIcon
 0004:00003C00       SetupApi.SetupDiGetClassBitmapIndex
 0004:00003C04       SetupApi.SetupDiGetClassImageList
 0004:00003C08       SetupApi.SetupDiGetClassImageListExA
 0004:00003C0C       SetupApi.SetupDiGetClassImageListExW
 0004:00003C10       SetupApi.SetupDiGetClassImageListEx
 0004:00003C14       SetupApi.SetupDiGetClassImageIndex
 0004:00003C18       SetupApi.SetupDiDestroyClassImageList
 0004:00003C1C       SetupApi.SetupDiGetClassDevPropertySheetsA
 0004:00003C20       SetupApi.SetupDiGetClassDevPropertySheetsW
 0004:00003C24       SetupApi.SetupDiGetClassDevPropertySheets
 0004:00003C28       SetupApi.SetupDiAskForOEMDisk
 0004:00003C2C       SetupApi.SetupDiSelectOEMDrv
 0004:00003C30       SetupApi.SetupDiClassNameFromGuidA
 0004:00003C34       SetupApi.SetupDiClassNameFromGuidW
 0004:00003C38       SetupApi.SetupDiClassNameFromGuid
 0004:00003C3C       SetupApi.SetupDiClassNameFromGuidExA
 0004:00003C40       SetupApi.SetupDiClassNameFromGuidExW
 0004:00003C44       SetupApi.SetupDiClassNameFromGuidEx
 0004:00003C48       SetupApi.SetupDiClassGuidsFromNameA
 0004:00003C4C       SetupApi.SetupDiClassGuidsFromNameW
 0004:00003C50       SetupApi.SetupDiClassGuidsFromName
 0004:00003C54       SetupApi.SetupDiClassGuidsFromNameExA
 0004:00003C58       SetupApi.SetupDiClassGuidsFromNameExW
 0004:00003C5C       SetupApi.SetupDiClassGuidsFromNameEx
 0004:00003C60       SetupApi.SetupDiGetHwProfileFriendlyNameA
 0004:00003C64       SetupApi.SetupDiGetHwProfileFriendlyNameW
 0004:00003C68       SetupApi.SetupDiGetHwProfileFriendlyName
 0004:00003C6C       SetupApi.SetupDiGetHwProfileFriendlyNameExA
 0004:00003C70       SetupApi.SetupDiGetHwProfileFriendlyNameExW
 0004:00003C74       SetupApi.SetupDiGetHwProfileFriendlyNameEx
 0004:00003C78       SetupApi.SetupDiGetWizardPage
 0004:00003C7C       SetupApi.SetupDiGetSelectedDevice
 0004:00003C80       SetupApi.SetupDiSetSelectedDevice
 0004:00003C84       SetupApi.SetupDiGetActualSectionToInstallA
 0004:00003C88       SetupApi.SetupDiGetActualSectionToInstallW
 0004:00003C8C       SetupApi.SetupDiGetActualSectionToInstall
 0004:00003C90       Buttons..5
 0004:00003C94       Buttons.BitBtnGlyphs
 0004:00003CC0       UHIDMapping.HIDMapping
 0004:00003CC4       UHIDMapping..5
 0004:00003CC8       ExtDlgs..6
 0004:00003CCC       Mapi..1
 0004:00003CD0       ExtActns..72
 0004:00003CD4       ExtActns.UrlMonHandle
 0004:00003CD8       ExtActns.UrlMonInitialized
 0004:00003CDC       ComCtrls..76
 0004:00003CE0       ComCtrls.ShellModule
 0004:00003CE4       ComCtrls.FRichEditModule
 0004:00003CE8       UHIDMapper.HIDM
 0005:00000000       System.RaiseListPtr
 0005:00000004       System.InOutRes
 0005:00000008       Classes.GlobalLoaded
 0005:0000000C       Classes.GlobalLists
 0005:00000010       GraphUtil.CachedHighlightLum
 0005:00000014       GraphUtil.CachedHighlightColor
 0005:00000018       GraphUtil.CachedHighlight
 0005:0000001C       GraphUtil.CachedShadowLum
 0005:00000020       GraphUtil.CachedShadowColor
 0005:00000024       GraphUtil.CachedShadow
 0005:00000028       GraphUtil.CachedColorValue
 0005:0000002C       GraphUtil.CachedLumValue
 0005:00000030       GraphUtil.CachedColorAdjustLuma
 0005:00000034       SysInit.TlsLast


Line numbers for ModuleLoader(ModuleLoader.pas) segment .text

   132 0001:00062528   133 0001:00062548   134 0001:0006254D   135 0001:0006255D
   136 0001:00062565   155 0001:00062588   156 0001:0006258B   157 0001:00062590
   158 0001:00062598   159 0001:0006259C   166 0001:000625A0   167 0001:000625C1
   168 0001:000625C3   169 0001:000625C7   170 0001:000625D8   181 0001:000625FC
   182 0001:00062620   183 0001:00062622   184 0001:00062626   185 0001:00062637
   186 0001:00062648   441 0001:0006266D

Line numbers for JvHidControllerClass(JvHidControllerClass.pas) segment .text

   520 0001:00068544   529 0001:0006854C   530 0001:00068567   531 0001:00068572
   532 0001:00068575   533 0001:0006857A   534 0001:0006859F   542 0001:000685C0
   543 0001:000685C1   544 0001:000685E3   547 0001:000685E8   548 0001:000685E9
   549 0001:000685F6   550 0001:00068607   553 0001:0006860C   554 0001:0006860F
   559 0001:00068614   560 0001:0006861D   564 0001:00068627   565 0001:0006862C
   566 0001:00068645   570 0001:0006866B   571 0001:0006867B   573 0001:0006868B
   575 0001:0006868F   576 0001:0006869A   578 0001:000686A0   579 0001:000686AA
   581 0001:000686B3   586 0001:000686C2   587 0001:000686CA   561 0001:000686D7
   592 0001:000686E1   593 0001:000686E9   594 0001:000686F3   599 0001:000686FC
   600 0001:00068745   601 0001:0006874E   602 0001:00068754   605 0001:0006875F
   606 0001:0006876F   607 0001:0006878B   608 0001:000687A7   609 0001:000687B7
   610 0001:000687C7   611 0001:000687E3   612 0001:000687FF   613 0001:0006881B
   614 0001:0006882B   615 0001:0006883B   616 0001:00068857   617 0001:00068867
   620 0001:00068883   621 0001:0006889F   622 0001:000688AF   623 0001:000688CB
   624 0001:000688E7   625 0001:000688F7   626 0001:00068913   627 0001:00068923
   628 0001:00068933   629 0001:0006894F   630 0001:0006896B   631 0001:00068987
   632 0001:00068997   633 0001:000689B3   636 0001:000689F8   637 0001:00068A03
   638 0001:00068A0B   639 0001:00068A13   640 0001:00068A1B   641 0001:00068A23
   642 0001:00068A2F   672 0001:00068A40   673 0001:00068A49   674 0001:00068A4E
   675 0001:00068A53   676 0001:00068A5A   678 0001:00068A7D   679 0001:00068A90
   688 0001:00068A98   689 0001:00068AC9   690 0001:00068ACE   691 0001:00068AD3
   692 0001:00068ADA   694 0001:00068AFD   695 0001:00068B0B   698 0001:00068B13
   699 0001:00068B2D   696 0001:00068B37   701 0001:00068B3C   708 0001:00068B68
   709 0001:00068B6E   710 0001:00068B73   711 0001:00068B78   712 0001:00068B7D
   714 0001:00068B9A   736 0001:00068BA4   737 0001:00068BC1   740 0001:00068BCA
   741 0001:00068BCD   742 0001:00068BD0   743 0001:00068BD4   744 0001:00068BD8
   745 0001:00068BDC   746 0001:00068BE3   747 0001:00068BEA   748 0001:00068BF2
   749 0001:00068BFA   750 0001:00068BFF   751 0001:00068C17   752 0001:00068C1F
   753 0001:00068C2E   754 0001:00068C33   755 0001:00068C38   756 0001:00068C50
   757 0001:00068C55   758 0001:00068C5A   759 0001:00068C62   760 0001:00068C6A
   761 0001:00068C71   762 0001:00068C7A   763 0001:00068C83   764 0001:00068C8C
   765 0001:00068C94   766 0001:00068CA1   768 0001:00068CB3   770 0001:00068CD8
   772 0001:00068CE4   773 0001:00068CE8   775 0001:00068D08   777 0001:00068D0E
   778 0001:00068D15   779 0001:00068D2A   782 0001:00068D42   784 0001:00068D58
   785 0001:00068D5F   797 0001:00068D80   799 0001:00068D91   800 0001:00068DA5
   802 0001:00068DB9   803 0001:00068DC4   805 0001:00068DD2   806 0001:00068DD9
   807 0001:00068DE2   809 0001:00068DEB   810 0001:00068DF2   811 0001:00068DFC
   814 0001:00068E04   815 0001:00068E0F   818 0001:00068E11   819 0001:00068E26
   822 0001:00068E3B   824 0001:00068E41   826 0001:00068E56   827 0001:00068E65
   828 0001:00068E79   829 0001:00068E83   831 0001:00068E92   832 0001:00068E97
   834 0001:00068E9D   835 0001:00068EA3   840 0001:00068EAB   841 0001:00068EB8
   843 0001:00068EBE   844 0001:00068EC0   818 0001:00068EC1   847 0001:00068EC8
   848 0001:00068ED0   849 0001:00068EDE   855 0001:00068EF4   856 0001:00068F0B
   861 0001:00068F0C   863 0001:00068F10   864 0001:00068F1F   866 0001:00068F29
   868 0001:00068F4E   870 0001:00068F5A   871 0001:00068F5E   873 0001:00068F7E
   875 0001:00068F86   876 0001:00068F8D   877 0001:00068F98   880 0001:00068FA9
   881 0001:00068FB0   886 0001:00068FB4   887 0001:00068FBC   889 0001:00068FBE
   890 0001:00068FCD   892 0001:00068FD3   894 0001:00068FD9   896 0001:00069001
   898 0001:00069006   899 0001:0006900D   900 0001:00069018   903 0001:00069029
   907 0001:00069032   908 0001:00069038   910 0001:0006905E   912 0001:00069065
   917 0001:0006906C   918 0001:0006906F   919 0001:00069076   920 0001:0006907F
   921 0001:00069088   923 0001:0006908C   924 0001:00069096   926 0001:000690A4
   927 0001:000690B2   965 0001:000690B4   966 0001:000690BA   968 0001:000690CA
   969 0001:000690D8   971 0001:000690E9   974 0001:000690EC   975 0001:000690F2
   977 0001:00069104   978 0001:00069112   980 0001:00069123  1003 0001:00069128
  1004 0001:00069135  1005 0001:00069138  1023 0001:0006913C  1024 0001:0006913F
  1025 0001:00069145  1027 0001:00069150  1028 0001:00069161  1030 0001:00069168
  1031 0001:0006916B  1034 0001:00069170  1035 0001:00069176  1036 0001:00069184
  1037 0001:00069196  1057 0001:0006919C  1058 0001:000691A8  1059 0001:000691B4
  1061 0001:000691BF  1062 0001:000691CD  1063 0001:000691E8  1064 0001:000691F7
  1066 0001:000691FE  1067 0001:00069208  1075 0001:00069214  1076 0001:00069222
  1077 0001:00069232  1079 0001:00069241  1080 0001:00069254  1083 0001:00069276
  1084 0001:00069289  1085 0001:0006928B  1086 0001:000692A4  1087 0001:000692B0
  1089 0001:000692BA  1090 0001:000692BF  1092 0001:000692C3  1093 0001:000692C6
  1094 0001:000692C8  1086 0001:000692CC  1096 0001:000692D1  1097 0001:000692E2
  1099 0001:000692EA  1100 0001:000692FE  1101 0001:00069300  1096 0001:00069306
  1103 0001:00069309  1105 0001:00069310  1106 0001:0006931B  1170 0001:00069328
  1171 0001:0006932D  1172 0001:00069332  1173 0001:0006933A  1174 0001:0006934F
  1175 0001:00069354  1192 0001:0006935C  1195 0001:00069362  1196 0001:00069369
  1198 0001:00069370  1199 0001:00069382  1200 0001:00069389  1203 0001:00069390
  1204 0001:00069394  1207 0001:000693BC  1208 0001:000693D2  1209 0001:000693D6
  1211 0001:000693DD  1214 0001:000693E0  1215 0001:000693E3  1217 0001:000693ED
  1218 0001:000693F2  1219 0001:000693FD  1220 0001:00069408  1222 0001:00069410
  1243 0001:00069414  1244 0001:0006941D  1245 0001:00069424  1246 0001:00069433
  1248 0001:00069437  1249 0001:00069448  1250 0001:0006944C  1252 0001:00069459
  1253 0001:0006945B  1255 0001:00069463  1258 0001:00069498  1259 0001:0006949A
  1260 0001:000694A4  1262 0001:000694B1  1263 0001:000694BC  1264 0001:000694C6
  1271 0001:000694CC  1272 0001:000694CF  1273 0001:000694D7  1274 0001:000694DD
  1275 0001:000694E2  1276 0001:000694E9  1281 0001:000694EC  1282 0001:000694EF
  1284 0001:000694F3  1285 0001:000694FB  1286 0001:00069501  1287 0001:00069506
  1291 0001:0006950F  1292 0001:00069517  1293 0001:0006951D  1295 0001:00069524
  1522 0001:00069528  1523 0001:00069536  1524 0001:00069538  1526 0001:00069545
  1527 0001:00069554  1528 0001:00069557  1530 0001:00069573  1596 0001:00069580
  1597 0001:00069598  1598 0001:000695A1  1599 0001:000695A9  1600 0001:000695B1
  1601 0001:000695B9  1602 0001:000695C1  1603 0001:000695C9  1604 0001:000695D1
  1605 0001:000695D8  1606 0001:000695E5  1608 0001:000695EC  1610 0001:000695FE
  1611 0001:00069607  1612 0001:0006960C  1614 0001:00069615  1616 0001:00069622
  1619 0001:00069635  1622 0001:00069646  1623 0001:00069652  1631 0001:00069684
  1633 0001:00069691  1634 0001:00069699  1635 0001:000696A1  1637 0001:000696AC
  1638 0001:000696B5  1640 0001:000696C0  1642 0001:000696D1  1646 0001:000696DE
  1647 0001:000696E3  1648 0001:000696E9  1650 0001:000696F0  1652 0001:000696F5
  1640 0001:000696F6  1653 0001:000696F9  1655 0001:00069704  1656 0001:0006970D
  1657 0001:00069712  1659 0001:00069717  1660 0001:00069723  1663 0001:00069734
  1664 0001:00069738  1666 0001:0006973F  1667 0001:00069743  1668 0001:0006974D
  1670 0001:00069751  1673 0001:00069754  1674 0001:00069758  1676 0001:0006975F
  1677 0001:00069763  1678 0001:0006976D  1680 0001:00069771  1685 0001:00069774
  1686 0001:00069775  1687 0001:0006977C  1688 0001:00069786  1693 0001:00069788
  1695 0001:0006978E  1696 0001:0006979C  1698 0001:000697A5  1699 0001:000697AE
  1700 0001:000697B5  1701 0001:000697BC  1703 0001:000697C3  1704 0001:000697DD
  1730 0001:000697E0  1731 0001:000697E9  1735 0001:000697F6  1736 0001:00069812
  1738 0001:0006981C  1740 0001:00069821  1742 0001:00069828  1743 0001:0006984C
  1745 0001:00069856  1746 0001:0006985D  1747 0001:00069862  1748 0001:0006987F
  1750 0001:00069897  1751 0001:000698A2  1752 0001:000698AB  1756 0001:000698D0
  1758 0001:000698EA  1759 0001:000698F8  1760 0001:0006990D  1763 0001:00069928
  1764 0001:0006992D  1766 0001:00069930  1769 0001:00069938  1770 0001:00069942
  1771 0001:0006994F  1773 0001:00069958  1775 0001:00069964  1777 0001:00069972
  1778 0001:00069981  1781 0001:00069988  1783 0001:0006999A  1784 0001:000699AC
  1785 0001:000699B8  1788 0001:000699D6  1789 0001:000699D8  1790 0001:000699DA
  1784 0001:000699DB  1791 0001:000699E0  1793 0001:000699E4  1794 0001:000699EB
  1796 0001:000699F5  1797 0001:000699FB  1798 0001:00069A0B  1800 0001:00069A0F
  1781 0001:00069A10  1803 0001:00069A15  1804 0001:00069A2A  1805 0001:00069A3E
  1808 0001:00069A7E  1809 0001:00069A8D  1810 0001:00069A9C  1811 0001:00069AA8
  1812 0001:00069AAA  1804 0001:00069AAB  1812 0001:00069AAE  1803 0001:00069AAF
  1815 0001:00069AB8  1816 0001:00069AC9  1818 0001:00069AD7  1819 0001:00069AF1
  1820 0001:00069AF5  1821 0001:00069B09  1815 0001:00069B0A  1824 0001:00069B0F
  1827 0001:00069B17  1828 0001:00069B22  1829 0001:00069B2D  1830 0001:00069B38
  1832 0001:00069B4F  1833 0001:00069B61  1834 0001:00069B73  1835 0001:00069B80
  1836 0001:00069B92  1830 0001:00069B93  1837 0001:00069B98  1839 0001:00069BAA
  1840 0001:00069BB0  1841 0001:00069BB8  1864 0001:00069BC0  1865 0001:00069BC3
  1867 0001:00069BCB  1868 0001:00069BD7  1869 0001:00069BDD  1871 0001:00069BE2
  1895 0001:00069BE8  1896 0001:00069BEB  1897 0001:00069BF7  1905 0001:00069BFC
  1906 0001:00069C04  1909 0001:00069C09  1911 0001:00069C1A  1912 0001:00069C27
  1913 0001:00069C2F  1914 0001:00069C36  1909 0001:00069C37  1915 0001:00069C3A
  1917 0001:00069C3D  1925 0001:00069C44  1926 0001:00069C4C  1929 0001:00069C54
  1931 0001:00069C65  1932 0001:00069C72  1933 0001:00069C7D  1934 0001:00069C88
  1929 0001:00069C89  1935 0001:00069C8C  1937 0001:00069C98  1945 0001:00069CA0
  1946 0001:00069CA8  1949 0001:00069CB0  1951 0001:00069CC6  1952 0001:00069CD4
  1953 0001:00069CDF  1954 0001:00069CF1  1949 0001:00069CF4  1955 0001:00069CF7
  1957 0001:00069D03  1965 0001:00069D0C  1966 0001:00069D14  1969 0001:00069D1C
  1971 0001:00069D32  1972 0001:00069D40  1973 0001:00069D4B  1974 0001:00069D5D
  1969 0001:00069D60  1975 0001:00069D63  1977 0001:00069D6F  1999 0001:00069D78
  2000 0001:00069D86  2001 0001:00069DA6  2003 0001:00069DAA  2004 0001:00069DBA
  2005 0001:00069DC0  2006 0001:00069DC6  2007 0001:00069DCC  2009 0001:00069DD3
  2122 0001:00069DE0  2123 0001:00069DE4  2124 0001:00069DE6  2125 0001:00069DEA
  2126 0001:00069DF9  2127 0001:00069E04  2134 0001:00069E0C  2135 0001:00069E15
  2136 0001:00069E17  2137 0001:00069E1E  2139 0001:00069E2F  2140 0001:00069E3E
  2142 0001:00069E42  2137 0001:00069E43  2143 0001:00069E46  2343 0001:00069E4B

Bound resource files

c:\program files (x86)\borland\bds\4.0\lib\Controls.res
UAddProfile.dfm
c:\program files (x86)\borland\bds\4.0\lib\Buttons.res
UHIDMapping.dfm
c:\program files (x86)\borland\bds\4.0\lib\ExtDlgs.res
UHIDMapper.dfm
HIDMapper.res
HIDMapper.drf


Program entry point at 0002:00000734
